 num     #instances         #bytes  class name (module)
-------------------------------------------------------
   1:          4517        6971704  [I (java.base@21.0.3)
   2:         87040        5048984  [B (java.base@21.0.3)
   3:         85568        2053632  java.lang.String (java.base@21.0.3)
   4:         10117        1230000  java.lang.Class (java.base@21.0.3)
   5:         20244        1153368  [Ljava.lang.Object; (java.base@21.0.3)
   6:         27405         876960  java.util.HashMap$Node (java.base@21.0.3)
   7:         26080         834560  java.util.concurrent.ConcurrentHashMap$Node (java.base@21.0.3)
   8:          6271         605536  [Ljava.util.HashMap$Node; (java.base@21.0.3)
   9:          6437         566456  java.lang.reflect.Method (java.base@21.0.3)
  10:           713         528008  [C (java.base@21.0.3)
  11:           436         510184  [Ljdk.internal.vm.FillerElement; (java.base@21.0.3)
  12:         11439         366048  java.util.Hashtable$Entry (java.base@21.0.3)
  13:          6735         323280  java.util.HashMap (java.base@21.0.3)
  14:         11243         269832  sun.font.TrueTypeFont$DirectoryEntry (java.desktop@21.0.3)
  15:           368         238520  [J (java.base@21.0.3)
  16:          5677         227080  java.util.LinkedHashMap$Entry (java.base@21.0.3)
  17:           520         222656  [Ljava.util.concurrent.ConcurrentHashMap$Node; (java.base@21.0.3)
  18:           611         210184  javax.swing.JPanel (java.desktop@21.0.3)
  19:          3993         191664  java.lang.invoke.MemberName (java.base@21.0.3)
  20:          3836         185672  [Ljava.security.ProtectionDomain; (java.base@21.0.3)
  21:           204         176664  [D (java.base@21.0.3)
  22:          5343         170976  java.lang.ref.WeakReference (java.base@21.0.3)
  23:          7103         170472  java.util.ArrayList (java.base@21.0.3)
  24:          3874         154960  java.security.AccessControlContext (java.base@21.0.3)
  25:          5728         150496  [Ljava.lang.Class; (java.base@21.0.3)
  26:           359         140728  javax.swing.JLabel (java.desktop@21.0.3)
  27:          2987         134920  [Ljava.lang.String; (java.base@21.0.3)
  28:          3191         127640  java.lang.ref.SoftReference (java.base@21.0.3)
  29:           252         122976  javax.swing.plaf.metal.MetalScrollButton (java.desktop@21.0.3)
  30:          7458         119328  java.lang.Object (java.base@21.0.3)
  31:          2621         104840  java.util.WeakHashMap$Entry (java.base@21.0.3)
  32:           668         101536  sun.font.TrueTypeFont (java.desktop@21.0.3)
  33:           604          99840  [Ljava.util.Hashtable$Entry; (java.base@21.0.3)
  34:          1479          94656  java.util.concurrent.ConcurrentHashMap (java.base@21.0.3)
  35:          1472          94208  java.util.LinkedHashMap (java.base@21.0.3)
  36:          5513          88208  javax.swing.event.EventListenerList (java.desktop@21.0.3)
  37:          1221          87912  java.lang.reflect.Field (java.base@21.0.3)
  38:          2096          83840  sun.util.locale.LocaleObjectCache$CacheEntry (java.base@21.0.3)
  39:          2606          83392  java.lang.invoke.LambdaForm$Name (java.base@21.0.3)
  40:          2486          79552  javax.swing.text.html.parser.ContentModel (java.desktop@21.0.3)
  41:          2439          78048  org.openide.modules.Dependency
  42:          1886          75440  java.lang.invoke.MethodType (java.base@21.0.3)
  43:          2966          71184  java.lang.invoke.ResolvedMethodName (java.base@21.0.3)
  44:          1084          69376  java.lang.Class$ReflectionData (java.base@21.0.3)
  45:           149          69136  javax.swing.JButton (java.desktop@21.0.3)
  46:           823          62504  [Ljava.lang.ref.SoftReference; (java.base@21.0.3)
  47:          1561          62440  java.lang.invoke.DirectMethodHandle (java.base@21.0.3)
  48:          1533          61320  java.util.TreeMap$Entry (java.base@21.0.3)
  49:          1890          60480  java.lang.invoke.MethodType$ConcurrentWeakInternSet$WeakEntry (java.base@21.0.3)
  50:          3754          60064  java.util.concurrent.atomic.AtomicBoolean (java.base@21.0.3)
  51:          1494          59760  java.lang.invoke.BoundMethodHandle$Species_LL (java.base@21.0.3)
  52:           668          56568  [Lsun.font.TrueTypeFont$DirectoryEntry; (java.desktop@21.0.3)
  53:          2279          54696  java.util.ImmutableCollections$List12 (java.base@21.0.3)
  54:          2208          54424  [Ljava.beans.PropertyChangeListener; (java.desktop@21.0.3)
  55:          1620          51840  java.util.Vector (java.base@21.0.3)
  56:          2101          50424  java.awt.AWTEventMulticaster (java.desktop@21.0.3)
  57:           568          49984  javax.swing.text.html.InlineView (java.desktop@21.0.3)
  58:          2077          49848  java.beans.PropertyChangeSupport (java.desktop@21.0.3)
  59:           849          47544  java.nio.DirectLongBufferU (java.base@21.0.3)
  60:          1182          47280  javax.swing.text.GapContent$MarkData (java.desktop@21.0.3)
  61:           119          44744  javax.swing.JScrollPane$ScrollBar (java.desktop@21.0.3)
  62:          1809          43416  java.lang.Long (java.base@21.0.3)
  63:          1333          42656  javax.swing.SizeRequirements (java.desktop@21.0.3)
  64:          1311          41952  sun.font.FontConfigManager$FontConfigFont (java.desktop@21.0.3)
  65:           807          41216  [Ljava.lang.reflect.Method; (java.base@21.0.3)
  66:           684          38304  java.awt.BorderLayout (java.desktop@21.0.3)
  67:           791          37968  java.util.logging.LogManager$LoggerWeakRef (java.logging@21.0.3)
  68:          1524          36576  jdk.jfr.AnnotationElement (jdk.jfr@21.0.3)
  69:          2270          36320  java.util.HashSet (java.base@21.0.3)
  70:           755          36240  java.lang.invoke.LambdaForm (java.base@21.0.3)
  71:           760          35720  [Ljava.lang.invoke.LambdaForm$Name; (java.base@21.0.3)
  72:           889          35560  javax.swing.text.html.HTMLDocument$RunElement (java.desktop@21.0.3)
  73:          1467          35208  jdk.jfr.internal.AnnotationConstruct (jdk.jfr@21.0.3)
  74:          1100          35200  java.awt.Rectangle (java.desktop@21.0.3)
  75:           370          35176  [Ljava.lang.invoke.MethodHandle; (java.base@21.0.3)
  76:          2144          34304  java.beans.PropertyChangeSupport$PropertyChangeListenerMap (java.desktop@21.0.3)
  77:          1066          34112  java.util.Locale (java.base@21.0.3)
  78:          1066          34112  sun.util.locale.BaseLocale (java.base@21.0.3)
  79:           196          34008  [Ljava.util.WeakHashMap$Entry; (java.base@21.0.3)
  80:           469          33768  java.lang.reflect.Constructor (java.base@21.0.3)
  81:           843          33720  sun.jvmstat.perfdata.monitor.PerfLongMonitor (jdk.internal.jvmstat@21.0.3)
  82:          1047          33504  sun.util.locale.BaseLocale$Key (java.base@21.0.3)
  83:           822          32880  org.openide.util.WeakListenerImpl$ListenerReference
  84:           455          32760  org.openide.filesystems.MultiFileObject
  85:          1302          31248  java.util.jar.Attributes$Name (java.base@21.0.3)
  86:           780          31200  jdk.jfr.ValueDescriptor (jdk.jfr@21.0.3)
  87:          1206          30464  [Ljavax.swing.text.AttributeSet; (java.desktop@21.0.3)
  88:           471          30144  org.netbeans.core.startup.layers.BinaryFS$BFSFile
  89:            64          29696  org.graalvm.visualvm.core.ui.components.DisplayArea$Presenter
  90:          1237          29688  javax.swing.InputMap (java.desktop@21.0.3)
  91:            80          29440  org.graalvm.visualvm.core.ui.components.DisplayArea
  92:            78          29328  javax.swing.JViewport (java.desktop@21.0.3)
  93:          1823          29168  java.lang.Integer (java.base@21.0.3)
  94:          1200          28800  javax.swing.ActionMap (java.desktop@21.0.3)
  95:            80          28800  org.graalvm.visualvm.core.ui.components.DisplayArea$OptionsContainer
  96:           256          28672  java.awt.GridBagConstraints (java.desktop@21.0.3)
  97:            80          28160  org.graalvm.visualvm.core.ui.components.DisplayArea$TabsContainer
  98:          1172          28128  java.awt.Dimension (java.desktop@21.0.3)
  99:            60          27840  org.graalvm.visualvm.core.ui.components.DisplayAreaSupport$TabButton
 100:            80          27520  org.graalvm.visualvm.core.ui.components.DisplayArea$MiddleSpacer
 101:            80          27520  org.graalvm.visualvm.core.ui.components.DisplayArea$ViewArea
 102:           566          27168  java.util.Hashtable (java.base@21.0.3)
 103:          1639          26224  javax.swing.ArrayTable (java.desktop@21.0.3)
 104:           380          24320  java.net.URL (java.base@21.0.3)
 105:          1006          24144  javax.swing.text.html.StyleSheet$SmallConversionSet (java.desktop@21.0.3)
 106:            88          23936  javax.swing.CellRendererPane (java.desktop@21.0.3)
 107:           991          23784  javax.swing.text.html.StyleSheet$ViewAttributeSet (java.desktop@21.0.3)
 108:           677          21664  java.util.logging.LogManager$LogNode (java.logging@21.0.3)
 109:           449          21552  java.lang.invoke.DirectMethodHandle$Constructor (java.base@21.0.3)
 110:           241          21208  javax.swing.text.html.BRView (java.desktop@21.0.3)
 111:            60          21120  org.graalvm.visualvm.core.ui.components.DisplayAreaSupport$TabButtonContainer
 112:           524          20960  javax.swing.DefaultButtonModel (java.desktop@21.0.3)
 113:           433          20784  sun.font.FontFamily (java.desktop@21.0.3)
 114:           648          20736  java.util.concurrent.locks.ReentrantLock$NonfairSync (java.base@21.0.3)
 115:           136          19320  [F (java.base@21.0.3)
 116:           341          19096  java.util.logging.Logger (java.logging@21.0.3)
 117:           570          18240  java.awt.Insets (java.desktop@21.0.3)
 118:           568          18176  org.openide.util.WeakListenerImpl$ProxyListener
 119:          1117          17872  java.lang.Character (java.base@21.0.3)
 120:          1090          17440  javax.swing.text.GapContent$StickyPosition (java.desktop@21.0.3)
 121:           126          17136  javax.swing.plaf.metal.MetalScrollBarUI (java.desktop@21.0.3)
 122:           711          17064  java.lang.invoke.LambdaForm$NamedFunction (java.base@21.0.3)
 123:            47          16920  org.graalvm.visualvm.modules.mbeans.OperationEntry
 124:           356          16912  [Ljavax.swing.text.View; (java.desktop@21.0.3)
 125:            51          16728  org.graalvm.visualvm.core.ui.components.DataViewComponent$CustomizedSplitPaneUI$1
 126:           188          16544  jdk.jfr.internal.PlatformEventType (jdk.jfr@21.0.3)
 127:           413          16496  [Ljavax.swing.text.AbstractDocument$AbstractElement; (java.desktop@21.0.3)
 128:           403          16120  [Ljava.util.HashSet; (java.base@21.0.3)
 129:           403          16120  jdk.jfr.internal.Control (jdk.jfr@21.0.3)
 130:           503          16096  org.openjdk.nashorn.internal.runtime.PropertyHashMap$Element
 131:           660          15840  javax.swing.plaf.basic.BasicButtonListener (java.desktop@21.0.3)
 132:           490          15680  java.lang.invoke.MethodTypeForm (java.base@21.0.3)
 133:           476          15232  javax.swing.text.StyleContext$NamedStyle (java.desktop@21.0.3)
 134:            42          15120  com.sun.jvmstat.graph.Level
 135:            32          15104  javax.swing.JTextField (java.desktop@21.0.3)
 136:            32          15104  org.openide.awt.Actions$MenuItem
 137:           203          14616  java.awt.Font (java.desktop@21.0.3)
 138:           139          14456  sun.awt.image.IntegerInterleavedRaster (java.desktop@21.0.3)
 139:           896          14336  java.util.Collections$SingletonSet (java.base@21.0.3)
 140:           354          14160  java.lang.invoke.BoundMethodHandle$Species_L (java.base@21.0.3)
 141:           294          14112  java.lang.invoke.LambdaFormEditor$Transform (java.base@21.0.3)
 142:           249          13944  java.lang.invoke.DirectMethodHandle$StaticAccessor (java.base@21.0.3)
 143:           342          13680  java.util.logging.Logger$ConfigurationData (java.logging@21.0.3)
 144:           244          13664  javax.swing.Timer (java.desktop@21.0.3)
 145:           205          13120  java.nio.DirectByteBuffer (java.base@21.0.3)
 146:            33          12936  javax.swing.JScrollPane (java.desktop@21.0.3)
 147:           403          12896  jdk.jfr.SettingDescriptor (jdk.jfr@21.0.3)
 148:           258          12384  javax.swing.text.html.HTMLDocument$BlockElement (java.desktop@21.0.3)
 149:           119          12376  javax.swing.text.ParagraphView$Row (java.desktop@21.0.3)
 150:           221          12376  org.openjdk.nashorn.internal.runtime.AccessorProperty
 151:             3          12336  [Ljava.nio.ByteBuffer; (java.base@21.0.3)
 152:            30          12240  sun.swing.table.DefaultTableCellHeaderRenderer (java.desktop@21.0.3)
 153:           182          12128  [Ljavax.swing.text.GapContent$MarkData; (java.desktop@21.0.3)
 154:           107          11984  org.netbeans.StandardModule$OneModuleClassLoader
 155:           496          11904  sun.reflect.annotation.AnnotationInvocationHandler (java.base@21.0.3)
 156:           487          11688  java.util.LinkedHashMap$LinkedKeySet (java.base@21.0.3)
 157:           730          11680  sun.font.Font2DHandle (java.desktop@21.0.3)
 158:           728          11648  javax.swing.AbstractButton$Handler (java.desktop@21.0.3)
 159:           472          11328  java.lang.Double (java.base@21.0.3)
 160:           468          11232  java.util.ImmutableCollections$ListN (java.base@21.0.3)
 161:           468          11232  java.util.concurrent.CopyOnWriteArrayList (java.base@21.0.3)
 162:           200          11200  java.lang.Module (java.base@21.0.3)
 163:           278          11120  java.lang.ref.Finalizer (java.base@21.0.3)
 164:           344          11008  java.lang.ref.ReferenceQueue (java.base@21.0.3)
 165:           341          10912  jdk.internal.math.FDBigInteger (java.base@21.0.3)
 166:            52          10816  javax.swing.plaf.basic.BasicSplitPaneUI$1 (java.desktop@21.0.3)
 167:            79          10744  java.awt.image.DirectColorModel (java.desktop@21.0.3)
 168:           668          10688  sun.font.TrueTypeFont$TTDisposerRecord (java.desktop@21.0.3)
 169:           264          10560  sun.security.util.KnownOIDs (java.base@21.0.3)
 170:           261          10440  java.security.CodeSource (java.base@21.0.3)
 171:            87          10440  javax.swing.plaf.basic.BasicTextUI$BasicCaret (java.desktop@21.0.3)
 172:           118          10384  sun.awt.image.BufImgSurfaceData (java.desktop@21.0.3)
 173:           648          10368  java.util.concurrent.locks.ReentrantLock (java.base@21.0.3)
 174:           431          10344  org.netbeans.core.startup.layers.BinaryFS$AttrImpl
 175:           323          10336  javax.swing.border.EmptyBorder (java.desktop@21.0.3)
 176:           258          10320  java.awt.FlowLayout (java.desktop@21.0.3)
 177:           427          10248  javax.management.ImmutableDescriptor (java.management@21.0.3)
 178:           183          10248  javax.swing.text.html.StyleSheet$BoxPainter (java.desktop@21.0.3)
 179:           255          10200  java.security.ProtectionDomain (java.base@21.0.3)
 180:           419          10056  org.openide.filesystems.MultiFileObject$AttributeCache
 181:            27           9936  org.graalvm.visualvm.modules.mbeans.XTextField
 182:           138           9936  org.netbeans.JarClassLoader$JarSource
 183:           128           9816  [Z (java.base@21.0.3)
 184:           403           9672  jdk.jfr.internal.EventControl$NamedControl (jdk.jfr@21.0.3)
 185:            28           9632  javax.swing.Box$Filler (java.desktop@21.0.3)
 186:           399           9576  java.util.Collections$UnmodifiableRandomAccessList (java.base@21.0.3)
 187:           199           9552  sun.java2d.loops.Blit (java.desktop@21.0.3)
 188:           296           9472  java.lang.Package (java.base@21.0.3)
 189:           388           9312  org.openide.filesystems.ListenerList
 190:           194           9312  org.openide.util.ImageUtilities$ActiveRef
 191:            88           9152  org.openide.loaders.InstanceDataObject
 192:            19           9120  javax.swing.plaf.metal.MetalComboBoxButton (java.desktop@21.0.3)
 193:            20           9096  [Lsun.font.PhysicalFont; (java.desktop@21.0.3)
 194:           283           9056  java.util.LinkedList (java.base@21.0.3)
 195:           376           9024  java.lang.module.ModuleDescriptor$Exports (java.base@21.0.3)
 196:            19           8968  javax.swing.plaf.metal.MetalComboBoxEditor$1 (java.desktop@21.0.3)
 197:           221           8840  org.openjdk.nashorn.internal.runtime.CompiledFunction
 198:           157           8792  org.openide.util.RequestProcessor$Task
 199:           366           8784  java.util.concurrent.locks.AbstractQueuedSynchronizer$ConditionObject (java.base@21.0.3)
 200:           272           8704  javax.swing.text.html.CSS$LengthValue (java.desktop@21.0.3)
 201:           541           8656  java.util.HashMap$KeySet (java.base@21.0.3)
 202:            49           8624  sun.java2d.xr.XRSurfaceData$XRPixmapSurfaceData (java.desktop@21.0.3)
 203:           107           8560  org.netbeans.StandardModuleData
 204:            19           8512  javax.swing.plaf.basic.BasicComboPopup (java.desktop@21.0.3)
 205:           118           8496  java.awt.geom.AffineTransform (java.desktop@21.0.3)
 206:           157           8304  [[I (java.base@21.0.3)
 207:           346           8304  org.graalvm.visualvm.modules.mbeans.XMBeanInfo$TableRowDivider
 208:           344           8256  java.util.LinkedHashMap$LinkedEntrySet (java.base@21.0.3)
 209:           102           8120  [S (java.base@21.0.3)
 210:           167           8016  java.util.WeakHashMap (java.base@21.0.3)
 211:            23           7912  org.graalvm.visualvm.core.ui.components.Spacer
 212:           162           7776  sun.java2d.loops.ScaledBlit (java.desktop@21.0.3)
 213:            19           7752  javax.swing.plaf.basic.BasicComboPopup$1 (java.desktop@21.0.3)
 214:           479           7664  javax.swing.event.ChangeEvent (java.desktop@21.0.3)
 215:           318           7632  java.util.Collections$SynchronizedSet (java.base@21.0.3)
 216:           135           7560  org.openjdk.nashorn.internal.runtime.ScriptFunction
 217:           234           7488  jdk.internal.reflect.MethodHandleIntegerFieldAccessorImpl (java.base@21.0.3)
 218:           117           7488  org.netbeans.StandardModule
 219:            19           7448  javax.swing.plaf.basic.BasicComboBoxRenderer$UIResource (java.desktop@21.0.3)
 220:            15           7440  org.graalvm.visualvm.uisupport.HTMLTextArea
 221:           102           7344  org.openide.util.RequestProcessor$FastItem
 222:           303           7336  [Ljavax.swing.SizeRequirements; (java.desktop@21.0.3)
 223:           304           7296  java.util.ImmutableCollections$Set12 (java.base@21.0.3)
 224:           455           7280  org.openide.filesystems.$Proxy2
 225:           303           7272  javax.swing.text.html.CSS$FontWeight (java.desktop@21.0.3)
 226:            20           7200  com.sun.jvmstat.graph.Line
 227:           179           7160  javax.swing.DefaultBoundedRangeModel (java.desktop@21.0.3)
 228:           294           7056  java.util.LinkedList$Node (java.base@21.0.3)
 229:            18           7056  org.graalvm.visualvm.charts.xy.SimpleXYChartUtils$11
 230:           293           6992  [Ljava.lang.reflect.Constructor; (java.base@21.0.3)
 231:           144           6912  jdk.internal.ref.CleanerImpl$PhantomCleanableRef (java.base@21.0.3)
 232:             9           6912  org.graalvm.visualvm.charts.xy.SimpleXYChartUtils$1
 233:            18           6912  org.graalvm.visualvm.charts.xy.XYAxisComponent
 234:           117           6848  [Lorg.openide.modules.Dependency;
 235:           142           6816  java.awt.image.SinglePixelPackedSampleModel (java.desktop@21.0.3)
 236:           170           6800  sun.font.XRGlyphCacheEntry (java.desktop@21.0.3)
 237:            16           6784  org.graalvm.visualvm.core.ui.components.DataViewComponent$2
 238:            16           6784  org.graalvm.visualvm.core.ui.components.DataViewComponent$3
 239:           141           6768  java.lang.invoke.DirectMethodHandle$Accessor (java.base@21.0.3)
 240:           139           6672  java.awt.image.DataBufferInt (java.desktop@21.0.3)
 241:            17           6664  org.graalvm.visualvm.core.ui.components.ScrollableContainer
 242:            16           6656  org.graalvm.visualvm.core.ui.components.DataViewComponent$4
 243:           166           6640  javax.swing.text.html.parser.AttributeList (java.desktop@21.0.3)
 244:            48           6528  javax.swing.text.html.ParagraphView (java.desktop@21.0.3)
 245:            51           6528  org.graalvm.visualvm.core.ui.components.DataViewComponent$CustomizedSplitPaneUI
 246:           163           6520  javax.swing.BoxLayout (java.desktop@21.0.3)
 247:           405           6480  java.lang.Short (java.base@21.0.3)
 248:           269           6456  jdk.internal.reflect.DirectConstructorHandleAccessor (java.base@21.0.3)
 249:            19           6448  [Lorg.openjdk.nashorn.internal.runtime.PropertyHashMap$Element;
 250:           265           6360  org.netbeans.Module$PackageExport
 251:            88           6352  [Ljava.lang.reflect.Field; (java.base@21.0.3)
 252:           196           6272  java.io.File (java.base@21.0.3)
 253:            16           6272  org.graalvm.visualvm.core.ui.DataSourceCaption$6
 254:            16           6272  org.graalvm.visualvm.core.ui.DataSourceCaption$7
 255:           195           6240  java.lang.ref.PhantomReference (java.base@21.0.3)
 256:            16           6144  org.graalvm.visualvm.core.ui.DataSourceCaption
 257:            16           6144  org.graalvm.visualvm.core.ui.components.DataViewComponent
 258:           255           6120  javax.swing.text.html.parser.Entity (java.desktop@21.0.3)
 259:           254           6096  org.openide.util.WeakListenerImpl$PropertyChange
 260:           126           6048  org.netbeans.core.startup.layers.BinaryFS$BFSFolder
 261:           151           6040  sun.jvmstat.perfdata.monitor.PerfStringConstantMonitor (jdk.internal.jvmstat@21.0.3)
 262:           188           6016  jdk.jfr.internal.EventControl (jdk.jfr@21.0.3)
 263:           188           6016  jdk.jfr.internal.settings.EnabledSetting (jdk.jfr@21.0.3)
 264:           125           6000  java.util.TreeMap (java.base@21.0.3)
 265:           107           5992  org.openide.util.ImageUtilities$ToolTipImage
 266:            17           5984  org.graalvm.visualvm.core.ui.components.ScrollableContainer$ScrollableContents
 267:           249           5976  sun.awt.X11.XKeysym$Keysym2JavaKeycode (java.desktop@21.0.3)
 268:            13           5928  javax.swing.JTable (java.desktop@21.0.3)
 269:           185           5920  java.awt.Color (java.desktop@21.0.3)
 270:           146           5840  javax.swing.text.AbstractDocument$LeafElement (java.desktop@21.0.3)
 271:           243           5832  jdk.jfr.internal.settings.BooleanValue (jdk.jfr@21.0.3)
 272:           145           5800  org.openjdk.nashorn.internal.runtime.FinalScriptFunctionData
 273:            16           5760  org.graalvm.visualvm.core.ui.DataSourceWindowTabbedPane$ViewContainer
 274:            15           5640  javax.swing.table.JTableHeader (java.desktop@21.0.3)
 275:            16           5632  org.graalvm.visualvm.core.ui.DataSourceCaption$10
 276:            16           5632  org.graalvm.visualvm.uisupport.ProfilerTabbedPane$TabCaption
 277:           176           5632  org.openide.loaders.DataObjectPool$ItemReference
 278:           117           5616  java.lang.invoke.BoundMethodHandle$Species_LLL (java.base@21.0.3)
 279:            70           5600  java.net.URI (java.base@21.0.3)
 280:           116           5568  java.lang.invoke.MethodHandleImpl$AsVarargsCollector (java.base@21.0.3)
 281:           116           5568  javax.swing.ImageIcon (java.desktop@21.0.3)
 282:           174           5568  jdk.internal.reflect.DirectMethodHandleAccessor (java.base@21.0.3)
 283:           171           5472  sun.java2d.DefaultDisposerRecord (java.desktop@21.0.3)
 284:            12           5448  [Lsun.font.FontConfigManager$FontConfigFont; (java.desktop@21.0.3)
 285:            85           5440  org.openide.loaders.InstanceDataObject$Ser
 286:           337           5392  javax.swing.text.SimpleAttributeSet (java.desktop@21.0.3)
 287:           168           5376  java.awt.datatransfer.DataFlavor (java.datatransfer@21.0.3)
 288:            14           5376  javax.swing.JPopupMenu (java.desktop@21.0.3)
 289:           162           5184  sun.awt.X11.XAtom (java.desktop@21.0.3)
 290:           129           5160  javax.swing.plaf.metal.MetalBumps (java.desktop@21.0.3)
 291:           215           5160  javax.swing.text.html.StyleSheet$ResolvedStyle (java.desktop@21.0.3)
 292:            91           5096  javax.swing.TransferHandler$SwingDropTarget (java.desktop@21.0.3)
 293:           159           5088  com.sun.jmx.mbeanserver.ConvertingMethod (java.management@21.0.3)
 294:           106           5088  org.openide.util.lookup.AbstractLookup$ReferenceToResult
 295:            11           5040  [Lsun.font.PhysicalStrike; (java.desktop@21.0.3)
 296:            11           5016  javax.swing.JTextArea (java.desktop@21.0.3)
 297:           125           5000  javax.swing.JToggleButton$ToggleButtonModel (java.desktop@21.0.3)
 298:            89           4984  java.util.Properties (java.base@21.0.3)
 299:           207           4968  sun.java2d.StateTrackableDelegate (java.desktop@21.0.3)
 300:            12           4800  org.graalvm.visualvm.modules.tracer.impl.swing.HeaderPanel$2
 301:           147           4704  java.lang.module.ModuleDescriptor$Requires (java.base@21.0.3)
 302:            72           4608  java.lang.module.ModuleDescriptor (java.base@21.0.3)
 303:            64           4608  javax.swing.text.PlainDocument (java.desktop@21.0.3)
 304:            96           4608  jdk.jfr.internal.Type (jdk.jfr@21.0.3)
 305:            13           4576  javax.swing.JPopupMenu$Separator (java.desktop@21.0.3)
 306:            13           4576  javax.swing.JSeparator (java.desktop@21.0.3)
 307:           190           4560  jdk.internal.module.ServicesCatalog$ServiceProvider (java.base@21.0.3)
 308:            57           4560  org.openide.loaders.DataShadow
 309:           189           4536  org.netbeans.JarClassLoader$JarURLStreamHandler
 310:           188           4512  jdk.jfr.EventType (jdk.jfr@21.0.3)
 311:            12           4512  org.graalvm.visualvm.modules.tracer.impl.swing.HeaderPanel$Header
 312:            70           4480  javax.swing.plaf.metal.MetalScrollPaneUI (java.desktop@21.0.3)
 313:           111           4440  java.io.ObjectStreamField (java.base@21.0.3)
 314:            12           4416  org.netbeans.core.windows.view.ui.toolbars.ToolbarContainer
 315:            91           4368  javax.swing.text.AbstractDocument$BidiRootElement (java.desktop@21.0.3)
 316:            68           4352  org.openide.util.TimedSoftReference
 317:            90           4320  sun.java2d.loops.MaskBlit (java.desktop@21.0.3)
 318:           107           4280  org.openide.util.lookup.ProxyLookup$WeakRef
 319:            53           4240  javax.swing.text.FieldView (java.desktop@21.0.3)
 320:            88           4224  javax.swing.text.html.parser.Element (java.desktop@21.0.3)
 321:           176           4224  org.openide.loaders.DataObjectPool$Item
 322:            18           4168  [[J (java.base@21.0.3)
 323:           172           4128  java.util.ImmutableCollections$SetN (java.base@21.0.3)
 324:           128           4096  com.sun.org.apache.xerces.internal.xni.QName (java.xml@21.0.3)
 325:           256           4096  java.lang.Byte (java.base@21.0.3)
 326:           255           4080  [Ljava.security.Principal; (java.base@21.0.3)
 327:           255           4080  java.security.ProtectionDomain$Key (java.base@21.0.3)
 328:            85           4080  sun.net.www.MimeEntry (java.base@21.0.3)
 329:           168           4032  java.awt.datatransfer.MimeType (java.datatransfer@21.0.3)
 330:           168           4032  javax.swing.KeyStroke (java.desktop@21.0.3)
 331:           126           4032  javax.swing.plaf.basic.BasicScrollBarUI$TrackListener (java.desktop@21.0.3)
 332:           126           4032  jdk.internal.loader.NativeLibraries (java.base@21.0.3)
 333:            63           4032  org.openjdk.nashorn.internal.runtime.PropertyMap
 334:           248           3968  java.util.Collections$UnmodifiableSet (java.base@21.0.3)
 335:            70           3920  javax.swing.ScrollPaneLayout$UIResource (java.desktop@21.0.3)
 336:           163           3912  java.util.LinkedHashMap$LinkedValues (java.base@21.0.3)
 337:           244           3904  javax.swing.Timer$DoPostEvent (java.desktop@21.0.3)
 338:           119           3808  java.util.Collections$SynchronizedMap (java.base@21.0.3)
 339:             8           3776  org.graalvm.visualvm.modules.appui.welcome.WebLink
 340:             8           3776  org.openide.awt.Toolbar$DefaultIconButton
 341:            27           3768  [Ljava.lang.ClassValue$Entry; (java.base@21.0.3)
 342:           117           3744  org.netbeans.core.startup.ModuleList$DiskStatus
 343:            93           3720  com.sun.management.internal.DiagnosticCommandArgumentInfo (jdk.management@21.0.3)
 344:           116           3712  java.lang.ThreadLocal$ThreadLocalMap$Entry (java.base@21.0.3)
 345:            58           3712  javax.swing.DefaultListSelectionModel (java.desktop@21.0.3)
 346:           154           3696  org.openide.loaders.FileEntry
 347:            76           3648  org.graalvm.visualvm.lib.charts.swing.LongRect
 348:            91           3640  javax.swing.plaf.basic.BasicTextUI$RootView (java.desktop@21.0.3)
 349:            91           3640  javax.swing.text.AbstractDocument$BidiElement (java.desktop@21.0.3)
 350:            91           3640  javax.swing.text.GapContent (java.desktop@21.0.3)
 351:            41           3608  sun.font.Type1Font (java.desktop@21.0.3)
 352:            10           3600  com.sun.jvmstat.tools.visualgc.GCSpacePanel
 353:            90           3600  java.math.BigInteger (java.base@21.0.3)
 354:           112           3584  [Ljava.util.Set; (java.base@21.0.3)
 355:             7           3584  org.openide.awt.MenuBar$LazyMenu
 356:             9           3528  javax.swing.JComboBox (java.desktop@21.0.3)
 357:             9           3528  org.graalvm.visualvm.charts.xy.XYSelectionOverlay
 358:             9           3528  org.graalvm.visualvm.lib.charts.axis.TimeMarksPainter
 359:            55           3520  java.security.Provider$Service (java.base@21.0.3)
 360:            29           3480  java.lang.Thread (java.base@21.0.3)
 361:           217           3472  java.util.LinkedHashSet (java.base@21.0.3)
 362:            62           3472  jdk.internal.module.ModuleReferenceImpl (java.base@21.0.3)
 363:            48           3456  java.util.ResourceBundle$CacheKey (java.base@21.0.3)
 364:            27           3456  javax.swing.text.html.HTMLEditorKit$HTMLFactory$BodyBlockView (java.desktop@21.0.3)
 365:            86           3440  javax.management.MBeanOperationInfo (java.management@21.0.3)
 366:           107           3424  org.openide.util.lookup.ProxyLookup$R
 367:            25           3400  sun.nio.fs.UnixFileAttributes (java.base@21.0.3)
 368:           170           3392  [Lcom.sun.jmx.mbeanserver.MXBeanMapping; (java.management@21.0.3)
 369:           106           3392  javax.swing.plaf.basic.BasicButtonUI$SelectNextBtn (java.desktop@21.0.3)
 370:           106           3392  javax.swing.plaf.basic.BasicButtonUI$SelectPreviousBtn (java.desktop@21.0.3)
 371:            30           3360  javax.swing.text.html.TableView$CellView (java.desktop@21.0.3)
 372:             2           3312  [Lsun.java2d.loops.GraphicsPrimitive; (java.desktop@21.0.3)
 373:             9           3312  org.graalvm.visualvm.charts.xy.XYTooltipOverlay
 374:           115           3304  [Lorg.openide.util.Lookup$Result;
 375:             7           3304  javax.swing.JCheckBoxMenuItem (java.desktop@21.0.3)
 376:             7           3304  org.graalvm.visualvm.profiling.presets.PresetSelector$4
 377:           103           3296  sun.java2d.xr.DirtyRegion (java.desktop@21.0.3)
 378:           204           3264  java.util.HashMap$EntrySet (java.base@21.0.3)
 379:            68           3264  org.openide.util.NbBundle$PBundle
 380:            58           3248  java.lang.invoke.BoundMethodHandle$Species_LLLLL (java.base@21.0.3)
 381:           135           3240  java.security.Provider$ServiceKey (java.base@21.0.3)
 382:             9           3240  org.graalvm.visualvm.charts.xy.XYTooltipPainter
 383:            50           3200  org.openjdk.nashorn.internal.runtime.options.OptionTemplate
 384:            79           3160  java.awt.BasicStroke (java.desktop@21.0.3)
 385:            49           3136  javax.management.openmbean.OpenMBeanAttributeInfoSupport (java.management@21.0.3)
 386:           130           3120  java.time.LocalDateTime (java.base@21.0.3)
 387:             9           3096  org.graalvm.visualvm.charts.xy.SimpleXYChartUtils$7
 388:           128           3072  java.lang.Class$AnnotationData (java.base@21.0.3)
 389:            96           3072  java.util.ResourceBundle$KeyElementReference (java.base@21.0.3)
 390:            57           3032  [Ljavax.management.MBeanAttributeInfo; (java.management@21.0.3)
 391:           126           3024  javax.swing.plaf.basic.BasicScrollBarUI$ArrowButtonListener (java.desktop@21.0.3)
 392:           126           3024  javax.swing.plaf.basic.BasicScrollBarUI$ScrollListener (java.desktop@21.0.3)
 393:           126           3024  javax.swing.plaf.metal.MetalScrollBarUI$ScrollBarListener (java.desktop@21.0.3)
 394:            27           3024  javax.swing.text.html.BlockView (java.desktop@21.0.3)
 395:            42           3024  org.openide.util.RequestProcessor$CreatedItem
 396:           183           2928  javax.swing.text.html.CSSBorder (java.desktop@21.0.3)
 397:            73           2920  javax.swing.text.WrappedPlainView$WrappedLine (java.desktop@21.0.3)
 398:            91           2912  javax.swing.plaf.basic.BasicTextUI$BasicHighlighter (java.desktop@21.0.3)
 399:            91           2912  javax.swing.plaf.basic.BasicTextUI$FocusAction (java.desktop@21.0.3)
 400:            91           2912  javax.swing.text.DefaultHighlighter$SafeDamager (java.desktop@21.0.3)
 401:            91           2912  javax.swing.text.GapContent$MarkVector (java.desktop@21.0.3)
 402:            91           2912  javax.swing.text.JTextComponent$MutableCaretEvent (java.desktop@21.0.3)
 403:            92           2896  [Ljava.util.Collection; (java.base@21.0.3)
 404:            60           2880  org.graalvm.visualvm.core.ui.components.DisplayAreaSupport$TabButton$1
 405:           119           2856  java.util.jar.Manifest (java.base@21.0.3)
 406:            51           2856  sun.java2d.xr.XRRenderer$XRDrawHandler (java.desktop@21.0.3)
 407:            71           2840  javax.swing.border.TitledBorder (java.desktop@21.0.3)
 408:             6           2832  org.graalvm.visualvm.lib.ui.components.HTMLTextArea
 409:             6           2832  org.graalvm.visualvm.modules.tracer.impl.swing.HeaderButton$1
 410:           118           2832  sun.awt.image.BufImgSurfaceManager (java.desktop@21.0.3)
 411:             8           2816  com.sun.jvmstat.tools.visualgc.VisualGCView$HistogramViewSupport$ValuePanel
 412:             8           2816  javax.swing.JLayeredPane (java.desktop@21.0.3)
 413:             8           2816  org.graalvm.visualvm.modules.tracer.impl.swing.SimpleSeparator
 414:           117           2808  org.netbeans.core.startup.ModuleHistory
 415:            35           2800  javax.swing.plaf.basic.BasicMenuItemUI (java.desktop@21.0.3)
 416:            25           2800  javax.swing.text.html.HTMLEditorKit$HTMLFactory$1 (java.desktop@21.0.3)
 417:            87           2784  javax.swing.text.html.CSS$FontSize (java.desktop@21.0.3)
 418:            49           2744  java.io.FileCleanable (java.base@21.0.3)
 419:            57           2736  javax.management.MBeanInfo (java.management@21.0.3)
 420:           114           2736  javax.swing.plaf.InputMapUIResource (java.desktop@21.0.3)
 421:           171           2736  sun.java2d.xr.MutableInteger (java.desktop@21.0.3)
 422:            68           2720  org.openide.util.NbCollections$CheckedMap
 423:           110           2696  [Lorg.netbeans.JarClassLoader$Source;
 424:           168           2688  java.awt.datatransfer.MimeTypeParameterList (java.datatransfer@21.0.3)
 425:            26           2680  [[Ljava.lang.String; (java.base@21.0.3)
 426:            85           2640  [Lorg.netbeans.Module$PackageExport;
 427:           110           2640  org.netbeans.ProxyClassParents
 428:             7           2632  org.graalvm.visualvm.profiling.presets.PresetSelector
 429:            82           2624  java.awt.CardLayout (java.desktop@21.0.3)
 430:            25           2600  java.util.jar.JarFile$JarFileEntry (java.base@21.0.3)
 431:            27           2592  javax.swing.text.html.HTMLDocument (java.desktop@21.0.3)
 432:            81           2592  jdk.jfr.internal.settings.PeriodSetting (jdk.jfr@21.0.3)
 433:             7           2576  javax.swing.JRootPane (java.desktop@21.0.3)
 434:           107           2568  org.openide.util.lookup.ProxyLookup$WeakResult
 435:            64           2560  javax.swing.text.AbstractDocument$BranchElement (java.desktop@21.0.3)
 436:           106           2544  org.openide.util.lookup.AbstractLookup$R
 437:           104           2520  [[C (java.base@21.0.3)
 438:            62           2480  com.sun.jvmstat.graph.GridDrawer
 439:            77           2464  jdk.jfr.internal.settings.ThresholdSetting (jdk.jfr@21.0.3)
 440:           102           2448  org.graalvm.visualvm.core.ui.components.JExtendedSplitPane$VisibilityListener
 441:            51           2448  sun.java2d.xr.XRDrawLine (java.desktop@21.0.3)
 442:            38           2432  java.awt.GridBagLayoutInfo (java.desktop@21.0.3)
 443:            19           2432  javax.swing.plaf.metal.MetalToolBarUI (java.desktop@21.0.3)
 444:            17           2400  [Lorg.openide.util.WeakSet$SharedKeyWeakHashMap$Entry;
 445:            50           2400  jdk.jfr.internal.periodic.JVMEventTask (jdk.jfr@21.0.3)
 446:            60           2400  org.openide.loaders.DataShadow$DSWeakReference
 447:            33           2376  org.netbeans.core.startup.preferences.NbPreferences$UserPreferences
 448:            99           2376  org.openide.loaders.FolderInstance$HoldInstance
 449:            37           2368  javax.swing.UIDefaults (java.desktop@21.0.3)
 450:           148           2368  jdk.proxy1.$Proxy19 (jdk.proxy1)
 451:             5           2360  org.netbeans.swing.tabcontrol.plaf.TabControlButtonFactory$CloseButton
 452:             5           2360  org.netbeans.swing.tabcontrol.plaf.TabControlButtonFactory$SlideGroupButton
 453:             5           2360  org.netbeans.swing.tabcontrol.plaf.TabControlButtonFactory$SlidePinButton
 454:            48           2304  javax.swing.text.FlowView$LogicalView (java.desktop@21.0.3)
 455:             6           2304  org.netbeans.swing.tabcontrol.TabDisplayer
 456:            95           2280  java.awt.dnd.DropTargetContext (java.desktop@21.0.3)
 457:            19           2280  javax.swing.plaf.metal.MetalComboBoxUI (java.desktop@21.0.3)
 458:            95           2280  javax.swing.text.html.StyleSheet$SelectorMapping (java.desktop@21.0.3)
 459:             5           2256  [Lsun.font.CharToGlyphMapper; (java.desktop@21.0.3)
 460:            47           2256  com.sun.management.internal.DiagnosticCommandInfo (jdk.management@21.0.3)
 461:            47           2256  java.awt.GridBagLayout (java.desktop@21.0.3)
 462:            94           2256  java.lang.RuntimePermission (java.base@21.0.3)
 463:            94           2256  java.util.BitSet (java.base@21.0.3)
 464:            94           2256  javax.swing.plaf.ActionMapUIResource (java.desktop@21.0.3)
 465:            47           2256  sun.java2d.loops.MaskFill (java.desktop@21.0.3)
 466:            56           2240  java.lang.WeakPairMap$Pair$Weak (java.base@21.0.3)
 467:            70           2240  sun.java2d.loops.SurfaceType (java.desktop@21.0.3)
 468:            92           2208  jdk.internal.loader.AbstractClassLoaderValue$Sub (java.base@21.0.3)
 469:            55           2200  java.io.FileDescriptor (java.base@21.0.3)
 470:            91           2184  javax.swing.plaf.basic.BasicTextUI$UpdateHandler (java.desktop@21.0.3)
 471:            91           2184  javax.swing.text.JTextComponent$KeymapActionMap (java.desktop@21.0.3)
 472:            91           2184  javax.swing.text.JTextComponent$KeymapWrapper (java.desktop@21.0.3)
 473:            68           2176  com.sun.jna.platform.unix.X11$Atom
 474:            68           2176  java.lang.invoke.LambdaForm$Kind (java.base@21.0.3)
 475:            68           2176  javax.management.MBeanAttributeInfo (java.management@21.0.3)
 476:            15           2160  java.text.DecimalFormat (java.base@21.0.3)
 477:            18           2160  org.graalvm.visualvm.charts.xy.XYStorage$1
 478:             6           2160  org.graalvm.visualvm.uisupport.TransparentToolBar$4
 479:            45           2160  org.openide.util.RequestProcessor
 480:           134           2144  org.openide.modules.SpecificationVersion
 481:            53           2120  org.openjdk.nashorn.internal.runtime.PropertyHashMap
 482:             6           2112  org.graalvm.visualvm.uisupport.TransparentToolBar
 483:            44           2112  sun.java2d.xr.XRSurfaceDataProxy (java.desktop@21.0.3)
 484:            87           2088  java.lang.invoke.Invokers (java.base@21.0.3)
 485:            52           2080  javax.swing.plaf.basic.BasicSplitPaneUI$BasicHorizontalLayoutManager (java.desktop@21.0.3)
 486:             1           2064  [Lorg.openjdk.nashorn.internal.runtime.SpillProperty$Accessors;
 487:            43           2064  java.lang.invoke.BoundMethodHandle$Species_LLJ (java.base@21.0.3)
 488:            64           2048  javax.swing.plaf.basic.BasicTextUI$TextActionWrapper (java.desktop@21.0.3)
 489:            51           2040  javax.swing.plaf.metal.MetalTextFieldUI (java.desktop@21.0.3)
 490:            17           2040  javax.swing.text.html.TableView$RowView (java.desktop@21.0.3)
 491:            14           2016  [Ljava.lang.invoke.MemberName; (java.base@21.0.3)
 492:            84           2016  java.lang.ProcessEnvironment$Value (java.base@21.0.3)
 493:            84           2016  java.lang.ProcessEnvironment$Variable (java.base@21.0.3)
 494:           126           2016  javax.swing.JScrollBar$ModelListener (java.desktop@21.0.3)
 495:           126           2016  javax.swing.plaf.basic.BasicScrollBarUI$Handler (java.desktop@21.0.3)
 496:           126           2016  javax.swing.plaf.basic.BasicScrollBarUI$ModelListener (java.desktop@21.0.3)
 497:            28           2016  javax.swing.text.html.StyleSheet (java.desktop@21.0.3)
 498:            25           2000  java.util.zip.ZipFile$Source (java.base@21.0.3)
 499:            82           1968  org.openide.util.lookup.MetaInfServicesLookup$Item
 500:            49           1960  java.lang.Thread$FieldHolder (java.base@21.0.3)
 501:            49           1960  java.lang.invoke.BoundMethodHandle$Species_LI (java.base@21.0.3)
 502:            61           1952  java.awt.GridLayout (java.desktop@21.0.3)
 503:            61           1952  jdk.internal.loader.BuiltinClassLoader$LoadedModule (java.base@21.0.3)
 504:            22           1936  java.util.regex.Pattern (java.base@21.0.3)
 505:            48           1920  java.util.ResourceBundle$BundleReference (java.base@21.0.3)
 506:           120           1920  java.util.jar.Attributes (java.base@21.0.3)
 507:            80           1920  javax.swing.border.LineBorder (java.desktop@21.0.3)
 508:             4           1920  javax.swing.plaf.basic.BasicArrowButton (java.desktop@21.0.3)
 509:            60           1920  org.graalvm.visualvm.core.ui.components.DisplayArea$Tab
 510:            20           1920  sun.font.CompositeFont (java.desktop@21.0.3)
 511:            28           1904  [Ljava.lang.Integer; (java.base@21.0.3)
 512:            79           1896  java.util.Currency$OtherCurrencyEntry (java.base@21.0.3)
 513:            79           1888  [Ljavax.management.ObjectName$Property; (java.management@21.0.3)
 514:             4           1888  org.graalvm.visualvm.lib.ui.components.HTMLTextAreaSearchUtils$SearchPanel$1
 515:             4           1888  org.graalvm.visualvm.lib.ui.components.HTMLTextAreaSearchUtils$SearchPanel$2
 516:             4           1888  org.graalvm.visualvm.lib.ui.components.HTMLTextAreaSearchUtils$SearchPanel$3
 517:             4           1888  org.graalvm.visualvm.lib.ui.components.HTMLTextAreaSearchUtils$SearchPanel$4
 518:             4           1888  org.graalvm.visualvm.modules.tracer.impl.swing.DropdownButton
 519:             4           1888  org.openide.awt.ToolbarWithOverflow$4
 520:             4           1856  org.graalvm.visualvm.profiler.ApplicationProfilerView$OneWayToggleButton
 521:             4           1856  org.graalvm.visualvm.sampler.SamplerImpl$OneWayToggleButton
 522:            77           1848  javax.swing.text.html.HTML$Tag (java.desktop@21.0.3)
 523:            33           1848  org.openide.util.ImageUtilities$IconImageIcon
 524:            46           1840  java.io.RandomAccessFile (java.base@21.0.3)
 525:            17           1824  [[B (java.base@21.0.3)
 526:            19           1824  javax.swing.plaf.basic.BasicListUI (java.desktop@21.0.3)
 527:             5           1800  org.graalvm.visualvm.lib.ui.swing.GenericToolbar$1
 528:             5           1800  org.graalvm.visualvm.lib.ui.swing.InvisibleToolbar
 529:            56           1792  java.lang.WeakPairMap$Pair$Weak$1 (java.base@21.0.3)
 530:             4           1792  org.graalvm.visualvm.modules.tracer.impl.swing.LabelRenderer
 531:             5           1760  javax.swing.JToolBar$Separator (java.desktop@21.0.3)
 532:            55           1760  jdk.jfr.internal.settings.StackTraceSetting (jdk.jfr@21.0.3)
 533:            55           1760  org.netbeans.spi.sendopts.Option
 534:            44           1760  org.openjdk.nashorn.internal.codegen.CompilerConstants
 535:            54           1728  javax.swing.text.DefaultStyledDocument$AbstractChangeHandler$DocReference (java.desktop@21.0.3)
 536:            27           1728  javax.swing.text.DefaultStyledDocument$ElementBuffer (java.desktop@21.0.3)
 537:            27           1728  javax.swing.text.html.HTMLEditorKit (java.desktop@21.0.3)
 538:            18           1728  sun.awt.image.ImageRepresentation (java.desktop@21.0.3)
 539:            53           1680  [Ljava.awt.Component; (java.desktop@21.0.3)
 540:            12           1664  [Ljava.lang.ThreadLocal$ThreadLocalMap$Entry; (java.base@21.0.3)
 541:            26           1664  java.lang.ClassValue$ClassValueMap (java.base@21.0.3)
 542:            69           1656  java.time.LocalDate (java.base@21.0.3)
 543:            69           1656  javax.swing.text.StyleContext$FontKey (java.desktop@21.0.3)
 544:            41           1640  javax.swing.plaf.basic.BasicTableUI$Actions (java.desktop@21.0.3)
 545:            68           1632  java.security.Provider$UString (java.base@21.0.3)
 546:            34           1632  org.graalvm.visualvm.lib.jfluid.results.threads.ThreadData
 547:             4           1632  org.openide.awt.Toolbar
 548:            51           1632  sun.java2d.xr.XRRenderer (java.desktop@21.0.3)
 549:            67           1608  javax.swing.text.html.CSS$Attribute (java.desktop@21.0.3)
 550:             4           1600  org.graalvm.visualvm.charts.xy.XYDecimalMarksPainter
 551:            40           1600  org.openide.util.lookup.InheritanceTree$Node
 552:            22           1584  org.openide.loaders.DataFolder
 553:            66           1584  org.openjdk.nashorn.internal.runtime.Specialization
 554:            99           1584  sun.util.logging.internal.LoggingProviderImpl$JULWrapper (java.logging@21.0.3)
 555:            65           1576  [Ljavax.management.MBeanParameterInfo; (java.management@21.0.3)
 556:             4           1568  org.graalvm.visualvm.lib.charts.axis.BytesMarksPainter
 557:             4           1568  org.graalvm.visualvm.lib.ui.swing.EditableHistoryCombo
 558:             4           1568  org.graalvm.visualvm.lib.ui.swing.GrayLabel
 559:            47           1560  [Ljavax.management.MBeanOperationInfo; (java.management@21.0.3)
 560:            13           1560  sun.awt.image.ByteInterleavedRaster (java.desktop@21.0.3)
 561:             2           1552  org.graalvm.visualvm.modules.tracer.impl.timeline.TimelineChart
 562:            64           1536  java.awt.CardLayout$Card (java.desktop@21.0.3)
 563:            48           1536  java.lang.ClassValue$Entry (java.base@21.0.3)
 564:            16           1536  javax.swing.JTabbedPane$Page (java.desktop@21.0.3)
 565:            64           1536  org.graalvm.visualvm.core.ui.components.DisplayArea$3
 566:            64           1536  org.graalvm.visualvm.core.ui.components.DisplayArea$4
 567:             4           1536  org.netbeans.core.windows.view.ui.slides.SlideBar
 568:             4           1536  org.openide.awt.ToolbarWithOverflow$SafePopupMenu
 569:            48           1536  org.openide.util.SharedClassObject$DataEntry
 570:            95           1520  java.lang.ThreadLocal (java.base@21.0.3)
 571:            95           1520  java.util.HashMap$Values (java.base@21.0.3)
 572:            38           1520  org.graalvm.visualvm.core.model.ModelCache$ModelReference
 573:            63           1512  javax.swing.event.SwingPropertyChangeSupport (java.desktop@21.0.3)
 574:            63           1512  sun.reflect.generics.tree.SimpleClassTypeSignature (java.base@21.0.3)
 575:            47           1504  com.sun.management.internal.DiagnosticCommandImpl$Wrapper (jdk.management@21.0.3)
 576:             4           1504  org.graalvm.visualvm.lib.ui.components.HTMLTextAreaSearchUtils$1
 577:            62           1488  java.lang.module.ModuleDescriptor$Provides (java.base@21.0.3)
 578:            62           1488  java.lang.module.ResolvedModule (java.base@21.0.3)
 579:            62           1488  java.util.Arrays$ArrayList (java.base@21.0.3)
 580:            62           1488  javax.management.ObjectName$Property (java.management@21.0.3)
 581:            62           1488  jdk.internal.module.SystemModuleFinders$2 (java.base@21.0.3)
 582:            62           1488  jdk.internal.module.SystemModuleFinders$SystemModuleReader (java.base@21.0.3)
 583:            93           1488  org.openide.util.lookup.LookupListenerList
 584:            23           1472  javax.swing.table.TableColumn (java.desktop@21.0.3)
 585:             4           1472  org.graalvm.visualvm.modules.tracer.impl.swing.ScrollBar
 586:            91           1456  javax.swing.text.DefaultCaret$Handler (java.desktop@21.0.3)
 587:            30           1440  java.time.temporal.ChronoField (java.base@21.0.3)
 588:            30           1440  java.time.temporal.ValueRange (java.base@21.0.3)
 589:            45           1440  java.util.Stack (java.base@21.0.3)
 590:            45           1440  javax.swing.text.Segment (java.desktop@21.0.3)
 591:             3           1440  org.graalvm.visualvm.application.ApplicationsSorting$SortAction
 592:            60           1440  org.graalvm.visualvm.core.ui.components.DisplayArea$1
 593:            60           1440  org.graalvm.visualvm.core.ui.components.DisplayArea$2
 594:             4           1440  org.openide.awt.ToolbarWithOverflow$SafeToolBar
 595:            30           1440  sun.java2d.loops.DrawGlyphListAA (java.desktop@21.0.3)
 596:            59           1416  javax.swing.text.html.CSS$FontFamily (java.desktop@21.0.3)
 597:             4           1408  org.graalvm.visualvm.modules.appui.welcome.FixedImagePanel
 598:             4           1408  org.netbeans.core.windows.view.ui.slides.ResizeGestureRecognizer$GlassPane
 599:             4           1408  org.netbeans.core.windows.view.ui.slides.SlideBarContainer$VisualPanel
 600:            44           1408  org.openide.util.Lookup$Template
 601:            25           1400  java.util.jar.JarFile (java.base@21.0.3)
 602:            35           1400  javax.swing.border.MatteBorder (java.desktop@21.0.3)
 603:            87           1392  sun.java2d.StateTrackableDelegate$1 (java.desktop@21.0.3)
 604:             1           1376  [Ljdk.internal.math.FDBigInteger; (java.base@21.0.3)
 605:            43           1376  javax.management.MBeanParameterInfo (java.management@21.0.3)
 606:            57           1368  javax.swing.text.html.CSS$ColorValue (java.desktop@21.0.3)
 607:            34           1360  org.netbeans.modules.sendopts.OptionImpl$1OneOptionImpl
 608:            42           1344  java.util.PropertyPermission (java.base@21.0.3)
 609:            14           1344  javax.swing.plaf.basic.BasicMenuUI (java.desktop@21.0.3)
 610:            21           1344  sun.nio.ch.FileChannelImpl (java.base@21.0.3)
 611:            84           1344  sun.util.logging.PlatformLogger (java.base@21.0.3)
 612:            83           1328  javax.swing.JViewport$ViewListener (java.desktop@21.0.3)
 613:            15           1320  java.text.DecimalFormatSymbols (java.base@21.0.3)
 614:            49           1304  [Ljavax.swing.JComponent; (java.desktop@21.0.3)
 615:            27           1296  java.lang.invoke.VarHandleReferences$FieldInstanceReadWrite (java.base@21.0.3)
 616:            27           1296  javax.swing.JEditorPane$1 (java.desktop@21.0.3)
 617:            81           1296  javax.swing.text.html.HTML$Attribute (java.desktop@21.0.3)
 618:             9           1296  javax.swing.text.html.TableView (java.desktop@21.0.3)
 619:            27           1296  org.graalvm.visualvm.modules.mbeans.XMBean
 620:            54           1296  org.openide.nodes.CookieSet$R
 621:            27           1296  sun.java2d.loops.BlitBg (java.desktop@21.0.3)
 622:            38           1280  [Ljava.lang.invoke.LambdaFormEditor$Transform; (java.base@21.0.3)
 623:            40           1280  javax.management.ObjectName (java.management@21.0.3)
 624:            80           1280  org.graalvm.visualvm.core.ui.components.DisplayArea$OptionsContainer$1
 625:            40           1280  org.openjdk.nashorn.internal.codegen.CompilerConstants$7
 626:            39           1248  javax.swing.plaf.ColorUIResource (java.desktop@21.0.3)
 627:             3           1248  org.graalvm.visualvm.core.ui.components.DataViewComponent$1
 628:            17           1224  javax.swing.plaf.FontUIResource (java.desktop@21.0.3)
 629:            76           1216  jdk.proxy2.$Proxy3 (jdk.proxy2)
 630:            38           1216  org.graalvm.visualvm.core.datasupport.ComparableWeakReference
 631:            10           1200  java.io.ObjectStreamClass (java.base@21.0.3)
 632:            25           1200  javax.management.openmbean.ArrayType (java.management@21.0.3)
 633:            15           1200  sun.font.FontDesignMetrics (java.desktop@21.0.3)
 634:            47           1184  [Lcom.sun.management.internal.DiagnosticCommandArgumentInfo; (jdk.management@21.0.3)
 635:            38           1184  [Ljava.math.BigInteger; (java.base@21.0.3)
 636:            37           1184  org.graalvm.visualvm.modules.mbeans.XNodeInfo
 637:            37           1184  org.graalvm.visualvm.modules.mbeans.XTree$ComparableDefaultMutableTreeNode
 638:            63           1176  [Lsun.reflect.generics.tree.TypeArgument; (java.base@21.0.3)
 639:            21           1176  javax.management.openmbean.CompositeType (java.management@21.0.3)
 640:            21           1176  sun.font.StrikeMetrics (java.desktop@21.0.3)
 641:            48           1152  javax.swing.text.FlowView$FlowStrategy (java.desktop@21.0.3)
 642:            48           1152  javax.swing.text.html.CSS$LengthUnit (java.desktop@21.0.3)
 643:            71           1136  javax.swing.border.TitledBorder$$Lambda/0x00007e0ca867d318 (java.desktop@21.0.3)
 644:            71           1136  javax.swing.border.TitledBorder$$Lambda/0x00007e0ca867d538 (java.desktop@21.0.3)
 645:            71           1136  jdk.proxy1.$Proxy20 (jdk.proxy1)
 646:            28           1120  java.lang.invoke.DirectMethodHandle$Interface (java.base@21.0.3)
 647:            28           1120  java.lang.invoke.VarHandle$AccessDescriptor (java.base@21.0.3)
 648:            70           1120  javax.swing.plaf.basic.BasicScrollPaneUI$Handler (java.desktop@21.0.3)
 649:            70           1120  javax.swing.plaf.metal.MetalScrollPaneUI$1 (java.desktop@21.0.3)
 650:            10           1120  sun.font.FileFontStrike (java.desktop@21.0.3)
 651:             1           1112  [Lsun.security.util.KnownOIDs; (java.base@21.0.3)
 652:            23           1104  com.sun.jna.Structure$StructField
 653:            23           1104  org.openide.loaders.FolderList
 654:            36           1096  [Ljava.io.ObjectStreamField; (java.base@21.0.3)
 655:            68           1088  javax.swing.JMenuItem$MenuItemFocusListener (java.desktop@21.0.3)
 656:            34           1088  org.graalvm.visualvm.lib.ui.threads.ViewManager$RowView
 657:            27           1080  javax.swing.plaf.basic.BasicEditorPaneUI (java.desktop@21.0.3)
 658:             3           1080  org.netbeans.core.windows.view.ui.toolbars.ToolbarContainer$ToolbarBump
 659:            19           1064  sun.java2d.loops.GraphicsPrimitiveProxy (java.desktop@21.0.3)
 660:             2           1056  com.sun.jvmstat.tools.visualgc.GraphGC
 661:            12           1056  java.awt.image.IndexColorModel (java.desktop@21.0.3)
 662:            22           1056  java.lang.invoke.BoundMethodHandle$SpeciesData (java.base@21.0.3)
 663:            44           1056  javax.swing.DefaultSingleSelectionModel (java.desktop@21.0.3)
 664:            33           1056  org.netbeans.core.startup.preferences.PropertiesStorage
 665:            33           1056  org.objectweb.asm.Type
 666:            11           1056  org.openide.loaders.DataFolder$FolderNode
 667:            33           1056  org.openide.util.EditableProperties$Item
 668:             1           1040  [Ljava.lang.Byte; (java.base@21.0.3)
 669:             1           1040  [Ljava.lang.Long; (java.base@21.0.3)
 670:             1           1040  [Ljava.lang.Short; (java.base@21.0.3)
 671:            29           1040  [Ljavax.swing.text.html.CSS$Attribute; (java.desktop@21.0.3)
 672:            26           1040  java.awt.SystemColor (java.desktop@21.0.3)
 673:            43           1032  java.awt.Point (java.desktop@21.0.3)
 674:            43           1032  java.lang.management.ManagementPermission (java.management@21.0.3)
 675:             2           1024  com.sun.jvmstat.tools.visualgc.VisualGCView$SpacesViewSupport$1
 676:            64           1024  java.util.TreeSet (java.base@21.0.3)
 677:            32           1024  org.openide.awt.Actions$MenuBridge
 678:            42           1008  com.sun.jmx.mbeanserver.PerInterface$MethodAndSig (java.management@21.0.3)
 679:            21           1008  java.lang.invoke.BoundMethodHandle$Species_LLLL (java.base@21.0.3)
 680:            21           1008  java.lang.invoke.MethodHandleImpl$IntrinsicMethodHandle (java.base@21.0.3)
 681:             2           1008  javax.swing.JFormattedTextField (java.desktop@21.0.3)
 682:            42           1008  javax.swing.text.html.CSS$BorderStyle (java.desktop@21.0.3)
 683:            18           1008  javax.swing.tree.VariableHeightLayoutCache$TreeStateNode (java.desktop@21.0.3)
 684:            21           1008  sun.font.FontStrikeDisposer (java.desktop@21.0.3)
 685:            18           1008  sun.java2d.xr.XRPMTransformedBlit (java.desktop@21.0.3)
 686:            25           1000  com.sun.jmx.mbeanserver.MXBeanSupport (java.management@21.0.3)
 687:            25           1000  sun.jvmstat.perfdata.monitor.PerfIntegerMonitor (jdk.internal.jvmstat@21.0.3)
 688:            25           1000  sun.jvmstat.perfdata.monitor.PerfStringVariableMonitor (jdk.internal.jvmstat@21.0.3)
 689:            31            992  java.lang.invoke.VarHandle$AccessMode (java.base@21.0.3)
 690:             2            992  javax.swing.JMenu (java.desktop@21.0.3)
 691:            62            992  sun.reflect.generics.tree.ClassTypeSignature (java.base@21.0.3)
 692:            41            984  org.openide.util.ChangeSupport
 693:            47            968  [Lorg.graalvm.visualvm.modules.mbeans.XTextField;
 694:            20            960  com.sun.jvmstat.graph.FIFOList
 695:            30            960  javax.swing.plaf.basic.BasicTableHeaderUI (java.desktop@21.0.3)
 696:            30            960  javax.swing.text.html.CSS$BorderWidthValue (java.desktop@21.0.3)
 697:            60            960  jdk.internal.module.SystemModuleFinders$3 (java.base@21.0.3)
 698:             2            960  org.graalvm.visualvm.application.views.overview.OverviewViewSupport$SnapshotsViewSupport$1
 699:             2            960  org.graalvm.visualvm.core.snapshot.SnapshotsSorting$SortAction
 700:             2            960  org.graalvm.visualvm.coredump.CoreDumpsSorting$SortAction
 701:             2            960  org.graalvm.visualvm.host.HostsSorting$SortAction
 702:             2            960  org.graalvm.visualvm.jfr.JFRSnapshotsSorting$SortAction
 703:             2            960  org.graalvm.visualvm.lib.ui.swing.renderer.NumberRenderer
 704:             2            960  org.netbeans.swing.tabcontrol.plaf.TabControlButtonFactory$TimerButton
 705:            15            960  org.openide.filesystems.AbstractFileObject
 706:            24            960  sun.awt.image.BufferedImageGraphicsConfig (java.desktop@21.0.3)
 707:            20            960  sun.java2d.xr.XRMaskFill (java.desktop@21.0.3)
 708:             7            952  org.openide.util.RequestProcessor$Processor
 709:            17            952  org.openide.util.WeakSet$SharedKeyWeakHashMap
 710:             2            944  javax.swing.JMenuItem (java.desktop@21.0.3)
 711:            59            944  jdk.jfr.internal.periodic.LookupKey (jdk.jfr@21.0.3)
 712:             2            944  org.graalvm.visualvm.modules.tracer.impl.TracerView$MasterViewSupport$15
 713:             2            944  org.graalvm.visualvm.modules.tracer.impl.TracerView$MasterViewSupport$16
 714:             2            944  org.graalvm.visualvm.modules.tracer.impl.TracerView$MasterViewSupport$21
 715:             2            944  org.graalvm.visualvm.modules.tracer.impl.TracerView$MasterViewSupport$22
 716:             2            944  org.graalvm.visualvm.modules.tracer.impl.timeline.ChartPanel$3
 717:             2            944  org.graalvm.visualvm.modules.tracer.impl.timeline.ChartPanel$4
 718:             2            944  org.graalvm.visualvm.modules.tracer.impl.timeline.ChartPanel$5
 719:             2            944  org.graalvm.visualvm.profiling.presets.SamplerCPUPanel$2
 720:             2            944  org.graalvm.visualvm.profiling.presets.SamplerCPUPanel$3
 721:             2            944  org.graalvm.visualvm.sampler.SamplerImpl$16
 722:             2            928  javax.swing.JCheckBox (java.desktop@21.0.3)
 723:             2            928  javax.swing.JTable$BooleanRenderer (java.desktop@21.0.3)
 724:            29            928  jdk.jfr.internal.event.EventConfiguration (jdk.jfr@21.0.3)
 725:             2            928  org.graalvm.visualvm.modules.tracer.impl.details.DetailsTable
 726:             2            928  org.graalvm.visualvm.modules.tracer.impl.swing.EnhancedLabelRenderer
 727:            29            928  sun.reflect.annotation.AnnotationType (java.base@21.0.3)
 728:            23            920  java.lang.reflect.AccessFlag (java.base@21.0.3)
 729:            19            912  java.lang.invoke.BoundMethodHandle$Species_LJ (java.base@21.0.3)
 730:            19            912  javax.swing.plaf.metal.MetalComboBoxButton$1 (java.desktop@21.0.3)
 731:            57            912  org.openide.loaders.DataShadow$OrigL
 732:            19            912  sun.java2d.loops.Blit$GeneralMaskBlit (java.desktop@21.0.3)
 733:             2            896  com.sun.jvmstat.tools.visualgc.VisualAgeHistogram
 734:            16            896  javax.management.openmbean.OpenMBeanParameterInfoSupport (java.management@21.0.3)
 735:            28            896  javax.swing.text.html.CSS$BackgroundPosition (java.desktop@21.0.3)
 736:            28            896  jdk.internal.reflect.MethodHandleObjectFieldAccessorImpl (java.base@21.0.3)
 737:             2            896  org.graalvm.visualvm.modules.tracer.impl.swing.TimelineMarksPainter
 738:            37            888  com.sun.org.apache.xerces.internal.util.XMLStringBuffer (java.xml@21.0.3)
 739:            37            888  java.security.Permissions (java.base@21.0.3)
 740:            37            888  javax.swing.plaf.basic.BasicPopupMenuUI (java.desktop@21.0.3)
 741:            37            888  javax.swing.plaf.basic.BasicPopupMenuUI$BasicMenuKeyListener (java.desktop@21.0.3)
 742:            22            880  [Ljava.lang.invoke.BoundMethodHandle$SpeciesData; (java.base@21.0.3)
 743:            11            880  javax.swing.plaf.basic.BasicRadioButtonMenuItemUI (java.desktop@21.0.3)
 744:            30            872  [Ljava.lang.annotation.ElementType; (java.base@21.0.3)
 745:            27            864  com.sun.jmx.mbeanserver.WeakIdentityHashMap$IdentityWeakReference (java.management@21.0.3)
 746:            36            864  java.util.Collections$SingletonList (java.base@21.0.3)
 747:            54            864  javax.swing.plaf.basic.BasicMenuItemUI$Handler (java.desktop@21.0.3)
 748:            27            864  javax.swing.text.html.HTMLEditorKit$LinkController (java.desktop@21.0.3)
 749:            18            864  org.graalvm.visualvm.charts.xy.XYPainter
 750:            54            864  org.graalvm.visualvm.jvmstat.MonitoredValueImpl
 751:            36            864  sun.awt.SunHints$Value (java.desktop@21.0.3)
 752:            18            864  sun.awt.image.ToolkitImage (java.desktop@21.0.3)
 753:            18            864  sun.java2d.xr.XRPMBlit (java.desktop@21.0.3)
 754:            18            864  sun.java2d.xr.XRPMScaledBlit (java.desktop@21.0.3)
 755:            21            856  [Lorg.openjdk.nashorn.internal.runtime.Property;
 756:            53            848  javax.swing.JTextField$ScrollRepainter (java.desktop@21.0.3)
 757:             2            848  org.graalvm.visualvm.modules.tracer.impl.timeline.TimelineSelectionOverlay
 758:            53            848  sun.java2d.pipe.PixelToShapeConverter (java.desktop@21.0.3)
 759:            21            840  java.awt.image.BufferedImage (java.desktop@21.0.3)
 760:            15            840  java.awt.image.PixelInterleavedSampleModel (java.desktop@21.0.3)
 761:            15            840  java.lang.invoke.BoundMethodHandle$Species_LLLJ (java.base@21.0.3)
 762:            15            840  java.nio.HeapIntBuffer (java.base@21.0.3)
 763:            21            840  sun.font.FontStrikeDesc (java.desktop@21.0.3)
 764:            21            840  sun.font.StrikeCache$SoftDisposerRef (java.desktop@21.0.3)
 765:            52            832  javax.swing.plaf.basic.BasicSplitPaneDivider$DividerLayout (java.desktop@21.0.3)
 766:            52            832  javax.swing.plaf.basic.BasicSplitPaneDivider$MouseHandler (java.desktop@21.0.3)
 767:            52            832  javax.swing.plaf.basic.BasicSplitPaneUI$Handler (java.desktop@21.0.3)
 768:             2            832  org.graalvm.visualvm.core.ui.DataSourceWindow
 769:            26            832  sun.java2d.loops.RenderCache$Entry (java.desktop@21.0.3)
 770:            13            832  sun.java2d.loops.RenderLoops (java.desktop@21.0.3)
 771:            34            816  java.util.Collections$SetFromMap (java.base@21.0.3)
 772:            17            816  sun.java2d.loops.DrawGlyphList (java.desktop@21.0.3)
 773:            17            816  sun.java2d.loops.FillRect (java.desktop@21.0.3)
 774:            51            816  sun.java2d.xr.XRDrawImage (java.desktop@21.0.3)
 775:            25            800  java.util.zip.ZipFile$CleanableResource (java.base@21.0.3)
 776:             2            800  javax.swing.JTable$NumberRenderer (java.desktop@21.0.3)
 777:             2            800  javax.swing.table.DefaultTableCellRenderer$UIResource (java.desktop@21.0.3)
 778:             2            800  org.graalvm.visualvm.modules.tracer.impl.timeline.TimelineAxis$Axis
 779:             2            800  org.graalvm.visualvm.profiling.presets.ProfilerCPUPanel$5
 780:             2            800  org.graalvm.visualvm.profiling.presets.SamplerCPUPanel$9
 781:            25            800  sun.awt.datatransfer.ClipboardTransferable$DataFactory (java.desktop@21.0.3)
 782:            33            792  javax.swing.ComponentInputMap (java.desktop@21.0.3)
 783:             9            792  org.graalvm.visualvm.charts.SimpleXYChartSupport
 784:            11            792  org.graalvm.visualvm.lib.charts.ChartSelectionManager
 785:            33            792  org.netbeans.core.startup.preferences.PropertiesStorage$4
 786:            14            784  java.nio.HeapByteBuffer (java.base@21.0.3)
 787:             7            784  java.util.GregorianCalendar (java.base@21.0.3)
 788:             2            784  org.graalvm.visualvm.modules.tracer.impl.timeline.TimelineAxis$MarksComponent
 789:             2            784  org.graalvm.visualvm.profiling.presets.SamplerCPUPanel$5
 790:             2            784  org.graalvm.visualvm.profiling.presets.SamplerCPUPanel$7
 791:             2            784  org.graalvm.visualvm.profiling.presets.SamplerMemoryPanel$1
 792:             2            784  org.graalvm.visualvm.sampler.cpu.CPUSettingsSupport$1
 793:             2            784  org.netbeans.core.windows.view.ui.tabcontrol.TabbedAdapter
 794:             8            768  [Lcom.sun.org.apache.xerces.internal.xni.QName; (java.xml@21.0.3)
 795:            32            768  com.sun.jmx.mbeanserver.DefaultMXBeanMappingFactory$IdentityMapping (java.management@21.0.3)
 796:             2            768  org.graalvm.visualvm.core.ui.DataSourceWindowTabbedPane$1
 797:             2            768  org.graalvm.visualvm.modules.tracer.impl.details.DetailsPanel$Viewport
 798:             2            768  org.graalvm.visualvm.modules.tracer.impl.timeline.ChartPanel
 799:             2            768  org.graalvm.visualvm.modules.tracer.impl.timeline.ProbesPanel$2
 800:            24            768  org.openide.nodes.CookieSetLkp$ConvertingItem
 801:            24            768  sun.awt.image.BufferedImageDevice (java.desktop@21.0.3)
 802:            24            768  sun.font.EAttribute (java.desktop@21.0.3)
 803:            16            768  sun.java2d.loops.DrawLine (java.desktop@21.0.3)
 804:            16            768  sun.java2d.loops.DrawPath (java.desktop@21.0.3)
 805:            16            768  sun.java2d.loops.DrawPolygons (java.desktop@21.0.3)
 806:            16            768  sun.java2d.loops.DrawRect (java.desktop@21.0.3)
 807:            16            768  sun.java2d.loops.FillPath (java.desktop@21.0.3)
 808:            16            768  sun.java2d.loops.FillSpans (java.desktop@21.0.3)
 809:            19            760  javax.swing.plaf.basic.BasicListUI$Handler (java.desktop@21.0.3)
 810:            19            760  javax.swing.plaf.basic.DefaultMenuLayout (java.desktop@21.0.3)
 811:            19            760  org.openide.util.WeakSet$SharedKeyWeakHashMap$Entry
 812:             2            752  org.graalvm.visualvm.modules.tracer.impl.details.DetailsPanel$1
 813:             2            752  org.graalvm.visualvm.modules.tracer.impl.details.DetailsTable$1
 814:            31            744  com.sun.org.apache.xerces.internal.xni.XMLString (java.xml@21.0.3)
 815:            31            744  java.security.Provider$EngineDescription (java.base@21.0.3)
 816:            31            744  java.util.regex.Pattern$BmpCharProperty (java.base@21.0.3)
 817:            31            744  javax.swing.DefaultRowSorter$Row (java.desktop@21.0.3)
 818:            23            736  java.lang.invoke.SimpleMethodHandle (java.base@21.0.3)
 819:             2            736  org.graalvm.visualvm.modules.tracer.impl.details.DetailsPanel
 820:             2            736  org.graalvm.visualvm.modules.tracer.impl.timeline.ProbesPanel
 821:             2            736  org.graalvm.visualvm.modules.tracer.impl.timeline.ProbesPanel$4
 822:             2            736  org.graalvm.visualvm.modules.tracer.impl.timeline.ProbesPanel$5
 823:             2            736  org.graalvm.visualvm.modules.tracer.impl.timeline.ProbesPanel$6
 824:             2            736  org.graalvm.visualvm.modules.tracer.impl.timeline.TimelineAxis
 825:             2            736  org.graalvm.visualvm.modules.tracer.impl.timeline.TimelineAxis$HeaderRenderer
 826:             2            736  org.graalvm.visualvm.modules.tracer.impl.timeline.TimelineTooltipOverlay
 827:            23            736  org.openide.loaders.FolderOrder
 828:            23            736  org.openide.util.EditableProperties
 829:            23            736  sun.management.MappedMXBeanType$BasicMXBeanType (java.management@21.0.3)
 830:            32            728  [Lorg.openide.util.lookup.AbstractLookup$Pair;
 831:            13            728  org.openide.loaders.FolderInstance$1R
 832:            13            728  sun.util.calendar.ZoneInfo (java.base@21.0.3)
 833:             2            720  com.sun.jvmstat.tools.visualgc.VisualGCView$SpacesViewSupport
 834:            15            720  java.util.Currency$SpecialCaseEntry (java.base@21.0.3)
 835:            18            720  java.util.IdentityHashMap (java.base@21.0.3)
 836:            30            720  javax.swing.plaf.basic.BasicTableHeaderUI$MouseInputHandler (java.desktop@21.0.3)
 837:            18            720  javax.swing.plaf.basic.BasicTableUI (java.desktop@21.0.3)
 838:            18            720  javax.swing.plaf.basic.BasicTableUI$Handler (java.desktop@21.0.3)
 839:             2            720  org.graalvm.visualvm.application.views.monitor.ApplicationMonitorView$CpuViewSupport
 840:             2            720  org.graalvm.visualvm.application.views.monitor.ApplicationMonitorView$HeapViewSupport
 841:             2            720  org.graalvm.visualvm.application.views.monitor.ApplicationMonitorView$MasterViewSupport
 842:             2            720  org.graalvm.visualvm.application.views.monitor.ApplicationMonitorView$PermGenViewSupport
 843:             2            720  org.graalvm.visualvm.application.views.overview.OverviewViewSupport$SnapshotsViewSupport
 844:             2            720  org.graalvm.visualvm.modules.appui.welcome.HorizontalImagePanel
 845:             2            720  org.graalvm.visualvm.modules.tracer.impl.swing.HeaderLabel
 846:             2            720  org.graalvm.visualvm.modules.tracer.impl.timeline.TimelineLegendOverlay
 847:             2            720  org.graalvm.visualvm.modules.tracer.impl.timeline.TimelineUnitsOverlay
 848:             2            720  org.graalvm.visualvm.sampler.memory.MemorySettingsSupport$1
 849:            18            720  sun.reflect.generics.repository.MethodRepository (java.base@21.0.3)
 850:            30            720  sun.swing.table.DefaultTableCellHeaderRenderer$EmptyIcon (java.desktop@21.0.3)
 851:            17            712  [Ljava.lang.invoke.MethodType; (java.base@21.0.3)
 852:             2            704  com.sun.jvmstat.tools.visualgc.VisualGCView$GraphGCViewSupport
 853:             2            704  com.sun.jvmstat.tools.visualgc.VisualGCView$HistogramViewSupport
 854:             2            704  com.sun.jvmstat.tools.visualgc.VisualGCView$HistogramViewSupport$ValuesPanel
 855:             2            704  com.sun.jvmstat.tools.visualgc.VisualGCView$MasterViewSupport
 856:            22            704  java.lang.reflect.ClassFileFormatVersion (java.base@21.0.3)
 857:             8            704  javax.swing.JButton$AccessibleJButton (java.desktop@21.0.3)
 858:             2            704  javax.swing.plaf.basic.BasicTabbedPaneUI$TabContainer (java.desktop@21.0.3)
 859:            44            704  javax.swing.text.html.CSS$StringValue (java.desktop@21.0.3)
 860:             2            704  org.graalvm.visualvm.application.views.monitor.ApplicationMonitorView$ClassesViewSupport
 861:             2            704  org.graalvm.visualvm.application.views.monitor.ApplicationMonitorView$ThreadsViewSupport
 862:             2            704  org.graalvm.visualvm.application.views.overview.OverviewViewSupport$MasterViewSupport
 863:             2            704  org.graalvm.visualvm.core.ui.DataSourceWindow$6
 864:             2            704  org.graalvm.visualvm.modules.tracer.impl.PackagesView$5
 865:             2            704  org.graalvm.visualvm.modules.tracer.impl.TracerView$MasterViewSupport$11
 866:             2            704  org.graalvm.visualvm.modules.tracer.impl.TracerView$MasterViewSupport$12
 867:             2            704  org.graalvm.visualvm.modules.tracer.impl.TracerView$MasterViewSupport$20
 868:             2            704  org.graalvm.visualvm.modules.tracer.impl.swing.HeaderPanel
 869:             2            704  org.graalvm.visualvm.modules.tracer.impl.timeline.ProbesPanel$1
 870:             2            704  org.graalvm.visualvm.modules.tracer.impl.timeline.TimelinePanel
 871:             2            704  org.graalvm.visualvm.profiling.presets.SamplerCPUPanel$1
 872:             2            704  org.graalvm.visualvm.sampler.cpu.CPUSettingsSupport$3
 873:             2            704  org.graalvm.visualvm.sampler.memory.MemorySettingsSupport$3
 874:             2            704  org.netbeans.core.windows.view.ui.DefaultSplitContainer$ModePanel
 875:            11            704  org.openide.loaders.FolderChildren
 876:            22            704  org.openide.loaders.FolderList$ListTask
 877:            22            704  sun.nio.fs.UnixPath (java.base@21.0.3)
 878:            29            696  [Ljavax.swing.text.Position$Bias; (java.desktop@21.0.3)
 879:            29            696  java.lang.StringBuilder (java.base@21.0.3)
 880:            29            696  java.util.regex.Pattern$BmpCharPropertyGreedy (java.base@21.0.3)
 881:             8            688  [Lsun.java2d.loops.RenderCache$Entry; (java.desktop@21.0.3)
 882:             2            688  javax.swing.JSpinner$NumberEditor (java.desktop@21.0.3)
 883:             2            688  org.graalvm.visualvm.application.views.overview.OverviewViewSupport$JVMArgumentsViewSupport
 884:             2            688  org.graalvm.visualvm.application.views.overview.OverviewViewSupport$SystemPropertiesViewSupport
 885:            17            680  javax.swing.table.DefaultTableColumnModel (java.desktop@21.0.3)
 886:             5            680  javax.swing.text.WrappedPlainView (java.desktop@21.0.3)
 887:            28            672  java.util.ArrayDeque (java.base@21.0.3)
 888:            21            672  java.util.Collections$UnmodifiableMap (java.base@21.0.3)
 889:            21            672  java.util.concurrent.FutureTask (java.base@21.0.3)
 890:            28            672  javax.swing.text.html.CSS (java.desktop@21.0.3)
 891:            28            672  javax.swing.text.html.CSS$BackgroundImage (java.desktop@21.0.3)
 892:            14            672  sun.java2d.loops.TransformHelper (java.desktop@21.0.3)
 893:            14            672  sun.java2d.xr.XrSwToPMBlit (java.desktop@21.0.3)
 894:            14            672  sun.java2d.xr.XrSwToPMScaledBlit (java.desktop@21.0.3)
 895:            14            672  sun.java2d.xr.XrSwToPMTransformedBlit (java.desktop@21.0.3)
 896:            12            672  sun.nio.cs.StreamEncoder (java.base@21.0.3)
 897:             7            672  sun.util.calendar.Gregorian$Date (java.base@21.0.3)
 898:            30            664  [Ljava.lang.reflect.Type; (java.base@21.0.3)
 899:             2            656  com.sun.jvmstat.tools.visualgc.GCSample
 900:            41            656  java.lang.Float (java.base@21.0.3)
 901:            27            648  com.sun.jmx.mbeanserver.NamedObject (java.management@21.0.3)
 902:            27            648  javax.swing.text.StyledEditorKit$1 (java.desktop@21.0.3)
 903:            27            648  org.graalvm.visualvm.core.model.ModelCache$DataSourceKey
 904:             9            648  org.graalvm.visualvm.lib.ui.swing.ProfilerColumnModel$1
 905:             9            648  org.openide.loaders.FolderLookup
 906:            27            648  sun.security.provider.PolicyFile$PolicyEntry (java.base@21.0.3)
 907:            20            640  java.lang.StringBuffer (java.base@21.0.3)
 908:            20            640  java.lang.invoke.MethodHandleNatives$CallSiteContext (java.base@21.0.3)
 909:            20            640  javax.swing.ActionPropertyChangeListener$OwnedWeakReference (java.desktop@21.0.3)
 910:             8            640  javax.swing.plaf.basic.BasicCheckBoxMenuItemUI (java.desktop@21.0.3)
 911:             8            640  jdk.internal.reflect.DelegatingClassLoader (java.base@21.0.3)
 912:            10            640  org.netbeans.ModuleData
 913:             8            640  org.netbeans.core.windows.model.DefaultModeModel
 914:            40            640  org.openide.awt.Actions$Bridge$VisL
 915:            16            640  org.openide.util.FilteredIcon
 916:            40            640  org.openjdk.nashorn.internal.runtime.options.Option
 917:             3            624  [Ljava.lang.invoke.LambdaForm; (java.base@21.0.3)
 918:            13            624  java.awt.image.DataBufferByte (java.desktop@21.0.3)
 919:            13            624  java.io.ClassCache$CacheRef (java.base@21.0.3)
 920:            26            624  java.time.LocalTime (java.base@21.0.3)
 921:            13            624  sun.java2d.loops.DrawGlyphListColor$General (java.desktop@21.0.3)
 922:            19            608  javax.swing.plaf.basic.BasicToolBarUI$Handler (java.desktop@21.0.3)
 923:            19            608  javax.swing.plaf.metal.MetalToolBarUI$MetalDockingListener (java.desktop@21.0.3)
 924:            15            600  java.text.DigitList (java.base@21.0.3)
 925:            25            600  java.util.regex.Pattern$GroupHead (java.base@21.0.3)
 926:            25            600  java.util.regex.Pattern$GroupTail (java.base@21.0.3)
 927:            25            600  java.util.zip.ZipFile$Source$Key (java.base@21.0.3)
 928:            25            600  javax.swing.plaf.ComponentInputMapUIResource (java.desktop@21.0.3)
 929:            15            600  jdk.internal.loader.NativeLibraries$NativeLibraryImpl (java.base@21.0.3)
 930:            15            600  sun.font.FontDesignMetrics$KeyReference (java.desktop@21.0.3)
 931:            37            592  javax.swing.plaf.basic.BasicPopupMenuUI$BasicPopupMenuListener (java.desktop@21.0.3)
 932:            12            576  com.sun.org.apache.xerces.internal.util.XMLAttributesImpl$Attribute (java.xml@21.0.3)
 933:            24            576  java.lang.NamedPackage (java.base@21.0.3)
 934:            18            576  javax.imageio.spi.DigraphNode (java.desktop@21.0.3)
 935:            18            576  org.graalvm.visualvm.charts.xy.ColorIcon
 936:             9            576  org.graalvm.visualvm.charts.xy.SimpleXYChartUtils$2
 937:             9            576  org.graalvm.visualvm.core.explorer.ExplorerNode
 938:             8            576  org.graalvm.visualvm.modules.tracer.impl.swing.LegendFont
 939:            24            576  org.openide.nodes.CookieSet$CookieEntry
 940:            18            576  org.openjdk.nashorn.internal.codegen.CompilerConstants$2
 941:            12            576  sun.java2d.loops.DrawGlyphListLCD (java.desktop@21.0.3)
 942:            12            576  sun.nio.cs.UTF_8$Encoder (java.base@21.0.3)
 943:            18            576  sun.reflect.generics.tree.MethodTypeSignature (java.base@21.0.3)
 944:            10            560  java.nio.DirectIntBufferU (java.base@21.0.3)
 945:             7            560  java.util.concurrent.TimeUnit (java.base@21.0.3)
 946:            14            560  javax.management.openmbean.SimpleType (java.management@21.0.3)
 947:            35            560  jdk.proxy1.$Proxy23 (jdk.proxy1)
 948:            10            560  org.netbeans.FixedModule
 949:            10            560  org.netbeans.modules.openide.filesystems.declmime.FileElement$Type
 950:            10            560  sun.invoke.util.Wrapper (java.base@21.0.3)
 951:            33            552  [Ljava.util.prefs.PreferenceChangeListener; (java.prefs@21.0.3)
 952:            23            552  java.util.regex.Pattern$CharPropertyGreedy (java.base@21.0.3)
 953:            23            552  org.graalvm.visualvm.core.model.ModelCache$StateListener
 954:            23            552  org.openide.util.EditableProperties$State
 955:             2            544  com.sun.jvmstat.tools.visualgc.MonitoredVmModel
 956:            17            544  org.openide.nodes.CookieSet
 957:            17            544  org.openide.nodes.CookieSetLkp
 958:             1            544  org.openjdk.nashorn.internal.objects.Global
 959:            17            544  sun.swing.SwingUtilities2$$Lambda/0x00007e0ca80ef588 (java.desktop@21.0.3)
 960:             2            536  [Ljava.time.LocalDateTime; (java.base@21.0.3)
 961:            24            536  [Ljavax.management.MBeanNotificationInfo; (java.management@21.0.3)
 962:             1            528  [Ljava.lang.Character; (java.base@21.0.3)
 963:             1            528  [Ljava.util.TimerTask; (java.base@21.0.3)
 964:            33            528  [Ljava.util.prefs.NodeChangeListener; (java.prefs@21.0.3)
 965:            13            528  [Lorg.openide.loaders.FolderInstance$HoldInstance;
 966:            22            528  java.security.BasicPermissionCollection (java.base@21.0.3)
 967:            22            528  java.time.Duration (java.base@21.0.3)
 968:            33            528  java.util.concurrent.atomic.AtomicInteger (java.base@21.0.3)
 969:            11            528  java.util.concurrent.locks.ReentrantReadWriteLock$NonfairSync (java.base@21.0.3)
 970:            22            528  javax.swing.tree.TreePath (java.desktop@21.0.3)
 971:            33            528  org.netbeans.core.startup.preferences.NbPreferences$1
 972:            22            528  org.openide.loaders.FileEntry$Folder
 973:            11            528  sun.font.CompositeStrike (java.desktop@21.0.3)
 974:            13            520  com.sun.jmx.mbeanserver.PerInterface (java.management@21.0.3)
 975:            13            520  java.util.PropertyResourceBundle (java.base@21.0.3)
 976:             1            520  org.graalvm.visualvm.modules.mbeans.XMBeanAttributes
 977:            13            520  sun.util.resources.Bundles$BundleReference (java.base@21.0.3)
 978:            16            512  java.time.temporal.ChronoUnit (java.base@21.0.3)
 979:            32            512  javax.accessibility.AccessibleRelationSet (java.desktop@21.0.3)
 980:            16            512  jdk.jfr.internal.LogTag (jdk.jfr@21.0.3)
 981:             1            512  org.graalvm.visualvm.lib.ui.threads.ThreadsPanel$3
 982:            16            512  org.graalvm.visualvm.uisupport.HTMLTextArea$HTMLTextAreaTransferHandler
 983:            16            512  org.graalvm.visualvm.uisupport.ProfilerTabbedPane$TabCaption$1
 984:            21            504  java.util.Date (java.base@21.0.3)
 985:            21            504  javax.swing.plaf.basic.LazyActionMap (java.desktop@21.0.3)
 986:             7            504  org.openide.awt.MenuBar$LazyMenu$MenuFolder
 987:            21            504  sun.nio.ch.NativeThreadSet (java.base@21.0.3)
 988:            21            504  sun.reflect.generics.factory.CoreReflectionFactory (java.base@21.0.3)
 989:             6            496  [Ljavax.swing.Action; (java.desktop@21.0.3)
 990:            31            496  javax.swing.LayoutComparator (java.desktop@21.0.3)
 991:             1            496  org.graalvm.visualvm.application.ApplicationsSorting$1
 992:             2            496  org.graalvm.visualvm.application.views.monitor.ApplicationMonitorModel
 993:             1            496  org.graalvm.visualvm.core.snapshot.SnapshotsSorting$1
 994:             1            496  org.graalvm.visualvm.coredump.CoreDumpsSorting$1
 995:             1            496  org.graalvm.visualvm.host.HostsSorting$1
 996:             1            496  org.graalvm.visualvm.jfr.JFRSnapshotsSorting$1
 997:             1            496  org.graalvm.visualvm.lib.ui.swing.renderer.CheckBoxRenderer
 998:             1            496  org.graalvm.visualvm.modules.mbeans.XMBeanNotifications
 999:             1            496  org.graalvm.visualvm.profiler.ApplicationProfilerView$MasterViewSupport$14
1000:             1            488  org.graalvm.visualvm.lib.ui.swing.renderer.NumberPercentRenderer$1
1001:            10            480  [Lsun.awt.SunHints$Value; (java.desktop@21.0.3)
1002:            12            480  java.lang.OutOfMemoryError (java.base@21.0.3)
1003:            20            480  java.security.SecurityPermission (java.base@21.0.3)
1004:             6            480  java.util.concurrent.ThreadPoolExecutor (java.base@21.0.3)
1005:            20            480  java.util.concurrent.atomic.AtomicLong (java.base@21.0.3)
1006:            15            480  java.util.concurrent.locks.AbstractQueuedSynchronizer$ConditionNode (java.base@21.0.3)
1007:            20            480  javax.swing.AbstractButton$ButtonActionPropertyChangeListener (java.desktop@21.0.3)
1008:             6            480  javax.swing.text.PlainView (java.desktop@21.0.3)
1009:            20            480  org.graalvm.visualvm.lib.charts.axis.AxisComponent$ChartListener
1010:             4            480  org.graalvm.visualvm.lib.ui.components.HTMLTextAreaSearchUtils$2
1011:             1            480  org.graalvm.visualvm.lib.ui.swing.ActionPopupButton
1012:            20            480  org.graalvm.visualvm.lib.ui.swing.GenericToolbar$2
1013:             1            480  org.graalvm.visualvm.lib.ui.threads.ThreadsPanel$4
1014:             1            480  org.graalvm.visualvm.lib.ui.threads.ThreadsPanel$5
1015:             1            480  org.netbeans.swing.tabcontrol.plaf.TabControlButtonFactory$DropDownButton
1016:             6            480  org.openide.loaders.XMLDataObject
1017:            12            480  sun.awt.image.ByteArrayImageSource (java.desktop@21.0.3)
1018:            12            480  sun.font.FontConfigManager$FcCompFont (java.desktop@21.0.3)
1019:            12            480  sun.util.locale.provider.LocaleResources$ResourceReference (java.base@21.0.3)
1020:             1            472  org.graalvm.visualvm.application.ApplicationsSorting$SortSwitch
1021:             1            472  org.graalvm.visualvm.core.ui.actions.LoadRecentSnapshot$1
1022:             1            472  org.graalvm.visualvm.lib.ui.threads.NameStateRenderer
1023:             1            472  org.graalvm.visualvm.lib.ui.threads.ThreadsPanel$6
1024:             1            472  org.graalvm.visualvm.modules.jconsole.JConsolePluginWrapper$1
1025:             1            472  org.graalvm.visualvm.profiler.ApplicationProfilerView$MasterViewSupport$20
1026:             1            472  org.graalvm.visualvm.profiling.presets.ProfilerCPUPanel$2
1027:             1            472  org.graalvm.visualvm.profiling.presets.ProfilerCPUPanel$3
1028:             1            472  org.graalvm.visualvm.profiling.presets.ProfilerMemoryPanel$2
1029:             1            472  org.graalvm.visualvm.profiling.presets.ProfilerMemoryPanel$3
1030:             1            472  org.netbeans.swing.tabcontrol.plaf.TabControlButtonFactory$MaximizeRestoreButton
1031:            29            464  [Ljdk.jfr.SettingControl; (jdk.jfr@21.0.3)
1032:            29            464  java.util.WeakHashMap$KeySet (java.base@21.0.3)
1033:            29            464  jdk.proxy1.$Proxy0 (jdk.proxy1)
1034:            29            464  jdk.proxy1.$Proxy15 (jdk.proxy1)
1035:            29            464  jdk.proxy1.$Proxy31 (jdk.proxy1)
1036:            29            464  org.graalvm.visualvm.core.ui.actions.DataSourceAction$1
1037:            19            456  java.lang.ClassValue$Version (java.base@21.0.3)
1038:            19            456  javax.swing.AncestorNotifier (java.desktop@21.0.3)
1039:            19            456  javax.swing.JToolBar$DefaultToolBarLayout (java.desktop@21.0.3)
1040:            19            456  javax.swing.plaf.basic.BasicComboBoxUI$DefaultKeySelectionManager (java.desktop@21.0.3)
1041:            19            456  javax.swing.plaf.metal.MetalComboBoxEditor$UIResource (java.desktop@21.0.3)
1042:            19            456  javax.swing.plaf.metal.MetalComboBoxUI$MetalComboBoxLayoutManager (java.desktop@21.0.3)
1043:            19            456  javax.swing.plaf.metal.MetalComboBoxUI$MetalPropertyChangeListener (java.desktop@21.0.3)
1044:            19            456  sun.java2d.loops.CompositeType (java.desktop@21.0.3)
1045:            25            448  [Lsun.reflect.generics.tree.FieldTypeSignature; (java.base@21.0.3)
1046:            12            448  [[S (java.base@21.0.3)
1047:            14            448  java.lang.invoke.VarForm (java.base@21.0.3)
1048:             7            448  java.util.zip.Inflater (java.base@21.0.3)
1049:            28            448  javax.swing.text.html.CSS$CssValue (java.desktop@21.0.3)
1050:            28            448  javax.swing.text.html.CSS$CssValueMapper (java.desktop@21.0.3)
1051:            28            448  jdk.internal.misc.InternalLock (java.base@21.0.3)
1052:            28            448  jdk.proxy1.$Proxy16 (jdk.proxy1)
1053:             1            448  org.graalvm.visualvm.modules.mbeans.XTree
1054:             8            448  sun.management.MemoryPoolImpl (java.management@21.0.3)
1055:            11            440  com.sun.jmx.mbeanserver.DefaultMXBeanMappingFactory$CompositeMapping (java.management@21.0.3)
1056:            11            440  java.lang.Package$VersionInfo (java.base@21.0.3)
1057:            11            440  javax.swing.plaf.basic.BasicTextAreaUI (java.desktop@21.0.3)
1058:             1            440  org.graalvm.visualvm.core.explorer.ExplorerComponent$1
1059:             1            440  org.graalvm.visualvm.core.explorer.ExplorerNodeRenderer
1060:             1            440  org.graalvm.visualvm.modules.mbeans.XTreeRenderer
1061:             1            440  org.graalvm.visualvm.profiler.ApplicationProfilerView$5
1062:            22            432  [Lorg.openide.util.Task;
1063:             1            432  [[[C (java.base@21.0.3)
1064:             9            432  com.sun.org.apache.xerces.internal.utils.XMLSecurityManager$Limit (java.xml@21.0.3)
1065:            18            432  java.text.DateFormat$Field (java.base@21.0.3)
1066:            18            432  javax.management.StandardMBean (java.management@21.0.3)
1067:            18            432  javax.swing.KeyboardManager$ComponentKeyStrokePair (java.desktop@21.0.3)
1068:            27            432  javax.swing.text.DefaultStyledDocument$StyleChangeHandler (java.desktop@21.0.3)
1069:            27            432  javax.swing.text.DefaultStyledDocument$StyleContextChangeHandler (java.desktop@21.0.3)
1070:            27            432  javax.swing.text.StyledEditorKit$AttributeTracker (java.desktop@21.0.3)
1071:             6            432  sun.java2d.loops.MaskBlit$General (java.desktop@21.0.3)
1072:            18            432  sun.reflect.generics.reflectiveObjects.ParameterizedTypeImpl (java.base@21.0.3)
1073:            18            432  sun.reflect.generics.scope.MethodScope (java.base@21.0.3)
1074:             1            424  [Lcom.sun.org.apache.xerces.internal.util.SymbolTable$Entry; (java.xml@21.0.3)
1075:             1            424  org.graalvm.visualvm.application.views.threads.ApplicationThreadsView$TimelineViewSupport$1
1076:             1            424  org.graalvm.visualvm.lib.ui.threads.ThreadTimeRelRenderer
1077:             1            424  org.netbeans.core.ui.notifications.FlashingIcon
1078:             1            416  javax.swing.JFrame (java.desktop@21.0.3)
1079:             2            416  javax.swing.plaf.metal.MetalTabbedPaneUI (java.desktop@21.0.3)
1080:             1            416  org.graalvm.visualvm.charts.xy.XYPercentMarksPainter
1081:            13            416  org.netbeans.core.windows.persistence.InternalConfig
1082:            13            416  org.netbeans.modules.openide.loaders.AWTTask
1083:             1            416  org.netbeans.swing.tabcontrol.plaf.MetalEditorTabCellRenderer
1084:            13            416  sun.awt.X11.UnsafeXDisposerRecord (java.desktop@21.0.3)
1085:            13            416  sun.util.resources.Bundles$CacheKey (java.base@21.0.3)
1086:             1            408  org.graalvm.visualvm.lib.ui.swing.renderer.NumberPercentRenderer
1087:             1            408  org.graalvm.visualvm.modules.mbeans.XSheet
1088:             1            408  org.netbeans.modules.progress.ui.PopupPane
1089:            17            408  org.openide.util.WeakSet
1090:            25            400  javax.swing.text.html.CSS$Value (java.desktop@21.0.3)
1091:            25            400  jdk.jfr.internal.instrument.$Proxy40 (jdk.jfr@21.0.3)
1092:             1            400  org.graalvm.visualvm.lib.ui.swing.ProfilerTableContainer$1
1093:             1            400  org.graalvm.visualvm.lib.ui.swing.renderer.BarRenderer
1094:             1            400  org.graalvm.visualvm.lib.ui.threads.TimelineHeaderRenderer
1095:             1            400  org.graalvm.visualvm.lib.ui.threads.TimelineRenderer
1096:             1            400  org.graalvm.visualvm.modules.mbeans.XMBeanInfo$MBeanInfoTableCellRenderer
1097:             1            400  org.graalvm.visualvm.profiling.presets.ProfilerJDBCPanel$4
1098:             1            400  org.graalvm.visualvm.profiling.presets.ProfilerMemoryPanel$6
1099:             1            400  org.netbeans.modules.progress.ui.StatusLineComponent
1100:            10            400  org.netbeans.modules.sendopts.OptionImpl$1AddOptionImpl
1101:            10            400  org.openide.loaders.FolderLookup$ICItem
1102:            25            400  sun.nio.fs.UnixFileAttributes$UnixAsBasicFileAttributes (java.base@21.0.3)
1103:             1            392  javax.swing.DefaultListCellRenderer (java.desktop@21.0.3)
1104:             1            392  org.graalvm.visualvm.modules.appui.welcome.WelcomeComponent
1105:             1            392  org.graalvm.visualvm.profiling.presets.ProfilerJDBCPanel$2
1106:             1            392  org.openide.awt.ToolbarPool
1107:             7            392  org.openide.filesystems.DefaultAttributes$Table
1108:             7            392  org.openjdk.nashorn.internal.runtime.UserAccessorProperty
1109:            12            384  java.lang.invoke.MethodHandles$Lookup (java.base@21.0.3)
1110:             8            384  java.lang.reflect.ProxyGenerator$PrimitiveTypeInfo (java.base@21.0.3)
1111:             6            384  java.nio.DirectByteBufferR (java.base@21.0.3)
1112:             6            384  java.text.DateFormatSymbols (java.base@21.0.3)
1113:            24            384  java.util.TreeMap$KeySet (java.base@21.0.3)
1114:            24            384  java.util.regex.Pattern$$Lambda/0x80000002a (java.base@21.0.3)
1115:            16            384  java.util.regex.Pattern$Slice (java.base@21.0.3)
1116:             1            384  javax.swing.JSplitPane (java.desktop@21.0.3)
1117:            12            384  javax.swing.OverlayLayout (java.desktop@21.0.3)
1118:             8            384  javax.swing.text.html.HTMLEditorKit$InsertHTMLTextAction (java.desktop@21.0.3)
1119:             8            384  jdk.jfr.internal.periodic.JDKEventTask (jdk.jfr@21.0.3)
1120:             8            384  jdk.xml.internal.JdkProperty$ImplPropMap (java.xml@21.0.3)
1121:             1            384  org.graalvm.visualvm.core.explorer.ExplorerTopComponent
1122:            16            384  org.graalvm.visualvm.core.ui.components.DataViewComponent$2$1
1123:            16            384  org.graalvm.visualvm.core.ui.components.DataViewComponent$3$1
1124:            16            384  org.graalvm.visualvm.core.ui.components.DataViewComponent$4$1
1125:             1            384  org.graalvm.visualvm.lib.ui.swing.ProfilerTableContainer$8
1126:             1            384  org.graalvm.visualvm.modules.mbeans.XMBeanAttributes$ValueCellEditor
1127:             1            384  org.graalvm.visualvm.modules.mbeans.XMBeanNotifications$UserDataCellEditor
1128:             1            384  org.graalvm.visualvm.profiler.MemorySettingsSupport$1
1129:             8            384  org.netbeans.core.windows.persistence.ModeParser
1130:            16            384  org.openide.util.lookup.ArrayStorage
1131:            12            384  sun.security.jca.ProviderConfig (java.base@21.0.3)
1132:            15            376  [Ljava.awt.Color; (java.desktop@21.0.3)
1133:            22            376  [Lsun.reflect.generics.tree.FormalTypeParameter; (java.base@21.0.3)
1134:             1            376  com.sun.imageio.plugins.png.PNGMetadata (java.desktop@21.0.3)
1135:             1            376  org.graalvm.visualvm.application.views.threads.ApplicationThreadsView$TimelineViewSupport
1136:             1            376  org.graalvm.visualvm.lib.ui.swing.ProfilerTable$16
1137:             1            376  org.graalvm.visualvm.lib.ui.swing.ProfilerTableContainer$3
1138:             1            376  org.graalvm.visualvm.profiler.CPUSettingsSupport$1
1139:             1            376  org.netbeans.core.windows.view.ui.toolbars.ToolbarRow
1140:             1            376  org.openide.actions.HeapView
1141:            23            368  java.awt.font.TextAttribute (java.desktop@21.0.3)
1142:             2            368  javax.swing.plaf.metal.MetalTreeUI (java.desktop@21.0.3)
1143:             1            368  org.graalvm.visualvm.modules.mbeans.MBeansTab
1144:             1            368  org.graalvm.visualvm.modules.mbeans.XMBeanOperations
1145:             1            368  org.graalvm.visualvm.profiler.JDBCSettingsSupport$1
1146:             1            368  org.graalvm.visualvm.profiling.presets.ProfilerMemoryPanel$4
1147:             1            368  org.netbeans.core.windows.view.ui.MultiSplitPane
1148:            15            360  com.sun.jna.Pointer
1149:             1            360  com.sun.org.apache.xerces.internal.impl.XMLNSDocumentScannerImpl (java.xml@21.0.3)
1150:             9            360  java.io.BufferedWriter (java.base@21.0.3)
1151:             9            360  java.lang.invoke.DirectMethodHandle$Special (java.base@21.0.3)
1152:             1            360  java.util.concurrent.ForkJoinPool (java.base@21.0.3)
1153:            15            360  javax.swing.border.CompoundBorder (java.desktop@21.0.3)
1154:            15            360  javax.swing.plaf.metal.MetalSeparatorUI (java.desktop@21.0.3)
1155:             9            360  javax.swing.text.html.TableView$ColumnIterator (java.desktop@21.0.3)
1156:             1            360  org.graalvm.visualvm.application.views.threads.ApplicationThreadsView$MasterViewSupport
1157:             9            360  org.graalvm.visualvm.charts.xy.SimpleXYChartUtils$12
1158:             9            360  org.graalvm.visualvm.charts.xy.XYStorage
1159:             9            360  org.graalvm.visualvm.lib.charts.swing.CrossBorderLayout
1160:             1            360  org.graalvm.visualvm.lib.ui.swing.ProfilerTable$8
1161:             1            360  org.graalvm.visualvm.lib.ui.swing.ProfilerTableContainer
1162:             1            360  org.graalvm.visualvm.lib.ui.swing.ProfilerTableContainer$2
1163:             1            360  org.graalvm.visualvm.modules.mbeans.XMBeanInfo
1164:             1            360  org.graalvm.visualvm.uisupport.JExtendedSpinner
1165:            15            360  org.netbeans.core.NbKeymap$Binding
1166:             1            360  org.netbeans.core.windows.view.EditorView$EditorAreaComponent
1167:             5            360  org.netbeans.swing.tabcontrol.plaf.AbstractViewTabDisplayerUI$ViewTabState
1168:             5            360  org.netbeans.swing.tabcontrol.plaf.MetalViewTabDisplayerUI
1169:             1            360  org.openide.awt.MenuBar
1170:            15            360  sun.font.FontDesignMetrics$MetricsKey (java.desktop@21.0.3)
1171:             1            352  com.sun.org.apache.xerces.internal.impl.XMLDocumentScannerImpl (java.xml@21.0.3)
1172:            11            352  javax.management.MBeanNotificationInfo (java.management@21.0.3)
1173:             4            352  javax.swing.JToolBar$AccessibleJToolBar (java.desktop@21.0.3)
1174:            11            352  javax.swing.plaf.InsetsUIResource (java.desktop@21.0.3)
1175:             1            352  org.graalvm.visualvm.core.explorer.ExplorerComponent
1176:             1            352  org.graalvm.visualvm.lib.ui.UIUtils$3
1177:             1            352  org.graalvm.visualvm.modules.appui.welcome.ShowNextTime
1178:             1            352  org.graalvm.visualvm.modules.mbeans.MBeansAttributesView
1179:             1            352  org.graalvm.visualvm.modules.mbeans.MBeansMetadataView
1180:             1            352  org.graalvm.visualvm.modules.mbeans.MBeansNotificationsView
1181:             1            352  org.graalvm.visualvm.modules.mbeans.MBeansOperationsView
1182:             1            352  org.graalvm.visualvm.modules.mbeans.MBeansTreeView
1183:             1            352  org.graalvm.visualvm.profiler.CPUSettingsSupport$3
1184:             1            352  org.graalvm.visualvm.profiler.JDBCSettingsSupport$3
1185:             1            352  org.graalvm.visualvm.profiler.MemorySettingsSupport$3
1186:             1            352  org.netbeans.core.windows.view.ui.DesktopImpl$1
1187:             1            352  org.netbeans.core.windows.view.ui.MainWindow$1
1188:             1            352  org.netbeans.core.windows.view.ui.toolbars.ToolbarConfiguration$1
1189:             1            352  org.openide.awt.MenuBar$LazySeparator
1190:            22            352  org.openide.loaders.DataFolder$ListPCL
1191:            22            352  org.openide.loaders.DataFolder$Paste
1192:            22            352  org.openide.loaders.FolderInstance$Listener
1193:            11            352  sun.awt.X11.XMouseDragGestureRecognizer (java.desktop@21.0.3)
1194:             1            344  [Ljavax.swing.text.html.HTML$Attribute; (java.desktop@21.0.3)
1195:            13            344  [Ljdk.dynalink.Namespace; (jdk.dynalink@21.0.3)
1196:             1            344  javax.swing.plaf.metal.MetalSplitPaneDivider (java.desktop@21.0.3)
1197:             1            344  org.graalvm.visualvm.core.ui.components.NotSupportedDisplayer
1198:             1            344  org.graalvm.visualvm.modules.appui.welcome.CaptionPanel
1199:             1            344  org.graalvm.visualvm.modules.appui.welcome.ContentsPanel
1200:             1            344  org.graalvm.visualvm.modules.appui.welcome.FooterPanel
1201:             1            344  org.graalvm.visualvm.modules.appui.welcome.StartPageContent
1202:             1            344  org.graalvm.visualvm.profiler.ProfilingResultsSupport
1203:             1            344  org.openide.actions.GarbageCollectAction$HeapViewWrapper
1204:            18            336  [Ljavax.management.MBeanConstructorInfo; (java.management@21.0.3)
1205:             5            336  [Lsun.invoke.util.Wrapper; (java.base@21.0.3)
1206:             6            336  java.net.SocketPermission (java.base@21.0.3)
1207:            21            336  java.nio.channels.spi.AbstractInterruptibleChannel$1 (java.base@21.0.3)
1208:            14            336  javax.swing.JMenu$MenuChangeListener (java.desktop@21.0.3)
1209:            14            336  javax.swing.JMenu$WinListener (java.desktop@21.0.3)
1210:            14            336  javax.swing.plaf.basic.BasicMenuUI$Handler (java.desktop@21.0.3)
1211:            14            336  javax.swing.table.DefaultTableModel (java.desktop@21.0.3)
1212:             6            336  sun.awt.image.SunVolatileImage (java.desktop@21.0.3)
1213:             7            336  sun.java2d.pipe.PixelToParallelogramConverter (java.desktop@21.0.3)
1214:            14            336  sun.security.util.LazyCodeSourcePermissionCollection (java.base@21.0.3)
1215:            18            328  [Lsun.reflect.generics.tree.TypeSignature; (java.base@21.0.3)
1216:            20            320  com.sun.jvmstat.graph.Line$1
1217:            10            320  com.sun.org.apache.xerces.internal.impl.XMLEntityManager$EncodingInfo (java.xml@21.0.3)
1218:            10            320  com.sun.org.apache.xerces.internal.impl.XMLScanner$NameType (java.xml@21.0.3)
1219:             5            320  java.awt.color.ICC_ColorSpace (java.desktop@21.0.3)
1220:            10            320  java.awt.font.FontRenderContext (java.desktop@21.0.3)
1221:             8            320  java.io.FilePermission (java.base@21.0.3)
1222:             5            320  java.lang.invoke.BoundMethodHandle$Species_LLLLLLL (java.base@21.0.3)
1223:            10            320  java.net.InetAddress$InetAddressHolder (java.base@21.0.3)
1224:             5            320  java.text.SimpleDateFormat (java.base@21.0.3)
1225:            10            320  java.util.concurrent.locks.AbstractQueuedSynchronizer$ExclusiveNode (java.base@21.0.3)
1226:            10            320  java.util.logging.Level (java.logging@21.0.3)
1227:            10            320  java.util.logging.Level$KnownLevel (java.logging@21.0.3)
1228:            10            320  java.util.regex.Pattern$Curly (java.base@21.0.3)
1229:            10            320  jdk.internal.org.objectweb.asm.Type (java.base@21.0.3)
1230:             8            320  jdk.internal.vm.SharedThreadContainer (java.base@21.0.3)
1231:            10            320  org.graalvm.visualvm.core.ui.components.DisplayAreaSupport$TabbedCaptionBorder
1232:            20            320  org.graalvm.visualvm.lib.charts.axis.AxisComponent$3
1233:            10            320  org.netbeans.swing.tabcontrol.DefaultTabDataModel$L
1234:             8            320  org.openide.util.lookup.ProxyLookup$LazyList
1235:             1            320  sun.awt.X11.XFramePeer (java.desktop@21.0.3)
1236:             2            320  sun.java2d.xr.XRSurfaceData$XRWindowSurfaceData (java.desktop@21.0.3)
1237:             8            320  sun.management.MemoryPoolImpl$CollectionSensor (java.management@21.0.3)
1238:             8            320  sun.management.MemoryPoolImpl$PoolSensor (java.management@21.0.3)
1239:            10            320  sun.swing.ImageCache$Entry (java.desktop@21.0.3)
1240:             1            312  [Ljavax.swing.text.html.HTML$Tag; (java.desktop@21.0.3)
1241:            13            312  com.sun.org.apache.xerces.internal.util.AugmentationsImpl$SmallContainer (java.xml@21.0.3)
1242:            13            312  javax.swing.plaf.metal.MetalPopupMenuSeparatorUI (java.desktop@21.0.3)
1243:            13            312  jdk.dynalink.NamespaceOperation (jdk.dynalink@21.0.3)
1244:            19            304  java.lang.ClassValue$Identity (java.base@21.0.3)
1245:            19            304  javax.swing.JComboBox$1 (java.desktop@21.0.3)
1246:            19            304  javax.swing.plaf.basic.BasicComboBoxUI$Handler (java.desktop@21.0.3)
1247:            19            304  javax.swing.plaf.basic.BasicComboPopup$Handler (java.desktop@21.0.3)
1248:            19            304  javax.swing.plaf.metal.MetalComboBoxEditor$EditorBorder (java.desktop@21.0.3)
1249:            19            304  javax.swing.plaf.metal.MetalComboBoxIcon (java.desktop@21.0.3)
1250:            19            304  jdk.proxy4.$Proxy5 (jdk.proxy4)
1251:             2            304  sun.java2d.xr.XRSurfaceData$XRInternalSurfaceData (java.desktop@21.0.3)
1252:             2            296  [Ljava.time.ZoneOffset; (java.base@21.0.3)
1253:             1            288  [Ljava.lang.invoke.LambdaForm$Kind; (java.base@21.0.3)
1254:            12            288  java.awt.AlphaComposite (java.desktop@21.0.3)
1255:            12            288  java.io.OutputStreamWriter (java.base@21.0.3)
1256:            12            288  java.lang.ThreadLocal$ThreadLocalMap (java.base@21.0.3)
1257:            12            288  java.lang.annotation.ElementType (java.base@21.0.3)
1258:             6            288  java.lang.invoke.MethodHandleImpl$WrappedMember (java.base@21.0.3)
1259:            12            288  java.time.Month (java.base@21.0.3)
1260:            12            288  java.util.concurrent.locks.ReentrantReadWriteLock (java.base@21.0.3)
1261:             6            288  java.util.stream.StreamOpFlag (java.base@21.0.3)
1262:             9            288  javax.swing.text.DefaultStyledDocument$ElementBuffer$ElemChanges (java.desktop@21.0.3)
1263:             9            288  javax.swing.text.StyledEditorKit$FontSizeAction (java.desktop@21.0.3)
1264:             9            288  javax.swing.text.html.TableView$RowIterator (java.desktop@21.0.3)
1265:             3            288  org.graalvm.visualvm.jvm.JVMImpl
1266:            12            288  org.graalvm.visualvm.modules.tracer.impl.swing.HeaderPanel$1
1267:             4            288  org.netbeans.core.windows.ModeStructureSnapshot$SlidingModeSnapshot
1268:            12            288  org.netbeans.core.windows.view.ui.toolbars.ToolbarContainer$1
1269:            12            288  org.netbeans.modules.autoupdate.updateprovider.AutoupdateCatalogParser$ELEMENTS
1270:             9            288  org.netbeans.modules.sendopts.OptionImpl$1NoArg
1271:             4            288  org.openide.awt.Toolbar$Folder
1272:            12            288  org.openide.nodes.CookieSetLkp$SimpleItem
1273:             9            288  org.openjdk.nashorn.internal.codegen.CompilerConstants$3
1274:             6            288  sun.java2d.xr.XRVolatileSurfaceManager (java.desktop@21.0.3)
1275:             6            288  sun.swing.ImageIconUIResource (java.desktop@21.0.3)
1276:             9            288  sun.util.logging.PlatformLogger$Level (java.base@21.0.3)
1277:             7            280  com.sun.org.apache.xerces.internal.impl.dtd.XMLSimpleType (java.xml@21.0.3)
1278:             5            280  java.lang.invoke.BoundMethodHandle$Species_LLLIL (java.base@21.0.3)
1279:             7            280  java.util.regex.Pattern$Loop (java.base@21.0.3)
1280:             7            280  javax.swing.plaf.metal.MetalRootPaneUI (java.desktop@21.0.3)
1281:             7            280  org.openjdk.nashorn.internal.runtime.NativeJavaPackage
1282:             7            280  sun.awt.X11.XCustomCursor (java.desktop@21.0.3)
1283:             5            280  sun.jvmstat.perfdata.monitor.v2_0.PerfDataBuffer (jdk.internal.jvmstat@21.0.3)
1284:             1            272  [Ljava.util.concurrent.ForkJoinPool$WorkQueue; (java.base@21.0.3)
1285:             1            272  com.sun.org.apache.xerces.internal.impl.dtd.DTDGrammar (java.xml@21.0.3)
1286:            17            272  javax.swing.UIDefaults$LazyInputMap (java.desktop@21.0.3)
1287:             1            272  org.graalvm.visualvm.lib.profiler.api.ProfilerIDESettings
1288:            17            272  org.openide.util.WeakSet$SharedKeyWeakHashMap$KeySet
1289:            11            264  java.awt.AWTPermission (java.desktop@21.0.3)
1290:            11            264  java.awt.event.FocusEvent$Cause (java.desktop@21.0.3)
1291:            11            264  java.lang.invoke.MethodHandleImpl$Intrinsic (java.base@21.0.3)
1292:            11            264  java.lang.invoke.MutableCallSite (java.base@21.0.3)
1293:            11            264  javax.swing.DefaultComboBoxModel (java.desktop@21.0.3)
1294:             3            264  javax.swing.DelegatingDefaultFocusManager (java.desktop@21.0.3)
1295:            11            264  org.graalvm.visualvm.core.datasupport.DataChangeSupport$ChangeSupport
1296:            11            264  org.graalvm.visualvm.core.model.ModelCache
1297:             3            264  org.graalvm.visualvm.jvmstat.JvmJvmstatModel_8
1298:            11            264  org.graalvm.visualvm.lib.charts.canvas.BufferedCanvasComponent$VisibilityHandler
1299:            11            264  org.graalvm.visualvm.lib.charts.xy.synchronous.SynchronousXYItemsModel
1300:            11            264  org.openide.loaders.DataNode$PropL
1301:            11            264  org.openjdk.nashorn.internal.runtime.Context$BuiltinSwitchPoint
1302:            11            264  sun.jvmstat.perfdata.monitor.v2_0.TypeCode (jdk.internal.jvmstat@21.0.3)
1303:             8            256  java.awt.Toolkit$SelectiveAWTEventListener (java.desktop@21.0.3)
1304:             8            256  java.math.RoundingMode (java.base@21.0.3)
1305:             8            256  javax.swing.text.DefaultEditorKit$NextVisualPositionAction (java.desktop@21.0.3)
1306:             8            256  jdk.internal.reflect.MethodHandleLongFieldAccessorImpl (java.base@21.0.3)
1307:             8            256  jdk.internal.reflect.MethodHandleShortFieldAccessorImpl (java.base@21.0.3)
1308:             8            256  org.graalvm.visualvm.lib.ui.components.HTMLTextArea$HTMLTextAreaTransferHandler
1309:            16            256  org.graalvm.visualvm.uisupport.HTMLTextArea$1
1310:            16            256  org.graalvm.visualvm.uisupport.HTMLTextArea$2
1311:             4            256  org.netbeans.core.windows.ModeStructureSnapshot$ModeSnapshot
1312:             8            256  org.netbeans.core.windows.model.TopComponentSubModel
1313:             4            256  org.netbeans.core.windows.view.SlidingView
1314:             8            256  org.openide.awt.Actions$ButtonBridge
1315:             8            256  org.openjdk.nashorn.internal.runtime.JSType
1316:             5            240  [Ljava.lang.invoke.LambdaForm$NamedFunction; (java.base@21.0.3)
1317:             6            240  com.sun.jna.Function
1318:             6            240  com.sun.jna.Library$Handler$FunctionInfo
1319:             6            240  java.io.PrintWriter (java.base@21.0.3)
1320:             5            240  java.lang.ThreadGroup (java.base@21.0.3)
1321:             5            240  java.lang.invoke.BoundMethodHandle$Species_LLI (java.base@21.0.3)
1322:             5            240  java.lang.invoke.BoundMethodHandle$Species_LLIL (java.base@21.0.3)
1323:             6            240  java.lang.invoke.LambdaForm$BasicType (java.base@21.0.3)
1324:             6            240  java.lang.invoke.VarHandleInts$FieldInstanceReadWrite (java.base@21.0.3)
1325:             5            240  java.net.URLPermission (java.base@21.0.3)
1326:            10            240  java.nio.charset.CoderResult (java.base@21.0.3)
1327:            10            240  java.nio.file.StandardOpenOption (java.base@21.0.3)
1328:            15            240  java.security.SecureClassLoader$CodeSourceKey (java.base@21.0.3)
1329:             6            240  java.util.EnumMap (java.base@21.0.3)
1330:             5            240  jdk.internal.loader.URLClassPath$JarLoader (java.base@21.0.3)
1331:             2            240  jdk.internal.misc.InnocuousThread (java.base@21.0.3)
1332:            15            240  jdk.proxy1.$Proxy34 (jdk.proxy1)
1333:            10            240  org.graalvm.visualvm.core.datasource.DataSourceContainer
1334:            10            240  org.graalvm.visualvm.core.explorer.ExplorerModelBuilder$12
1335:            10            240  org.graalvm.visualvm.core.explorer.ExplorerModelBuilder$13
1336:             3            240  org.netbeans.core.startup.layers.LocalFileSystemEx
1337:             6            240  org.netbeans.core.windows.ModeStructureSnapshot$SplitSnapshot
1338:            10            240  org.netbeans.modules.openide.filesystems.declmime.FileElement
1339:             5            240  org.netbeans.modules.openide.util.DefaultMutexImplementation
1340:            10            240  sun.awt.SunHints$Key (java.desktop@21.0.3)
1341:            15            240  sun.invoke.util.ValueConversions$WrapperCache (java.base@21.0.3)
1342:             5            240  sun.java2d.loops.DrawParallelogram (java.desktop@21.0.3)
1343:             5            240  sun.java2d.loops.FillParallelogram (java.desktop@21.0.3)
1344:             7            224  [Ljava.lang.Boolean; (java.base@21.0.3)
1345:             2            224  [Lsun.font.EAttribute; (java.desktop@21.0.3)
1346:             7            224  [Lsun.nio.fs.NativeBuffer; (java.base@21.0.3)
1347:             7            224  java.lang.System$Logger$Level (java.base@21.0.3)
1348:             7            224  java.util.ImmutableCollections$MapN (java.base@21.0.3)
1349:             7            224  java.util.RegularEnumSet (java.base@21.0.3)
1350:             7            224  jdk.xml.internal.JdkProperty$State (java.xml@21.0.3)
1351:             4            224  org.graalvm.visualvm.charts.xy.SimpleXYChartUtils$4
1352:             2            224  org.graalvm.visualvm.sampler.SamplerImpl
1353:             4            224  sun.awt.X11.XSelection (java.desktop@21.0.3)
1354:             7            224  sun.nio.fs.NativeBuffer (java.base@21.0.3)
1355:             3            216  java.awt.image.AreaAveragingScaleFilter (java.desktop@21.0.3)
1356:             9            216  java.lang.reflect.AccessFlag$Location (java.base@21.0.3)
1357:             9            216  java.net.NetPermission (java.base@21.0.3)
1358:             9            216  java.util.concurrent.ConcurrentHashMap$KeySetView (java.base@21.0.3)
1359:             9            216  javax.swing.text.PlainView$FPMethodItem (java.desktop@21.0.3)
1360:             9            216  org.graalvm.visualvm.charts.xy.SimpleXYChartUtils$8
1361:             9            216  org.graalvm.visualvm.charts.xy.SimpleXYChartUtils$9
1362:             9            216  org.graalvm.visualvm.charts.xy.XYPaintersModel
1363:             9            216  org.graalvm.visualvm.charts.xy.XYTooltipOverlay$1
1364:             9            216  org.graalvm.visualvm.charts.xy.XYTooltipOverlay$2
1365:             9            216  org.graalvm.visualvm.charts.xy.XYTooltipOverlay$3
1366:             9            216  org.graalvm.visualvm.lib.ui.swing.ProfilerColumnModel$2
1367:             3            216  org.graalvm.visualvm.profiling.presets.ProfilerPreset
1368:             9            216  org.graalvm.visualvm.uisupport.VerticalLayout
1369:             9            216  org.openide.util.lookup.InstanceContent$SimpleItem
1370:             9            216  sun.awt.OSInfo$WindowsVersion (java.desktop@21.0.3)
1371:             1            216  sun.java2d.marlin.Stroker (java.desktop@21.0.3)
1372:             3            216  sun.security.provider.NativePRNG$RandomIO (java.base@21.0.3)
1373:            13            208  com.sun.org.apache.xerces.internal.util.AugmentationsImpl (java.xml@21.0.3)
1374:            13            208  java.awt.RenderingHints (java.desktop@21.0.3)
1375:             2            208  java.awt.image.ComponentColorModel (java.desktop@21.0.3)
1376:            13            208  java.text.NumberFormat$Field (java.base@21.0.3)
1377:            13            208  java.util.regex.Pattern$$Lambda/0x800000032 (java.base@21.0.3)
1378:            13            208  java.util.regex.Pattern$BitClass (java.base@21.0.3)
1379:             1            208  javax.swing.ImageIcon$2$1 (java.desktop@21.0.3)
1380:             1            208  javax.swing.ImageIcon$3 (java.desktop@21.0.3)
1381:            13            208  jdk.proxy1.$Proxy25 (jdk.proxy1)
1382:             1            208  org.openide.util.ImageUtilities$1
1383:             1            208  sun.java2d.SunGraphics2D (java.desktop@21.0.3)
1384:             1            208  sun.java2d.marlin.Renderer (java.desktop@21.0.3)
1385:             2            200  [Ljava.text.DateFormat$Field; (java.base@21.0.3)
1386:             1            200  com.sun.org.apache.xerces.internal.impl.XMLDTDScannerImpl (java.xml@21.0.3)
1387:             5            200  java.awt.Cursor (java.desktop@21.0.3)
1388:             5            200  jdk.internal.ref.Cleaner (java.base@21.0.3)
1389:             5            200  org.netbeans.modules.openide.filesystems.declmime.MIMEResolverImpl$Impl
1390:             5            200  org.openjdk.nashorn.internal.codegen.types.ObjectType
1391:             5            200  sun.swing.CachedPainter$PainterMultiResolutionCachedImage (java.desktop@21.0.3)
1392:             5            200  sun.util.locale.provider.LocaleProviderAdapter$Type (java.base@21.0.3)
1393:             1            192  [Lorg.openjdk.nashorn.internal.codegen.CompilerConstants;
1394:             6            192  com.sun.jmx.mbeanserver.DefaultMXBeanMappingFactory$CollectionMapping (java.management@21.0.3)
1395:             4            192  com.sun.jna.internal.Cleaner$CleanerRef
1396:             1            192  com.sun.org.apache.xerces.internal.parsers.XIncludeAwareParserConfiguration (java.xml@21.0.3)
1397:             6            192  com.sun.org.apache.xerces.internal.util.Status (java.xml@21.0.3)
1398:            12            192  com.sun.proxy.jdk.proxy1.$Proxy32 (jdk.proxy1)
1399:             8            192  java.awt.Queue (java.desktop@21.0.3)
1400:             4            192  java.awt.dnd.DropTarget (java.desktop@21.0.3)
1401:             4            192  java.lang.invoke.BoundMethodHandle$Species_LIL (java.base@21.0.3)
1402:             8            192  java.time.ZoneOffset (java.base@21.0.3)
1403:             4            192  java.util.concurrent.LinkedBlockingQueue (java.base@21.0.3)
1404:            12            192  java.util.concurrent.locks.ReentrantReadWriteLock$ReadLock (java.base@21.0.3)
1405:            12            192  java.util.concurrent.locks.ReentrantReadWriteLock$Sync$ThreadLocalHoldCounter (java.base@21.0.3)
1406:            12            192  java.util.concurrent.locks.ReentrantReadWriteLock$WriteLock (java.base@21.0.3)
1407:             6            192  java.util.regex.Pattern$Branch (java.base@21.0.3)
1408:             8            192  java.util.regex.Pattern$CharProperty (java.base@21.0.3)
1409:             6            192  javax.management.StandardEmitterMBean (java.management@21.0.3)
1410:             8            192  javax.swing.DropMode (java.desktop@21.0.3)
1411:             8            192  javax.swing.UIManager$LookAndFeelInfo (java.desktop@21.0.3)
1412:             4            192  org.graalvm.visualvm.charts.xy.SimpleXYChartUtils$6
1413:             8            192  org.graalvm.visualvm.core.explorer.ExplorerModelBuilder$3
1414:             3            192  org.graalvm.visualvm.jvm.JmxSupport
1415:             8            192  org.graalvm.visualvm.lib.ui.threads.ThreadStateIcon
1416:             8            192  org.graalvm.visualvm.modules.mbeans.XNodeInfo$Type
1417:             6            192  org.graalvm.visualvm.modules.tracer.impl.TracerView$MasterViewSupport$19
1418:             6            192  org.netbeans.core.windows.model.SplitSubModel$SplitNode
1419:             6            192  org.netbeans.core.windows.view.ui.TabbedHandler
1420:             4            192  org.netbeans.core.windows.view.ui.slides.CommandManager
1421:             4            192  org.netbeans.core.windows.view.ui.slides.ResizeGestureRecognizer
1422:             8            192  org.netbeans.core.windows.view.ui.toolbars.ToolbarConstraints
1423:             6            192  org.netbeans.swing.tabcontrol.DefaultTabDataModel
1424:             8            192  org.openide.filesystems.XMLMapAttr$Attr
1425:             3            192  org.openide.loaders.BrokenDataShadow
1426:             8            192  org.openide.loaders.FolderLookup$FolderLookupData
1427:             6            192  org.openide.loaders.XMLDataObjectInfoParser
1428:             4            192  sun.awt.IconInfo (java.desktop@21.0.3)
1429:             4            192  sun.java2d.xr.XRMaskBlit (java.desktop@21.0.3)
1430:             2            176  [[D (java.base@21.0.3)
1431:             2            176  com.sun.jvmstat.tools.visualgc.VisualGCView
1432:             1            176  com.sun.org.apache.xerces.internal.impl.dtd.XMLDTDValidator (java.xml@21.0.3)
1433:             1            176  com.sun.org.apache.xerces.internal.impl.dtd.XMLNSDTDValidator (java.xml@21.0.3)
1434:            11            176  java.util.TreeMap$Values (java.base@21.0.3)
1435:            11            176  jdk.proxy2.$Proxy8 (jdk.proxy2)
1436:            11            176  org.graalvm.visualvm.core.datasupport.DataChangeSupport
1437:            11            176  org.graalvm.visualvm.core.model.ModelFactory$ModelProviderComparator
1438:            11            176  org.graalvm.visualvm.lib.charts.ChartComponent$ItemsModelListener
1439:            11            176  org.graalvm.visualvm.lib.charts.ChartComponent$PaintersModelListener
1440:            11            176  org.graalvm.visualvm.lib.charts.ChartComponent$SelectionListener
1441:            11            176  org.graalvm.visualvm.lib.charts.ChartSelectionManager$ChartListener
1442:            11            176  org.graalvm.visualvm.lib.charts.ChartSelectionManager$MouseListener
1443:            11            176  org.graalvm.visualvm.lib.charts.canvas.InteractiveCanvasComponent$MouseZoomHandler
1444:            11            176  org.graalvm.visualvm.lib.charts.xy.synchronous.SynchronousXYChart$Context
1445:            11            176  org.graalvm.visualvm.lib.charts.xy.synchronous.SynchronousXYChart$VisibleBoundsListener
1446:             2            176  org.netbeans.core.startup.layers.ModuleLayeredFileSystem
1447:            11            176  org.openide.nodes.AbstractNode$SheetAndCookieListener
1448:             1            168  [[Ljava.math.BigInteger; (java.base@21.0.3)
1449:             7            168  com.sun.jna.NativeMappedConverter
1450:             7            168  com.sun.jna.StructureReadContext
1451:             7            168  com.sun.org.apache.xerces.internal.util.FeatureState (java.xml@21.0.3)
1452:             7            168  java.awt.Toolkit$ToolkitEventMulticaster (java.desktop@21.0.3)
1453:             7            168  java.awt.Window$WindowDisposerRecord (java.desktop@21.0.3)
1454:             7            168  java.net.Inet4Address (java.base@21.0.3)
1455:             7            168  java.time.DayOfWeek (java.base@21.0.3)
1456:             7            168  java.util.regex.Pattern$$Lambda/0x80000002b (java.base@21.0.3)
1457:             7            168  java.util.regex.Pattern$Prolog (java.base@21.0.3)
1458:             7            168  java.util.regex.Pattern$Start (java.base@21.0.3)
1459:             7            168  java.util.zip.Inflater$InflaterZStreamRef (java.base@21.0.3)
1460:             7            168  javax.management.MBeanServerInvocationHandler (java.management@21.0.3)
1461:             3            168  javax.management.openmbean.OpenMBeanOperationInfoSupport (java.management@21.0.3)
1462:             7            168  javax.swing.plaf.basic.BasicRootPaneUI$RootPaneInputMap (java.desktop@21.0.3)
1463:             7            168  jdk.net.ExtendedSocketOptions$ExtSocketOption (jdk.net@21.0.3)
1464:             3            168  org.graalvm.visualvm.application.ApplicationDescriptor
1465:             3            168  org.graalvm.visualvm.tools.jmx.JvmMXBeansFactory$JvmMXBeansImpl
1466:             7            168  org.netbeans.modules.autoupdate.ui.wizards.OperationWizardModel$OperationType
1467:             3            168  org.netbeans.modules.settings.convertors.SerialDataConvertor
1468:             7            168  org.openide.awt.DynaMenuModel
1469:             3            168  org.openjdk.nashorn.internal.runtime.SpillProperty
1470:             7            168  org.openjdk.nashorn.internal.runtime.UserAccessorProperty$Accessors
1471:             3            168  sun.font.CMap$CMapFormat4 (java.desktop@21.0.3)
1472:             7            168  sun.jvmstat.monitor.Units (jdk.internal.jvmstat@21.0.3)
1473:             7            168  sun.nio.fs.NativeBuffer$Deallocator (java.base@21.0.3)
1474:             2            160  [Lcom.sun.jvmstat.graph.Level;
1475:             4            160  [Ljava.awt.Rectangle; (java.desktop@21.0.3)
1476:             5            160  [Ljava.util.Map$Entry; (java.base@21.0.3)
1477:             3            160  [Ljava.util.logging.Level; (java.logging@21.0.3)
1478:             2            160  [Lsun.jvmstat.monitor.LongMonitor; (jdk.internal.jvmstat@21.0.3)
1479:             5            160  [[Lsun.awt.FontDescriptor; (java.desktop@21.0.3)
1480:            10            160  com.sun.jvmstat.tools.visualgc.GCSpacePanel$1
1481:             4            160  com.sun.org.apache.xerces.internal.impl.dtd.XMLEntityDecl (java.xml@21.0.3)
1482:             5            160  com.sun.org.apache.xerces.internal.util.XMLResourceIdentifierImpl (java.xml@21.0.3)
1483:             5            160  java.lang.invoke.VarHandle$AccessType (java.base@21.0.3)
1484:             5            160  java.net.HostPortrange (java.base@21.0.3)
1485:             5            160  java.rmi.server.UID (java.rmi@21.0.3)
1486:            10            160  java.util.IdentityHashMap$KeySet (java.base@21.0.3)
1487:             5            160  javax.imageio.spi.SubRegistry (java.desktop@21.0.3)
1488:             5            160  javax.swing.TimerQueue$DelayedTimer (java.desktop@21.0.3)
1489:             2            160  javax.swing.table.TableRowSorter (java.desktop@21.0.3)
1490:             5            160  javax.swing.text.JTextComponent$DefaultKeymap (java.desktop@21.0.3)
1491:             4            160  javax.xml.catalog.CatalogFeatures$Feature (java.xml@21.0.3)
1492:             4            160  jdk.internal.math.FloatingDecimal$BinaryToASCIIBuffer (java.base@21.0.3)
1493:             5            160  jdk.jfr.internal.LogLevel (jdk.jfr@21.0.3)
1494:            10            160  org.graalvm.visualvm.core.explorer.ExplorerNodesComparator
1495:             4            160  org.graalvm.visualvm.lib.ui.components.HTMLTextAreaSearchUtils$SearchPanel$9
1496:             5            160  org.graalvm.visualvm.modules.tracer.impl.swing.EnhancedLabelRenderer$EnhancedInsets
1497:            10            160  org.graalvm.visualvm.modules.tracer.impl.swing.VisibilityHandler$1
1498:             4            160  org.netbeans.core.windows.view.ui.slides.SlideGestureRecognizer
1499:             4            160  org.netbeans.core.windows.view.ui.slides.SlideGestureRecognizer$AutoSlideTrigger
1500:             4            160  org.netbeans.core.windows.view.ui.slides.TabbedSlideAdapter
1501:            10            160  org.netbeans.swing.plaf.util.GuaranteedValue
1502:             5            160  org.netbeans.swing.tabcontrol.plaf.AbstractViewTabDisplayerUI$PinAction
1503:             5            160  org.openide.filesystems.EventControl
1504:             5            160  org.openide.util.lookup.MetaInfServicesLookup
1505:             4            160  org.openjdk.nashorn.internal.runtime.SpillProperty$Accessors
1506:             5            160  org.openjdk.nashorn.internal.runtime.linker.LinkerCallSite
1507:             1            160  sun.awt.X11FontManager (java.desktop@21.0.3)
1508:             5            160  sun.awt.image.OffScreenImageSource (java.desktop@21.0.3)
1509:             5            160  sun.font.CompositeGlyphMapper (java.desktop@21.0.3)
1510:             5            160  sun.java2d.cmm.ProfileDeferralInfo (java.desktop@21.0.3)
1511:             4            160  sun.java2d.pipe.Region (java.desktop@21.0.3)
1512:             5            160  sun.java2d.xr.XRColor (java.desktop@21.0.3)
1513:             5            160  sun.jvmstat.perfdata.monitor.protocol.local.LocalMonitoredVm (jdk.internal.jvmstat@21.0.3)
1514:             4            160  sun.management.MappedMXBeanType$CompositeDataMXBeanType (java.management@21.0.3)
1515:             2            160  sun.nio.ch.NioSocketImpl (java.base@21.0.3)
1516:             5            160  sun.nio.fs.UnixFileKey (java.base@21.0.3)
1517:             4            160  sun.util.locale.provider.LocaleResources (java.base@21.0.3)
1518:             6            152  [Ljava.util.regex.Pattern$Node; (java.base@21.0.3)
1519:             1            152  [Lorg.graalvm.visualvm.lib.jfluid.results.threads.ThreadData;
1520:             8            152  [Lorg.openide.windows.TopComponent;
1521:             1            152  com.sun.org.apache.xerces.internal.impl.XMLEntityManager (java.xml@21.0.3)
1522:             1            152  org.graalvm.visualvm.lib.jfluid.ProfilerClient
1523:             1            152  org.graalvm.visualvm.lib.jfluid.global.ProfilingSessionStatus
1524:             1            152  sun.awt.X11.XContentWindow (java.desktop@21.0.3)
1525:             2            144  [Ljava.awt.Cursor; (java.desktop@21.0.3)
1526:             2            144  [Ljava.awt.datatransfer.DataFlavor; (java.datatransfer@21.0.3)
1527:             1            144  [Ljava.lang.invoke.VarHandle$AccessMode; (java.base@21.0.3)
1528:             3            144  [Ljava.util.Map; (java.base@21.0.3)
1529:             1            144  [Ljavax.swing.DefaultRowSorter$Row; (java.desktop@21.0.3)
1530:             3            144  com.sun.management.internal.GarbageCollectorExtImpl (jdk.management@21.0.3)
1531:             6            144  java.lang.Thread$State (java.base@21.0.3)
1532:             6            144  java.util.Collections$SynchronizedRandomAccessList (java.base@21.0.3)
1533:             6            144  java.util.regex.Pattern$StartS (java.base@21.0.3)
1534:             3            144  javax.imageio.ImageTypeSpecifier$Packed (java.desktop@21.0.3)
1535:             2            144  javax.swing.JSpinner$NumberEditorFormatter (java.desktop@21.0.3)
1536:             6            144  javax.swing.plaf.BorderUIResource$CompoundBorderUIResource (java.desktop@21.0.3)
1537:             6            144  javax.swing.plaf.DimensionUIResource (java.desktop@21.0.3)
1538:             6            144  javax.swing.plaf.metal.MetalLookAndFeel$FontActiveValue (java.desktop@21.0.3)
1539:             9            144  javax.swing.text.StyleConstants$ParagraphConstants (java.desktop@21.0.3)
1540:             6            144  jdk.internal.perf.PerfCounter (java.base@21.0.3)
1541:             2            144  org.graalvm.visualvm.application.views.overview.ApplicationOverviewModel
1542:             9            144  org.graalvm.visualvm.charts.xy.XYBackground
1543:             9            144  org.graalvm.visualvm.charts.xy.XYSelectionOverlay$ConfigurationListener
1544:             9            144  org.graalvm.visualvm.charts.xy.XYSelectionOverlay$SelectionListener
1545:             9            144  org.graalvm.visualvm.core.ui.components.DataViewComponent$DetailsView
1546:             2            144  org.graalvm.visualvm.jvmstat.application.JvmstatApplication
1547:             1            144  org.graalvm.visualvm.lib.jfluid.ProfilerEngineSettings
1548:             2            144  org.graalvm.visualvm.modules.tracer.impl.TracerView
1549:             2            144  org.graalvm.visualvm.modules.tracer.impl.TracerView$MasterViewSupport
1550:             2            144  org.graalvm.visualvm.modules.tracer.impl.timeline.TimelineSupport
1551:             2            144  org.graalvm.visualvm.sampler.ApplicationSamplerView
1552:             6            144  org.graalvm.visualvm.uisupport.HorizontalLayout
1553:             1            144  org.netbeans.CLIHandler$Server
1554:             1            144  org.netbeans.core.windows.model.DefaultModel
1555:             6            144  org.netbeans.swing.tabcontrol.plaf.DefaultTabSelectionModel
1556:             2            144  org.netbeans.swing.tabcontrol.plaf.DefaultTabbedContainerUI
1557:             3            144  org.openide.awt.AlwaysEnabledAction
1558:             6            144  org.openide.filesystems.FCLSupport$Op
1559:             6            144  org.openide.loaders.XMLDataObject$DelDoc
1560:             6            144  org.openide.util.lookup.AbstractLookup
1561:             6            144  org.openide.util.lookup.ProxyLookup$RealInternalData
1562:             1            144  org.openjdk.nashorn.internal.objects.NativeArray$Prototype
1563:             2            144  sun.awt.X11.XClipboard (java.desktop@21.0.3)
1564:             2            144  sun.awt.X11GraphicsDevice (java.desktop@21.0.3)
1565:             1            144  sun.java2d.marlin.Dasher (java.desktop@21.0.3)
1566:             6            144  sun.rmi.runtime.Log$LoggerLog (java.rmi@21.0.3)
1567:             1            136  [Ljava.time.temporal.ChronoField; (java.base@21.0.3)
1568:             1            136  org.netbeans.Stamps$Worker
1569:             1            136  org.openjdk.nashorn.internal.objects.NativeString$Prototype
1570:             1            136  sun.java2d.marlin.RendererContext (java.desktop@21.0.3)
1571:             2            128  [Ljava.time.Month; (java.base@21.0.3)
1572:             2            128  [Lorg.netbeans.modules.autoupdate.updateprovider.AutoupdateCatalogParser$ELEMENTS;
1573:             5            128  [Lorg.netbeans.modules.openide.filesystems.declmime.FileElement;
1574:             5            128  [Lorg.openide.util.Lookup;
1575:             2            128  [Lsun.awt.image.BufferedImageGraphicsConfig; (java.desktop@21.0.3)
1576:             1            128  com.sun.imageio.plugins.png.PNGImageReader (java.desktop@21.0.3)
1577:             4            128  com.sun.jmx.mbeanserver.DefaultMXBeanMappingFactory$ArrayMapping (java.management@21.0.3)
1578:             4            128  com.sun.jmx.mbeanserver.DefaultMXBeanMappingFactory$EnumMapping (java.management@21.0.3)
1579:             4            128  com.sun.jna.NativeLong
1580:             1            128  java.awt.EventDispatchThread (java.desktop@21.0.3)
1581:             4            128  java.lang.module.ModuleDescriptor$Modifier (java.base@21.0.3)
1582:             4            128  java.lang.module.ModuleDescriptor$Requires$Modifier (java.base@21.0.3)
1583:             4            128  java.nio.DirectByteBuffer$Deallocator (java.base@21.0.3)
1584:             4            128  java.util.ArrayList$Itr (java.base@21.0.3)
1585:             1            128  java.util.TimerThread (java.base@21.0.3)
1586:             8            128  java.util.concurrent.ConcurrentHashMap$ValuesView (java.base@21.0.3)
1587:             4            128  java.util.concurrent.SynchronousQueue (java.base@21.0.3)
1588:             8            128  java.util.logging.ErrorManager (java.logging@21.0.3)
1589:             4            128  java.util.regex.Pattern$BnM (java.base@21.0.3)
1590:             4            128  java.util.stream.FindOps$FindOp (java.base@21.0.3)
1591:             4            128  javax.swing.ClientPropertyKey (java.desktop@21.0.3)
1592:             2            128  javax.swing.JRootPane$1 (java.desktop@21.0.3)
1593:             8            128  javax.swing.plaf.basic.BasicBorders$MarginBorder (java.desktop@21.0.3)
1594:             4            128  javax.swing.plaf.basic.BasicBorders$RadioButtonBorder (java.desktop@21.0.3)
1595:             1            128  javax.swing.plaf.metal.MetalSplitPaneUI (java.desktop@21.0.3)
1596:             4            128  javax.swing.text.DefaultEditorKit$VerticalPageAction (java.desktop@21.0.3)
1597:             2            128  javax.swing.tree.DefaultTreeSelectionModel (java.desktop@21.0.3)
1598:             4            128  jdk.dynalink.linker.GuardedInvocation (jdk.dynalink@21.0.3)
1599:             4            128  jdk.internal.logger.BootstrapLogger$LoggingBackend (java.base@21.0.3)
1600:             8            128  jdk.proxy1.$Proxy18 (jdk.proxy1)
1601:             8            128  jdk.proxy1.$Proxy21 (jdk.proxy1)
1602:             2            128  org.graalvm.visualvm.application.views.overview.ApplicationOverviewView
1603:             8            128  org.graalvm.visualvm.core.explorer.ExplorerNode$PositionableComparator
1604:             2            128  org.graalvm.visualvm.jmx.impl.ProxyClient
1605:             4            128  org.graalvm.visualvm.lib.charts.canvas.InteractiveCanvasComponent$ScrollBarManager
1606:             8            128  org.graalvm.visualvm.lib.ui.components.HTMLTextArea$1
1607:             8            128  org.graalvm.visualvm.lib.ui.components.HTMLTextArea$2
1608:             4            128  org.graalvm.visualvm.lib.ui.components.HTMLTextAreaSearchUtils$3
1609:             4            128  org.graalvm.visualvm.lib.ui.components.HTMLTextAreaSearchUtils$4
1610:             4            128  org.graalvm.visualvm.lib.ui.components.HTMLTextAreaSearchUtils$5
1611:             4            128  org.graalvm.visualvm.lib.ui.components.HTMLTextAreaSearchUtils$6
1612:             4            128  org.graalvm.visualvm.lib.ui.components.HTMLTextAreaSearchUtils$7
1613:             4            128  org.graalvm.visualvm.lib.ui.components.HTMLTextAreaSearchUtils$SearchPanel$7
1614:             4            128  org.graalvm.visualvm.lib.ui.components.HTMLTextAreaSearchUtils$SearchPanel$8
1615:             4            128  org.graalvm.visualvm.lib.ui.swing.EditableHistoryCombo$ComboHistoryModel
1616:             8            128  org.graalvm.visualvm.modules.appui.welcome.ContentsPanel$MyBorder
1617:             2            128  org.graalvm.visualvm.modules.jconsole.JConsoleView
1618:             2            128  org.graalvm.visualvm.modules.mbeans.MBeansView
1619:             2            128  org.graalvm.visualvm.modules.tracer.impl.timeline.TimelineAxis$MarksComputer
1620:             1            128  org.netbeans.ModuleManager
1621:             8            128  org.netbeans.core.windows.ModeImpl
1622:             4            128  org.netbeans.core.windows.model.ModesSubModel$1
1623:             4            128  org.netbeans.core.windows.persistence.TCRefParser
1624:             4            128  org.netbeans.core.windows.view.ModeStructureAccessorImpl$SlidingAccessorImpl
1625:             4            128  org.netbeans.core.windows.view.ui.slides.CommandManager$EscapeAction
1626:             4            128  org.netbeans.core.windows.view.ui.slides.SlideBarContainer
1627:             4            128  org.netbeans.modules.openide.loaders.FileEntityResolver$Lkp
1628:             4            128  org.netbeans.swing.tabcontrol.SlideBarDataModel$Impl
1629:             4            128  org.netbeans.swing.tabcontrol.TabData
1630:             8            128  org.openide.filesystems.XMLMapAttr
1631:             8            128  org.openide.loaders.FolderComparator
1632:             4            128  org.openide.util.lookup.InstanceContent$ConvertingItem
1633:             4            128  org.openide.windows.DelegateActionMap
1634:             4            128  org.openide.windows.TopComponent$CloseWindowAction
1635:             4            128  org.openjdk.nashorn.internal.codegen.CompilerConstants$8
1636:             1            128  org.openjdk.nashorn.internal.runtime.ScriptEnvironment
1637:             4            128  org.openjdk.nashorn.internal.runtime.linker.NashornCallSiteDescriptor
1638:             1            128  sun.awt.X11.XNETProtocol (java.desktop@21.0.3)
1639:             4            128  sun.font.FreetypeFontScaler (java.desktop@21.0.3)
1640:             4            128  sun.font.TrueTypeGlyphMapper (java.desktop@21.0.3)
1641:             8            128  sun.java2d.loops.RenderCache (java.desktop@21.0.3)
1642:             2            128  sun.java2d.marlin.Helpers$PolyStack (java.desktop@21.0.3)
1643:             2            128  sun.java2d.xr.XRGraphicsConfig (java.desktop@21.0.3)
1644:             4            128  sun.reflect.generics.reflectiveObjects.TypeVariableImpl (java.base@21.0.3)
1645:             4            128  sun.reflect.generics.repository.ClassRepository (java.base@21.0.3)
1646:             8            128  sun.swing.StringUIClientPropertyKey (java.desktop@21.0.3)
1647:             1            120  [Ljava.awt.SystemColor; (java.desktop@21.0.3)
1648:             3            120  [Ljava.lang.invoke.LambdaForm$BasicType; (java.base@21.0.3)
1649:             5            120  com.sun.jmx.remote.util.ClassLogger (java.management@21.0.3)
1650:             3            120  com.sun.jna.Structure$LayoutInfo
1651:             1            120  com.sun.jna.internal.Cleaner$1
1652:             3            120  com.sun.org.apache.xerces.internal.impl.dtd.XMLDTDDescription (java.xml@21.0.3)
1653:             1            120  com.sun.org.apache.xerces.internal.jaxp.SAXParserImpl$JAXPSAXParser (java.xml@21.0.3)
1654:             5            120  com.sun.org.apache.xerces.internal.util.PropertyState (java.xml@21.0.3)
1655:             5            120  com.sun.org.apache.xerces.internal.utils.XMLSecurityPropertyManager$State (java.xml@21.0.3)
1656:             3            120  com.sun.xml.internal.stream.util.BufferAllocator (java.xml@21.0.3)
1657:             3            120  java.io.ObjectStreamClass$FieldReflector (java.base@21.0.3)
1658:             3            120  java.lang.StackWalker (java.base@21.0.3)
1659:             1            120  java.lang.ref.Finalizer$FinalizerThread (java.base@21.0.3)
1660:             1            120  java.lang.ref.Reference$ReferenceHandler (java.base@21.0.3)
1661:             3            120  java.lang.reflect.ProxyGenerator$ProxyMethod (java.base@21.0.3)
1662:             5            120  java.util.Collections$SynchronizedCollection (java.base@21.0.3)
1663:             1            120  java.util.logging.LogManager$Cleaner (java.logging@21.0.3)
1664:             1            120  java.util.prefs.AbstractPreferences$EventDispatchThread (java.prefs@21.0.3)
1665:             5            120  java.util.regex.Pattern$Dollar (java.base@21.0.3)
1666:             5            120  java.util.stream.StreamOpFlag$Type (java.base@21.0.3)
1667:             5            120  javax.imageio.spi.PartiallyOrderedSet (java.desktop@21.0.3)
1668:             5            120  javax.swing.ButtonGroup (java.desktop@21.0.3)
1669:             3            120  javax.swing.JTable$SortManager (java.desktop@21.0.3)
1670:             3            120  javax.swing.LegacyLayoutFocusTraversalPolicy (java.desktop@21.0.3)
1671:             5            120  javax.swing.border.EtchedBorder (java.desktop@21.0.3)
1672:             5            120  javax.swing.plaf.basic.BasicToolBarSeparatorUI (java.desktop@21.0.3)
1673:             5            120  javax.swing.text.html.StyleSheet$SearchBuffer (java.desktop@21.0.3)
1674:             5            120  jdk.dynalink.StandardOperation (jdk.dynalink@21.0.3)
1675:             5            120  jdk.internal.math.FloatingDecimal$PreparedASCIIToBinaryBuffer (java.base@21.0.3)
1676:             5            120  jdk.internal.perf.Perf$CleanerAction (java.base@21.0.3)
1677:             5            120  jdk.jfr.internal.SecuritySupport$SafePath (jdk.jfr@21.0.3)
1678:             3            120  org.graalvm.visualvm.jvmstat.JvmstatModelImpl
1679:             5            120  org.graalvm.visualvm.sampler.SamplerImpl$State
1680:             1            120  org.netbeans.ModuleManager$SystemClassLoader
1681:             1            120  org.netbeans.core.TimableEventQueue
1682:             5            120  org.netbeans.swing.plaf.metal.StatusLineBorder
1683:             5            120  org.netbeans.swing.tabcontrol.plaf.AbstractViewTabDisplayerUI$Controller
1684:             1            120  org.netbeans.swing.tabcontrol.plaf.MetalEditorTabDisplayerUI
1685:             5            120  org.netbeans.swing.tabcontrol.plaf.NonStretchingViewTabLayoutModel
1686:             3            120  org.openide.filesystems.LocalFileSystem$InnerAttrs
1687:             1            120  org.openide.util.RequestProcessor$TickTac
1688:             5            120  org.openide.util.lookup.InstanceContent
1689:             5            120  org.openide.util.lookup.ProxyLookup$SingleInternalData
1690:             1            120  org.openide.util.lookup.implspi.ActiveQueue$Daemon
1691:             1            120  org.openjdk.nashorn.internal.objects.NativeObject$Constructor
1692:             5            120  sun.awt.OSInfo$OSType (java.desktop@21.0.3)
1693:             1            120  sun.awt.X11.XDragSourceContextPeer (java.desktop@21.0.3)
1694:             5            120  sun.java2d.marlin.ArrayCacheInt$Reference (java.desktop@21.0.3)
1695:             5            120  sun.java2d.marlin.ArrayCacheIntClean$Reference (java.desktop@21.0.3)
1696:             5            120  sun.java2d.marlin.TransformingPathConsumer2D$PathTracer (java.desktop@21.0.3)
1697:             3            120  sun.management.MappedMXBeanType$ArrayMXBeanType (java.management@21.0.3)
1698:             3            120  sun.rmi.transport.tcp.TCPEndpoint (java.rmi@21.0.3)
1699:             3            120  sun.tools.attach.VirtualMachineImpl (jdk.attach@21.0.3)
1700:             1            112  [Ljava.lang.reflect.AccessFlag; (java.base@21.0.3)
1701:             2            112  [Ljava.text.Format; (java.base@21.0.3)
1702:             1            112  [Ljava.time.LocalTime; (java.base@21.0.3)
1703:             1            112  [Ljavax.swing.text.html.CSS$Value; (java.desktop@21.0.3)
1704:             3            112  [Ljdk.dynalink.linker.GuardingDynamicLinker; (jdk.dynalink@21.0.3)
1705:             5            112  [Lorg.openide.util.LookupListener;
1706:             3            112  [Lsun.invoke.util.ValueConversions$WrapperCache; (java.base@21.0.3)
1707:             3            112  [[Ljava.lang.Object; (java.base@21.0.3)
1708:             2            112  [[Z (java.base@21.0.3)
1709:             2            112  com.sun.org.apache.xerces.internal.util.XMLAttributesIteratorImpl (java.xml@21.0.3)
1710:             2            112  java.nio.DirectIntBufferRU (java.base@21.0.3)
1711:             2            112  java.util.ServiceLoader (java.base@21.0.3)
1712:             7            112  javax.swing.JRootPane$RootLayout (java.desktop@21.0.3)
1713:             7            112  javax.swing.text.StyleConstants$CharacterConstants (java.desktop@21.0.3)
1714:             2            112  javax.swing.tree.VariableHeightLayoutCache (java.desktop@21.0.3)
1715:             7            112  jdk.jfr.internal.instrument.$Proxy39 (jdk.jfr@21.0.3)
1716:             7            112  jdk.proxy6.$Proxy9 (jdk.proxy6)
1717:             2            112  org.graalvm.visualvm.application.views.monitor.ApplicationMonitorView
1718:             7            112  org.graalvm.visualvm.profiling.presets.PresetSelector$3
1719:             1            112  org.netbeans.MainImpl$BootClassLoader
1720:             1            112  org.openjdk.nashorn.internal.objects.NativeMath$Constructor
1721:             1            112  sun.font.FcFontConfiguration (java.desktop@21.0.3)
1722:             1            112  sun.java2d.marlin.Curve (java.desktop@21.0.3)
1723:             2            112  sun.security.provider.SHA (java.base@21.0.3)
1724:             1            104  [Ljava.lang.reflect.ClassFileFormatVersion; (java.base@21.0.3)
1725:             2            104  [Ljdk.xml.internal.JdkProperty$State; (java.xml@21.0.3)
1726:             2            104  [Lsun.util.logging.PlatformLogger$Level; (java.base@21.0.3)
1727:             1            104  com.sun.jna.platform.unix.X11$XVisualInfo
1728:             1            104  javax.management.remote.rmi.NoCallStackClassLoader (java.management.rmi@21.0.3)
1729:             1            104  jdk.internal.loader.ClassLoaders$AppClassLoader (java.base@21.0.3)
1730:             1            104  jdk.internal.loader.ClassLoaders$BootClassLoader (java.base@21.0.3)
1731:             1            104  jdk.internal.loader.ClassLoaders$PlatformClassLoader (java.base@21.0.3)
1732:             1            104  org.graalvm.visualvm.lib.ui.threads.ThreadsPanel$1
1733:             1            104  org.netbeans.JarClassLoader
1734:             1            104  org.netbeans.core.windows.persistence.PersistenceManager
1735:             1            104  org.netbeans.modules.autoupdate.updateprovider.AutoupdateCatalogParser$ModuleDescriptor
1736:             1            104  sun.java2d.xr.XRCompositeManager (java.desktop@21.0.3)
1737:             1            104  sun.security.jca.ProviderList$1 (java.base@21.0.3)
1738:             1            104  sun.security.provider.Sun (java.base@21.0.3)
1739:             3             96  [Lcom.sun.org.apache.xerces.internal.util.XMLAttributesImpl$Attribute; (java.xml@21.0.3)
1740:             2             96  [Ljava.lang.System$Logger$Level; (java.base@21.0.3)
1741:             4             96  [Ljava.security.Permission; (java.base@21.0.3)
1742:             2             96  [Ljava.time.DayOfWeek; (java.base@21.0.3)
1743:             3             96  [Ljavax.swing.text.DefaultStyledDocument$ElementBuffer$ElemChanges; (java.desktop@21.0.3)
1744:             4             96  [Ljavax.swing.tree.TreePath; (java.desktop@21.0.3)
1745:             4             96  [Lorg.openide.filesystems.FileSystem;
1746:             1             96  [Lsun.font.CompositeFont; (java.desktop@21.0.3)
1747:             1             96  [Lsun.font.FileFont; (java.desktop@21.0.3)
1748:             4             96  [Lsun.reflect.generics.tree.ClassTypeSignature; (java.base@21.0.3)
1749:             1             96  [Lsun.util.locale.BaseLocale; (java.base@21.0.3)
1750:             2             96  com.sun.jna.NativeLibrary
1751:             2             96  com.sun.org.apache.xerces.internal.impl.XMLDocumentFragmentScannerImpl$ElementStack (java.xml@21.0.3)
1752:             1             96  com.sun.org.apache.xerces.internal.impl.dtd.XMLDTDProcessor (java.xml@21.0.3)
1753:             3             96  com.sun.org.apache.xerces.internal.impl.dtd.XMLElementDecl (java.xml@21.0.3)
1754:             3             96  com.sun.org.apache.xerces.internal.utils.XMLSecurityManager$NameMap (java.xml@21.0.3)
1755:             3             96  java.awt.DefaultFocusTraversalPolicy (java.desktop@21.0.3)
1756:             4             96  java.awt.Dialog$ModalityType (java.desktop@21.0.3)
1757:             4             96  java.awt.image.FilteredImageSource (java.desktop@21.0.3)
1758:             2             96  java.io.BufferedInputStream (java.base@21.0.3)
1759:             3             96  java.io.FileInputStream (java.base@21.0.3)
1760:             3             96  java.io.FileOutputStream (java.base@21.0.3)
1761:             2             96  java.io.PrintStream (java.base@21.0.3)
1762:             3             96  java.io.SerializablePermission (java.base@21.0.3)
1763:             3             96  java.lang.Runtime$Version (java.base@21.0.3)
1764:             2             96  java.lang.invoke.MethodHandleImpl$CountingWrapper (java.base@21.0.3)
1765:             3             96  java.lang.invoke.VarHandleByteArrayAsInts$ArrayHandle (java.base@21.0.3)
1766:             3             96  java.lang.invoke.VarHandleByteArrayAsLongs$ArrayHandle (java.base@21.0.3)
1767:             4             96  java.lang.module.ModuleDescriptor$Opens (java.base@21.0.3)
1768:             3             96  java.net.Inet6Address$Inet6AddressHolder (java.base@21.0.3)
1769:             1             96  java.net.URLClassLoader (java.base@21.0.3)
1770:             4             96  java.nio.file.StandardWatchEventKinds$StdWatchEventKind (java.base@21.0.3)
1771:             2             96  java.text.ChoiceFormat (java.base@21.0.3)
1772:             4             96  java.text.EntryPair (java.base@21.0.3)
1773:             2             96  java.text.RuleBasedCollator (java.base@21.0.3)
1774:             4             96  java.time.Instant (java.base@21.0.3)
1775:             2             96  java.time.zone.ZoneOffsetTransitionRule (java.base@21.0.3)
1776:             3             96  java.util.HexFormat (java.base@21.0.3)
1777:             2             96  java.util.Locale$Category (java.base@21.0.3)
1778:             4             96  java.util.concurrent.ConcurrentLinkedQueue (java.base@21.0.3)
1779:             4             96  java.util.concurrent.ConcurrentLinkedQueue$Node (java.base@21.0.3)
1780:             4             96  java.util.concurrent.Executors$DefaultThreadFactory (java.base@21.0.3)
1781:             4             96  java.util.concurrent.LinkedBlockingQueue$Node (java.base@21.0.3)
1782:             4             96  java.util.concurrent.SynchronousQueue$Transferer (java.base@21.0.3)
1783:             3             96  java.util.concurrent.atomic.LongAdder (java.base@21.0.3)
1784:             6             96  java.util.regex.Pattern$BranchConn (java.base@21.0.3)
1785:             4             96  java.util.regex.Pattern$Qtype (java.base@21.0.3)
1786:             3             96  java.util.stream.MatchOps$MatchKind (java.base@21.0.3)
1787:             4             96  java.util.stream.StreamShape (java.base@21.0.3)
1788:             3             96  javax.management.MBeanConstructorInfo (java.management@21.0.3)
1789:             2             96  javax.management.openmbean.TabularType (java.management@21.0.3)
1790:             3             96  javax.swing.DefaultCellEditor$1 (java.desktop@21.0.3)
1791:             1             96  javax.swing.JCheckBox$AccessibleJCheckBox (java.desktop@21.0.3)
1792:             3             96  javax.swing.LegacyGlueFocusTraversalPolicy (java.desktop@21.0.3)
1793:             3             96  javax.swing.plaf.BorderUIResource$EmptyBorderUIResource (java.desktop@21.0.3)
1794:             2             96  javax.swing.plaf.basic.BasicTreeUI$Handler (java.desktop@21.0.3)
1795:             4             96  javax.swing.text.PlainView$FPMethodArgs (java.desktop@21.0.3)
1796:             3             96  javax.swing.text.StyledEditorKit$AlignmentAction (java.desktop@21.0.3)
1797:             3             96  javax.swing.text.StyledEditorKit$FontFamilyAction (java.desktop@21.0.3)
1798:             2             96  jdk.internal.icu.text.NormalizerBase (java.base@21.0.3)
1799:             1             96  jdk.internal.jimage.ImageReader$SharedImageReader (java.base@21.0.3)
1800:             3             96  jdk.internal.loader.BuiltinClassLoader$1 (java.base@21.0.3)
1801:             6             96  jdk.internal.loader.ClassLoaderValue (java.base@21.0.3)
1802:             3             96  jdk.internal.util.ClassFileDumper (java.base@21.0.3)
1803:             4             96  jdk.internal.util.OperatingSystem (java.base@21.0.3)
1804:             6             96  jdk.proxy1.$Proxy1 (jdk.proxy1)
1805:             6             96  jdk.proxy5.$Proxy7 (jdk.proxy5)
1806:             4             96  org.graalvm.visualvm.charts.xy.SimpleXYChartUtils$14
1807:             4             96  org.graalvm.visualvm.core.datasource.Storage
1808:             4             96  org.graalvm.visualvm.lib.profiler.impl.CloseButtonProvider$1
1809:             2             96  org.graalvm.visualvm.lib.profiler.spi.IconsProvider$Basic$1
1810:             4             96  org.graalvm.visualvm.lib.ui.components.HTMLTextAreaSearchUtils$SearchPanel$5
1811:             1             96  org.graalvm.visualvm.lib.ui.swing.ProfilerRowSorter
1812:             4             96  org.graalvm.visualvm.lib.ui.threads.ThreadsPanel$Filter
1813:             2             96  org.graalvm.visualvm.modules.mbeans.TableSorter
1814:             6             96  org.graalvm.visualvm.modules.mbeans.Utils$CopyKeyAdapter
1815:             2             96  org.graalvm.visualvm.modules.tracer.impl.TracerController
1816:             2             96  org.graalvm.visualvm.modules.tracer.impl.timeline.ChartPanel$ToggleViewAction
1817:             1             96  org.graalvm.visualvm.profiler.ApplicationProfilerView
1818:             1             96  org.graalvm.visualvm.profiler.VisualVMProfiler
1819:             6             96  org.graalvm.visualvm.uisupport.TransparentToolBar$1
1820:             6             96  org.graalvm.visualvm.uisupport.TransparentToolBar$ItemListener
1821:             1             96  org.netbeans.core.startup.logging.MessagesHandler
1822:             4             96  org.netbeans.core.startup.preferences.Statistics$TimeConsumer
1823:             4             96  org.netbeans.core.windows.WindowSystemEventType
1824:             4             96  org.netbeans.core.windows.model.SplitSubModel$ModeNode
1825:             4             96  org.netbeans.core.windows.options.TabsPanel$EditorSortType
1826:             2             96  org.netbeans.core.windows.view.ModeView
1827:             4             96  org.netbeans.core.windows.view.ui.toolbars.ToolbarConfiguration$2
1828:             4             96  org.netbeans.modules.openide.nodes.NodesRegistrationSupport$PEClassRegistration
1829:             2             96  org.netbeans.modules.sendopts.OptionImpl$1AlternativeOptionsImpl
1830:             3             96  org.netbeans.modules.settings.convertors.ModuleInfoManager$PCL
1831:             2             96  org.netbeans.modules.settings.convertors.SerialDataConvertor$SaveSupport
1832:             6             96  org.openide.loaders.MultiDataObject$ChangeAndBefore
1833:             6             96  org.openide.loaders.XMLDataObject$1
1834:             6             96  org.openide.loaders.XMLDataObject$2
1835:             1             96  org.openjdk.nashorn.internal.runtime.StructureLoader
1836:             3             96  sun.awt.UNIXToolkit$GtkVersions (java.desktop@21.0.3)
1837:             2             96  sun.awt.X11.XWindowAttributesData (java.desktop@21.0.3)
1838:             2             96  sun.awt.image.URLImageSource (java.desktop@21.0.3)
1839:             1             96  sun.font.AttributeValues (java.desktop@21.0.3)
1840:             4             96  sun.java2d.StateTrackable$State (java.desktop@21.0.3)
1841:             4             96  sun.java2d.marlin.ArrayCacheDouble$Reference (java.desktop@21.0.3)
1842:             1             96  sun.java2d.marlin.Dasher$LengthIterator (java.desktop@21.0.3)
1843:             3             96  sun.java2d.marlin.OffHeapArray (java.desktop@21.0.3)
1844:             2             96  sun.java2d.marlin.TransformingPathConsumer2D$DeltaTransformFilter (java.desktop@21.0.3)
1845:             6             96  sun.java2d.pipe.AAShapePipe (java.desktop@21.0.3)
1846:             6             96  sun.java2d.pipe.TextRenderer (java.desktop@21.0.3)
1847:             4             96  sun.jvmstat.monitor.Variability (jdk.internal.jvmstat@21.0.3)
1848:             2             96  sun.jvmstat.perfdata.monitor.protocol.local.LocalMonitoredVm$NotifierTask (jdk.internal.jvmstat@21.0.3)
1849:             3             96  sun.net.spi.DefaultProxySelector$NonProxyInfo (java.base@21.0.3)
1850:             4             96  sun.reflect.generics.tree.ClassSignature (java.base@21.0.3)
1851:             4             96  sun.reflect.generics.tree.FormalTypeParameter (java.base@21.0.3)
1852:             1             88  [Ljava.awt.geom.AffineTransform; (java.desktop@21.0.3)
1853:             4             88  [Ljava.lang.reflect.TypeVariable; (java.base@21.0.3)
1854:             1             88  com.sun.imageio.plugins.bmp.BMPImageReaderSpi (java.desktop@21.0.3)
1855:             1             88  com.sun.imageio.plugins.bmp.BMPImageWriterSpi (java.desktop@21.0.3)
1856:             1             88  com.sun.imageio.plugins.gif.GIFImageReaderSpi (java.desktop@21.0.3)
1857:             1             88  com.sun.imageio.plugins.gif.GIFImageWriterSpi (java.desktop@21.0.3)
1858:             1             88  com.sun.imageio.plugins.jpeg.JPEGImageReaderSpi (java.desktop@21.0.3)
1859:             1             88  com.sun.imageio.plugins.jpeg.JPEGImageWriterSpi (java.desktop@21.0.3)
1860:             1             88  com.sun.imageio.plugins.png.PNGImageReaderSpi (java.desktop@21.0.3)
1861:             1             88  com.sun.imageio.plugins.png.PNGImageWriterSpi (java.desktop@21.0.3)
1862:             1             88  com.sun.imageio.plugins.tiff.TIFFImageReaderSpi (java.desktop@21.0.3)
1863:             1             88  com.sun.imageio.plugins.tiff.TIFFImageWriterSpi (java.desktop@21.0.3)
1864:             1             88  com.sun.imageio.plugins.wbmp.WBMPImageReaderSpi (java.desktop@21.0.3)
1865:             1             88  com.sun.imageio.plugins.wbmp.WBMPImageWriterSpi (java.desktop@21.0.3)
1866:             1             88  com.sun.jna.platform.unix.X11$Xrender$XRenderPictFormat
1867:             1             88  com.sun.xml.internal.stream.Entity$ScannedEntity (java.xml@21.0.3)
1868:             1             88  javax.swing.ToolTipManager (java.desktop@21.0.3)
1869:             1             88  javax.swing.text.html.parser.DTD (java.desktop@21.0.3)
1870:             1             88  org.netbeans.NbClipboard
1871:             1             88  org.openide.awt.ToolbarPool$1
1872:             1             88  org.openide.windows.TopComponent$5
1873:             1             88  sun.awt.X11.XFocusProxyWindow (java.desktop@21.0.3)
1874:             1             88  sun.java2d.marlin.MarlinCache (java.desktop@21.0.3)
1875:             1             88  sun.java2d.marlin.TransformingPathConsumer2D$PathClipFilter (java.desktop@21.0.3)
1876:             1             88  sun.reflect.misc.MethodUtil (java.base@21.0.3)
1877:             2             80  [Ljava.lang.OutOfMemoryError; (java.base@21.0.3)
1878:             2             80  [Ljava.lang.Thread$State; (java.base@21.0.3)
1879:             1             80  [Ljava.time.temporal.ChronoUnit; (java.base@21.0.3)
1880:             1             80  [Ljava.util.concurrent.RunnableScheduledFuture; (java.base@21.0.3)
1881:             2             80  [Ljava.util.stream.StreamOpFlag$Type; (java.base@21.0.3)
1882:             2             80  [Ljavax.swing.UIManager$LookAndFeelInfo; (java.desktop@21.0.3)
1883:             1             80  [Ljdk.jfr.internal.LogTag; (jdk.jfr@21.0.3)
1884:             2             80  [Lsun.security.jca.ProviderConfig; (java.base@21.0.3)
1885:             2             80  [[Ljava.lang.invoke.MethodHandle; (java.base@21.0.3)
1886:             2             80  com.sun.jmx.mbeanserver.DefaultMXBeanMappingFactory$TabularMapping (java.management@21.0.3)
1887:             1             80  com.sun.jna.platform.unix.X11$Xrender$XRenderDirectFormat
1888:             2             80  com.sun.org.apache.xerces.internal.impl.XMLDocumentFragmentScannerImpl$ElementStack2 (java.xml@21.0.3)
1889:             2             80  com.sun.org.apache.xerces.internal.impl.validation.ValidationState (java.xml@21.0.3)
1890:             1             80  java.awt.EventQueue (java.desktop@21.0.3)
1891:             2             80  java.beans.WeakIdentityMap$Entry (java.desktop@21.0.3)
1892:             2             80  java.io.BufferedOutputStream (java.base@21.0.3)
1893:             2             80  java.lang.ModuleLayer (java.base@21.0.3)
1894:             2             80  java.lang.invoke.BoundMethodHandle$Species_D (java.base@21.0.3)
1895:             2             80  java.lang.module.Configuration (java.base@21.0.3)
1896:             2             80  java.lang.ref.NativeReferenceQueue (java.base@21.0.3)
1897:             2             80  java.net.InetAddress$CachedLookup (java.base@21.0.3)
1898:             5             80  java.net.URLPermission$Authority (java.base@21.0.3)
1899:             5             80  java.nio.channels.FileChannel$MapMode (java.base@21.0.3)
1900:             5             80  java.security.AllPermissionCollection (java.base@21.0.3)
1901:             2             80  java.text.CollationElementIterator (java.base@21.0.3)
1902:             2             80  java.text.MessageFormat (java.base@21.0.3)
1903:             2             80  java.util.ServiceLoader$LazyClassPathLookupIterator (java.base@21.0.3)
1904:             5             80  java.util.concurrent.CopyOnWriteArraySet (java.base@21.0.3)
1905:             1             80  java.util.concurrent.ScheduledThreadPoolExecutor (java.base@21.0.3)
1906:             1             80  java.util.logging.LogRecord (java.logging@21.0.3)
1907:             5             80  java.util.regex.Pattern$Begin (java.base@21.0.3)
1908:             2             80  javax.imageio.ImageTypeSpecifier$Interleaved (java.desktop@21.0.3)
1909:             1             80  javax.management.remote.rmi.RMIConnector (java.management.rmi@21.0.3)
1910:             1             80  javax.swing.JFrame$AccessibleJFrame (java.desktop@21.0.3)
1911:             1             80  javax.swing.RepaintManager (java.desktop@21.0.3)
1912:             2             80  javax.swing.SpinnerNumberModel (java.desktop@21.0.3)
1913:             2             80  javax.swing.plaf.basic.BasicFormattedTextFieldUI (java.desktop@21.0.3)
1914:             2             80  javax.swing.plaf.basic.BasicSpinnerUI$ArrowButtonHandler (java.desktop@21.0.3)
1915:             5             80  javax.swing.text.DefaultCaret$DefaultFilterBypass (java.desktop@21.0.3)
1916:             1             80  jdk.internal.event.X509CertificateEvent (java.base@21.0.3)
1917:             1             80  jdk.internal.icu.impl.NormalizerImpl (java.base@21.0.3)
1918:             2             80  jdk.internal.loader.URLClassPath (java.base@21.0.3)
1919:             5             80  jdk.proxy1.$Proxy28 (jdk.proxy1)
1920:             2             80  org.graalvm.visualvm.application.views.monitor.ApplicationMonitorView$1
1921:             1             80  org.graalvm.visualvm.application.views.threads.ThreadMXBeanDataManager
1922:             2             80  org.graalvm.visualvm.jmx.impl.JmxModelImpl
1923:             1             80  org.graalvm.visualvm.lib.ui.swing.ProfilerColumnModel
1924:             5             80  org.graalvm.visualvm.lib.ui.swing.ProfilerTable$ProfilerRendererWrapper
1925:             2             80  org.graalvm.visualvm.modules.tracer.impl.timeline.TimelinePanel$RowMouseHandler
1926:             2             80  org.graalvm.visualvm.sampler.SamplerImpl$1
1927:             2             80  org.graalvm.visualvm.sampler.SamplerImpl$2
1928:             2             80  org.graalvm.visualvm.tools.jmx.CachedMBeanServerConnectionFactory$SnapshotInvocationHandler
1929:             1             80  org.netbeans.core.startup.layers.BinaryFS
1930:             1             80  org.netbeans.core.startup.logging.PrintStreamLogger
1931:             2             80  org.netbeans.core.windows.persistence.PersistenceManager$TopComponentReference
1932:             2             80  org.netbeans.core.windows.view.ui.MultiSplitCell
1933:             1             80  org.netbeans.core.windows.view.ui.toolbars.DnDSupport
1934:             5             80  org.netbeans.modules.openide.filesystems.declmime.MIMEResolverImpl$Impl$1
1935:             5             80  org.netbeans.swing.tabcontrol.plaf.AbstractViewTabDisplayerUI$PinButtonLayout
1936:             1             80  org.netbeans.swing.tabcontrol.plaf.BasicScrollingTabDisplayerUI$ScrollingTabState
1937:             1             80  org.openide.awt.MenuBar$MenuBarFolder
1938:             1             80  org.openide.filesystems.XMLFileSystem
1939:             1             80  org.openide.nodes.AbstractNode
1940:             5             80  org.openide.util.Mutex
1941:             2             80  sun.awt.SoftCache$ValueCell (java.desktop@21.0.3)
1942:             1             80  sun.awt.X11.MotifDnDDropTargetProtocol (java.desktop@21.0.3)
1943:             1             80  sun.awt.X11.XDnDDropTargetProtocol (java.desktop@21.0.3)
1944:             1             80  sun.awt.X11.XRootWindow (java.desktop@21.0.3)
1945:             1             80  sun.awt.X11.XToolkit (java.desktop@21.0.3)
1946:             1             80  sun.font.GlyphList (java.desktop@21.0.3)
1947:             5             80  sun.jvmstat.monitor.VmIdentifier (jdk.internal.jvmstat@21.0.3)
1948:             2             80  sun.jvmstat.perfdata.monitor.protocol.local.MonitoredHostProvider (jdk.internal.jvmstat@21.0.3)
1949:             5             80  sun.jvmstat.perfdata.monitor.protocol.local.PerfDataBuffer (jdk.internal.jvmstat@21.0.3)
1950:             5             80  sun.jvmstat.perfdata.monitor.v2_0.PerfDataBufferPrologue (jdk.internal.jvmstat@21.0.3)
1951:             2             80  sun.management.MemoryManagerImpl (java.management@21.0.3)
1952:             1             80  sun.rmi.transport.DGCClient$EndpointEntry (java.rmi@21.0.3)
1953:             2             80  sun.swing.PrintColorUIResource (java.desktop@21.0.3)
1954:             1             80  sun.util.cldr.CLDRLocaleProviderAdapter (java.base@21.0.3)
1955:             1             80  sun.util.locale.provider.JRELocaleProviderAdapter (java.base@21.0.3)
1956:             3             72  [Ljava.net.InetAddress; (java.base@21.0.3)
1957:             3             72  [Ljava.util.Enumeration; (java.base@21.0.3)
1958:             1             72  [Ljavax.imageio.ImageTypeSpecifier; (java.desktop@21.0.3)
1959:             1             72  [Ljavax.management.openmbean.OpenType; (java.management@21.0.3)
1960:             1             72  [Ljavax.management.openmbean.SimpleType; (java.management@21.0.3)
1961:             1             72  com.sun.imageio.plugins.common.SubImageInputStream (java.desktop@21.0.3)
1962:             1             72  com.sun.org.apache.xerces.internal.impl.XMLEntityScanner (java.xml@21.0.3)
1963:             3             72  com.sun.org.apache.xerces.internal.impl.dtd.XMLAttributeDecl (java.xml@21.0.3)
1964:             3             72  com.sun.org.apache.xerces.internal.jaxp.SAXParserFactoryImpl (java.xml@21.0.3)
1965:             1             72  java.awt.DefaultKeyboardFocusManager (java.desktop@21.0.3)
1966:             3             72  java.awt.Dialog$ModalExclusionType (java.desktop@21.0.3)
1967:             3             72  java.awt.EventFilter$FilterAction (java.desktop@21.0.3)
1968:             3             72  java.awt.MediaTracker (java.desktop@21.0.3)
1969:             3             72  java.awt.Window$Type (java.desktop@21.0.3)
1970:             3             72  java.io.ObjectStreamClass$FieldReflectorKey (java.base@21.0.3)
1971:             3             72  java.lang.CompoundEnumeration (java.base@21.0.3)
1972:             3             72  java.lang.ProcessImpl$LaunchMechanism (java.base@21.0.3)
1973:             3             72  java.lang.StackWalker$Option (java.base@21.0.3)
1974:             3             72  java.lang.WeakPairMap (java.base@21.0.3)
1975:             3             72  java.lang.annotation.RetentionPolicy (java.base@21.0.3)
1976:             3             72  java.lang.invoke.MethodHandleImpl$ArrayAccess (java.base@21.0.3)
1977:             3             72  java.net.Inet6Address (java.base@21.0.3)
1978:             3             72  java.net.Proxy$Type (java.base@21.0.3)
1979:             3             72  java.net.StandardProtocolFamily (java.base@21.0.3)
1980:             3             72  java.nio.file.AccessMode (java.base@21.0.3)
1981:             3             72  java.rmi.server.ObjID (java.rmi@21.0.3)
1982:             3             72  java.time.zone.ZoneOffsetTransitionRule$TimeDefinition (java.base@21.0.3)
1983:             3             72  java.util.Collections$UnmodifiableList (java.base@21.0.3)
1984:             3             72  java.util.concurrent.ConcurrentLinkedDeque$Node (java.base@21.0.3)
1985:             3             72  java.util.concurrent.ConcurrentSkipListMap$Node (java.base@21.0.3)
1986:             3             72  java.util.logging.Logger$LoggerBundle (java.logging@21.0.3)
1987:             3             72  java.util.stream.Collector$Characteristics (java.base@21.0.3)
1988:             3             72  java.util.zip.ZipCoder$Comparison (java.base@21.0.3)
1989:             1             72  javax.imageio.stream.MemoryCacheImageInputStream (java.desktop@21.0.3)
1990:             3             72  javax.management.NotificationBroadcasterSupport (java.management@21.0.3)
1991:             3             72  javax.swing.SortOrder (java.desktop@21.0.3)
1992:             3             72  javax.swing.SwingWorker$StateValue (java.desktop@21.0.3)
1993:             3             72  javax.swing.text.DefaultEditorKit$BeginLineAction (java.desktop@21.0.3)
1994:             3             72  javax.swing.text.DefaultEditorKit$BeginParagraphAction (java.desktop@21.0.3)
1995:             3             72  javax.swing.text.DefaultEditorKit$BeginWordAction (java.desktop@21.0.3)
1996:             3             72  javax.swing.text.DefaultEditorKit$EndLineAction (java.desktop@21.0.3)
1997:             3             72  javax.swing.text.DefaultEditorKit$EndParagraphAction (java.desktop@21.0.3)
1998:             3             72  javax.swing.text.DefaultEditorKit$EndWordAction (java.desktop@21.0.3)
1999:             3             72  javax.swing.text.StyleContext$SmallAttributeSet (java.desktop@21.0.3)
2000:             3             72  javax.swing.text.html.StyleSheet$LargeConversionSet (java.desktop@21.0.3)
2001:             3             72  jdk.dynalink.BiClassValue (jdk.dynalink@21.0.3)
2002:             3             72  jdk.dynalink.BiClassValue$BiClassValuesRoot (jdk.dynalink@21.0.3)
2003:             3             72  jdk.dynalink.StandardNamespace (jdk.dynalink@21.0.3)
2004:             3             72  jdk.internal.icu.util.CodePointTrie$ValueWidth (java.base@21.0.3)
2005:             3             72  jdk.internal.math.FloatingDecimal$ExceptionalBinaryToASCIIBuffer (java.base@21.0.3)
2006:             3             72  jdk.internal.misc.Signal (java.base@21.0.3)
2007:             1             72  org.graalvm.visualvm.application.ApplicationSupport$CurrentApplication
2008:             1             72  org.graalvm.visualvm.application.views.threads.ApplicationThreadsView
2009:             3             72  org.graalvm.visualvm.attach.AttachModelImpl
2010:             3             72  org.graalvm.visualvm.core.ui.components.DataViewComponent$1$1
2011:             3             72  org.graalvm.visualvm.lib.ui.swing.renderer.HideableBarRenderer$BarDiffMode
2012:             3             72  org.graalvm.visualvm.sampler.SamplerArguments$Request
2013:             3             72  org.graalvm.visualvm.tools.jmx.JmxModel$ConnectionState
2014:             3             72  org.netbeans.api.autoupdate.UpdateUnitProvider$CATEGORY
2015:             3             72  org.netbeans.core.network.proxy.NetworkProxySettings$ProxyMode
2016:             1             72  org.netbeans.core.startup.layers.BinaryCacheManager
2017:             3             72  org.netbeans.core.startup.layers.BinaryFS$FileMap
2018:             1             72  org.netbeans.core.startup.layers.SystemFileSystem
2019:             1             72  org.netbeans.core.windows.view.ViewHierarchy
2020:             1             72  org.netbeans.core.windows.view.ui.MainWindow
2021:             1             72  org.netbeans.modules.settings.InstanceProvider
2022:             3             72  org.netbeans.modules.settings.RecognizeInstanceObjects$OverObjects
2023:             3             72  org.netbeans.modules.settings.convertors.SerialDataConvertor$SettingsInstance
2024:             1             72  org.netbeans.modules.settings.convertors.XMLSettingsSupport$SettingsRecognizer
2025:             1             72  org.netbeans.swing.tabcontrol.plaf.ScrollingTabLayoutModel
2026:             1             72  org.openide.awt.ToolbarPool$Folder
2027:             3             72  org.openide.filesystems.MultiFileSystem$1
2028:             3             72  org.openide.filesystems.StreamPool
2029:             1             72  org.openide.nodes.FilterNode
2030:             3             72  org.openide.util.lookup.SingletonLookup
2031:             1             72  org.openjdk.nashorn.internal.runtime.Context
2032:             1             72  org.openjdk.nashorn.internal.runtime.Context$ClassCache
2033:             3             72  org.openjdk.nashorn.internal.runtime.Context$FieldMode
2034:             3             72  org.openjdk.nashorn.internal.runtime.ScriptEnvironment$AnonymousClasses
2035:             3             72  org.openjdk.nashorn.internal.runtime.ScriptEnvironment$FunctionStatementBehavior
2036:             3             72  sun.awt.AppContext$State (java.desktop@21.0.3)
2037:             3             72  sun.awt.X11.XBaseWindow$InitialiseState (java.desktop@21.0.3)
2038:             3             72  sun.management.ManagementFactoryHelper$1 (java.management@21.0.3)
2039:             3             72  sun.nio.ch.Util$BufferCache (java.base@21.0.3)
2040:             3             72  sun.reflect.generics.scope.ClassScope (java.base@21.0.3)
2041:             3             72  sun.security.provider.NativePRNG$Variant (java.base@21.0.3)
2042:             3             72  sun.util.locale.provider.LocaleServiceProviderPool (java.base@21.0.3)
2043:             2             64  [Lcom.sun.org.apache.xerces.internal.utils.XMLSecurityPropertyManager$State; (java.xml@21.0.3)
2044:             2             64  [Ljava.awt.Queue; (java.desktop@21.0.3)
2045:             1             64  [Ljava.awt.event.FocusEvent$Cause; (java.desktop@21.0.3)
2046:             2             64  [Ljava.io.File; (java.base@21.0.3)
2047:             2             64  [Ljava.lang.StackWalker$Option; (java.base@21.0.3)
2048:             2             64  [Ljava.lang.annotation.RetentionPolicy; (java.base@21.0.3)
2049:             1             64  [Ljava.lang.invoke.MethodHandleImpl$Intrinsic; (java.base@21.0.3)
2050:             2             64  [Ljava.lang.ref.WeakReference; (java.base@21.0.3)
2051:             2             64  [Ljava.nio.charset.CoderResult; (java.base@21.0.3)
2052:             3             64  [Ljava.text.FieldPosition; (java.base@21.0.3)
2053:             2             64  [Ljava.util.stream.Collector$Characteristics; (java.base@21.0.3)
2054:             2             64  [Ljdk.internal.util.OperatingSystem; (java.base@21.0.3)
2055:             2             64  [Lorg.netbeans.api.autoupdate.UpdateUnitProvider$CATEGORY;
2056:             2             64  [Lorg.netbeans.core.windows.options.TabsPanel$EditorSortType;
2057:             1             64  [Lsun.font.FontConfigManager$FcCompFont; (java.desktop@21.0.3)
2058:             1             64  [Lsun.jvmstat.perfdata.monitor.v2_0.TypeCode; (jdk.internal.jvmstat@21.0.3)
2059:             2             64  [[Lcom.sun.org.apache.xerces.internal.xni.QName; (java.xml@21.0.3)
2060:             2             64  com.sun.beans.finder.BeanInfoFinder (java.desktop@21.0.3)
2061:             2             64  com.sun.beans.finder.PropertyEditorFinder (java.desktop@21.0.3)
2062:             2             64  com.sun.jna.Library$Handler
2063:             2             64  com.sun.jna.platform.unix.X11$Xrender$PictFormat
2064:             2             64  com.sun.org.apache.xerces.internal.utils.XMLSecurityPropertyManager$Property (java.xml@21.0.3)
2065:             2             64  java.awt.color.ICC_Profile (java.desktop@21.0.3)
2066:             2             64  java.awt.color.ICC_ProfileRGB (java.desktop@21.0.3)
2067:             1             64  java.awt.event.InvocationEvent (java.desktop@21.0.3)
2068:             2             64  java.beans.ThreadGroupContext (java.desktop@21.0.3)
2069:             2             64  java.io.ClassCache$1 (java.base@21.0.3)
2070:             1             64  java.lang.invoke.BoundMethodHandle$Species_LLLLLLLL (java.base@21.0.3)
2071:             2             64  java.lang.invoke.MethodHandles$Lookup$ClassOption (java.base@21.0.3)
2072:             2             64  java.lang.invoke.VarHandleByteArrayAsChars$ArrayHandle (java.base@21.0.3)
2073:             2             64  java.lang.invoke.VarHandleByteArrayAsDoubles$ArrayHandle (java.base@21.0.3)
2074:             2             64  java.lang.invoke.VarHandleByteArrayAsFloats$ArrayHandle (java.base@21.0.3)
2075:             2             64  java.lang.invoke.VarHandleByteArrayAsShorts$ArrayHandle (java.base@21.0.3)
2076:             2             64  java.lang.ref.ReferenceQueue$Null (java.base@21.0.3)
2077:             2             64  java.security.MessageDigest$Delegate$CloneableDelegate (java.base@21.0.3)
2078:             1             64  java.security.SecureRandom (java.base@21.0.3)
2079:             2             64  java.text.FieldPosition (java.base@21.0.3)
2080:             2             64  java.time.zone.ZoneOffsetTransition (java.base@21.0.3)
2081:             2             64  java.util.ImmutableCollections$ListItr (java.base@21.0.3)
2082:             4             64  java.util.Optional (java.base@21.0.3)
2083:             2             64  java.util.PriorityQueue (java.base@21.0.3)
2084:             2             64  java.util.ServiceLoader$ModuleServicesLookupIterator (java.base@21.0.3)
2085:             4             64  java.util.TreeMap$EntrySet (java.base@21.0.3)
2086:             4             64  java.util.concurrent.ConcurrentHashMap$EntrySetView (java.base@21.0.3)
2087:             1             64  java.util.logging.LogManager$RootLogger (java.logging@21.0.3)
2088:             1             64  javax.swing.BufferStrategyPaintManager (java.desktop@21.0.3)
2089:             1             64  javax.swing.MultiUIDefaults (java.desktop@21.0.3)
2090:             2             64  javax.swing.border.BevelBorder (java.desktop@21.0.3)
2091:             4             64  javax.swing.plaf.metal.MetalBorders$MenuItemBorder (java.desktop@21.0.3)
2092:             2             64  javax.swing.plaf.metal.MetalBorders$RolloverMarginBorder (java.desktop@21.0.3)
2093:             2             64  javax.swing.plaf.metal.MetalLookAndFeel$AATextListener (java.desktop@21.0.3)
2094:             2             64  javax.swing.text.DefaultFormatterFactory (java.desktop@21.0.3)
2095:             4             64  javax.swing.text.StyleConstants (java.desktop@21.0.3)
2096:             4             64  javax.swing.text.StyleConstants$FontConstants (java.desktop@21.0.3)
2097:             2             64  jdk.internal.loader.URLClassPath$1 (java.base@21.0.3)
2098:             4             64  jdk.internal.module.ServicesCatalog (java.base@21.0.3)
2099:             4             64  jdk.internal.util.Preconditions$4 (java.base@21.0.3)
2100:             2             64  jdk.jfr.internal.jfc.JFC$KnownConfiguration (jdk.jfr@21.0.3)
2101:             4             64  jdk.proxy3.$Proxy4 (jdk.proxy3)
2102:             2             64  org.graalvm.visualvm.application.snapshot.AddApplicationSnapshotAction
2103:             2             64  org.graalvm.visualvm.application.views.monitor.ApplicationMonitorView$MasterViewSupport$2
2104:             2             64  org.graalvm.visualvm.application.views.monitor.ApplicationMonitorView$MasterViewSupport$3
2105:             2             64  org.graalvm.visualvm.coredump.impl.AddVMCoredumpAction
2106:             2             64  org.graalvm.visualvm.host.AddRemoteHostAction
2107:             1             64  org.graalvm.visualvm.host.impl.HostProvider$3
2108:             1             64  org.graalvm.visualvm.host.impl.LocalHostImpl
2109:             2             64  org.graalvm.visualvm.jfr.impl.AddJFRSnapshotAction
2110:             2             64  org.graalvm.visualvm.jmx.impl.AddJMXConnectionAction
2111:             1             64  org.graalvm.visualvm.lib.jfluid.results.ProfilingResultsDispatcher
2112:             1             64  org.graalvm.visualvm.lib.jfluid.results.cpu.CPUSamplingDataFrameProcessor
2113:             4             64  org.graalvm.visualvm.lib.ui.components.HTMLTextAreaSearchUtils$SearchPanel$6
2114:             4             64  org.graalvm.visualvm.lib.ui.swing.EditableHistoryCombo$1
2115:             2             64  org.graalvm.visualvm.modules.mbeans.Utils$ReadOnlyTableCellEditor
2116:             2             64  org.graalvm.visualvm.modules.tracer.impl.DetailsView
2117:             2             64  org.graalvm.visualvm.modules.tracer.impl.TracerModel
2118:             2             64  org.graalvm.visualvm.modules.tracer.impl.TracerView$MasterViewSupport$13
2119:             2             64  org.graalvm.visualvm.modules.tracer.impl.TracerView$MasterViewSupport$14
2120:             2             64  org.graalvm.visualvm.modules.tracer.impl.TracerView$MasterViewSupport$17
2121:             2             64  org.graalvm.visualvm.modules.tracer.impl.TracerView$MasterViewSupport$18
2122:             2             64  org.graalvm.visualvm.modules.tracer.impl.TracerView$MasterViewSupport$5
2123:             2             64  org.graalvm.visualvm.modules.tracer.impl.TracerView$MasterViewSupport$6
2124:             2             64  org.graalvm.visualvm.modules.tracer.impl.timeline.ChartPanel$ZoomInAction
2125:             2             64  org.graalvm.visualvm.modules.tracer.impl.timeline.ChartPanel$ZoomOutAction
2126:             2             64  org.graalvm.visualvm.modules.tracer.impl.timeline.PointsComputer
2127:             2             64  org.graalvm.visualvm.modules.tracer.impl.timeline.TimelineModel
2128:             4             64  org.graalvm.visualvm.profiling.presets.SamplerCPUPanel$ComboRenderer
2129:             1             64  org.netbeans.core.startup.NbInstaller
2130:             1             64  org.netbeans.core.windows.WindowManagerImpl
2131:             1             64  org.netbeans.core.windows.WindowSystemSnapshot
2132:             1             64  org.netbeans.core.windows.view.dnd.WindowDnDManager
2133:             2             64  org.netbeans.core.windows.view.ui.DefaultSplitContainer
2134:             4             64  org.netbeans.core.windows.view.ui.slides.ResizeGestureRecognizer$GlassPane$1
2135:             2             64  org.netbeans.core.windows.view.ui.tabcontrol.TabbedAdapter$2
2136:             4             64  org.netbeans.modules.openide.util.DefaultMutexImplementation$InternalLock
2137:             4             64  org.netbeans.swing.tabcontrol.WinsysInfoForTabbedContainer$DefaultWinsysInfoForTabbedContainer
2138:             4             64  org.netbeans.swing.tabcontrol.plaf.AbstractViewTabDisplayerUI$1
2139:             2             64  org.netbeans.swing.tabcontrol.plaf.DefaultTabbedContainerUI$NoOpFxProvider
2140:             4             64  org.openide.awt.ToolbarWithOverflow$5
2141:             2             64  org.openide.util.ImageUtilities$CachedLookupLoader
2142:             2             64  org.openide.util.ImageUtilities$DisabledButtonFilter
2143:             2             64  org.openide.util.NbBundle$UtfThenIsoCharset
2144:             1             64  org.openjdk.nashorn.internal.objects.NativeError$Constructor
2145:             1             64  org.openjdk.nashorn.internal.objects.NativeError$Prototype
2146:             1             64  org.openjdk.nashorn.internal.objects.NativeFunction$Prototype
2147:             1             64  org.openjdk.nashorn.internal.objects.NativeNumber$Prototype
2148:             1             64  org.openjdk.nashorn.internal.objects.NativeObject$Prototype
2149:             2             64  sun.awt.SoftCache (java.desktop@21.0.3)
2150:             2             64  sun.awt.X11.AwtGraphicsConfigData (java.desktop@21.0.3)
2151:             4             64  sun.awt.X11.XBaseWindow$StateLock (java.desktop@21.0.3)
2152:             1             64  sun.awt.X11.XInputMethod (java.desktop@21.0.3)
2153:             1             64  sun.awt.im.InputMethodContext (java.desktop@21.0.3)
2154:             1             64  sun.java2d.marlin.CollinearSimplifier (java.desktop@21.0.3)
2155:             1             64  sun.java2d.marlin.TransformingPathConsumer2D (java.desktop@21.0.3)
2156:             2             64  sun.java2d.marlin.TransformingPathConsumer2D$DeltaScaleFilter (java.desktop@21.0.3)
2157:             2             64  sun.security.provider.FileInputStreamPool$StreamRef (java.base@21.0.3)
2158:             2             64  sun.security.provider.SecureRandom (java.base@21.0.3)
2159:             2             64  sun.swing.MenuItemLayoutHelper$ColumnAlignment (java.desktop@21.0.3)
2160:             1             56  [Lcom.sun.org.apache.xerces.internal.impl.XMLScanner$NameType; (java.xml@21.0.3)
2161:             1             56  [Lcom.sun.org.apache.xerces.internal.utils.XMLSecurityManager$Limit; (java.xml@21.0.3)
2162:             1             56  [Ljava.lang.Runnable; (java.base@21.0.3)
2163:             1             56  [Ljava.lang.reflect.AccessFlag$Location; (java.base@21.0.3)
2164:             1             56  [Ljava.nio.file.StandardOpenOption; (java.base@21.0.3)
2165:             1             56  [Ljdk.dynalink.Operation; (jdk.dynalink@21.0.3)
2166:             2             56  [Lorg.openide.loaders.MultiFileLoader;
2167:             1             56  [[Lsun.awt.SunHints$Value; (java.desktop@21.0.3)
2168:             1             56  com.sun.org.apache.xerces.internal.jaxp.SAXParserImpl (java.xml@21.0.3)
2169:             1             56  java.lang.invoke.BoundMethodHandle$Specializer (java.base@21.0.3)
2170:             1             56  java.lang.invoke.BoundMethodHandle$Species_LLLLLL (java.base@21.0.3)
2171:             1             56  java.util.logging.ConsoleHandler (java.logging@21.0.3)
2172:             1             56  java.util.logging.LogManager (java.logging@21.0.3)
2173:             1             56  jdk.internal.org.objectweb.asm.Label (java.base@21.0.3)
2174:             1             56  jsyntaxpane.util.Configuration
2175:             1             56  org.graalvm.visualvm.jmx.impl.JmxSupport
2176:             1             56  org.graalvm.visualvm.lib.jfluid.filters.InstrumentationFilter
2177:             1             56  org.graalvm.visualvm.modules.mbeans.XMBeanOperations$1
2178:             1             56  org.netbeans.core.NbLoaderPool
2179:             1             56  org.netbeans.core.startup.logging.DispatchingHandler
2180:             1             56  org.netbeans.core.windows.model.ModesSubModel
2181:             1             56  org.netbeans.core.windows.view.dnd.TopComponentDragSupport
2182:             1             56  org.netbeans.modules.autoupdate.cli.ModuleOptions
2183:             1             56  org.openide.loaders.DataObjectPool
2184:             1             56  org.openjdk.nashorn.internal.objects.NativeArray$Constructor
2185:             1             56  org.openjdk.nashorn.internal.objects.NativeBoolean$Constructor
2186:             1             56  org.openjdk.nashorn.internal.objects.NativeFunction$Constructor
2187:             1             56  org.openjdk.nashorn.internal.objects.NativeNumber$Constructor
2188:             1             56  org.openjdk.nashorn.internal.objects.NativeReferenceError$Constructor
2189:             1             56  org.openjdk.nashorn.internal.objects.NativeString$Constructor
2190:             1             56  org.openjdk.nashorn.internal.objects.NativeSyntaxError$Constructor
2191:             1             56  org.openjdk.nashorn.internal.objects.NativeTypeError$Constructor
2192:             1             56  sun.awt.AppContext (java.desktop@21.0.3)
2193:             1             56  sun.awt.X11.MotifDnDDragSourceProtocol (java.desktop@21.0.3)
2194:             1             56  sun.awt.im.ExecutableInputMethodManager (java.desktop@21.0.3)
2195:             1             56  sun.font.XRGlyphCache (java.desktop@21.0.3)
2196:             1             56  sun.java2d.NullSurfaceData (java.desktop@21.0.3)
2197:             1             56  sun.java2d.marlin.DMarlinRenderingEngine$NormalizingPathIterator$NearestPixelCenter (java.desktop@21.0.3)
2198:             1             56  sun.java2d.marlin.DMarlinRenderingEngine$NormalizingPathIterator$NearestPixelQuarter (java.desktop@21.0.3)
2199:             1             56  sun.java2d.marlin.PathSimplifier (java.desktop@21.0.3)
2200:             1             56  sun.java2d.xr.MaskTileManager (java.desktop@21.0.3)
2201:             1             56  sun.rmi.runtime.Log$InternalStreamHandler (java.rmi@21.0.3)
2202:             1             48  [Lcom.sun.beans.util.Cache$CacheEntry; (java.desktop@21.0.3)
2203:             1             48  [Ljava.beans.WeakIdentityMap$Entry; (java.desktop@21.0.3)
2204:             3             48  [Ljava.lang.StackTraceElement; (java.base@21.0.3)
2205:             3             48  [Ljava.lang.annotation.Annotation; (java.base@21.0.3)
2206:             1             48  [Ljava.lang.management.MemoryPoolMXBean; (java.management@21.0.3)
2207:             1             48  [Ljava.lang.reflect.ProxyGenerator$PrimitiveTypeInfo; (java.base@21.0.3)
2208:             1             48  [Ljava.math.RoundingMode; (java.base@21.0.3)
2209:             1             48  [Ljava.util.List; (java.base@21.0.3)
2210:             1             48  [Ljava.util.concurrent.TimeUnit; (java.base@21.0.3)
2211:             1             48  [Ljavax.swing.DropMode; (java.desktop@21.0.3)
2212:             2             48  [Ljavax.xml.parsers.DocumentBuilderFactory; (java.xml@21.0.3)
2213:             2             48  [Ljavax.xml.parsers.SAXParserFactory; (java.xml@21.0.3)
2214:             1             48  [Ljdk.dynalink.linker.TypeBasedGuardingDynamicLinker; (jdk.dynalink@21.0.3)
2215:             1             48  [Ljdk.xml.internal.JdkProperty$ImplPropMap; (java.xml@21.0.3)
2216:             2             48  [Lorg.graalvm.visualvm.core.ui.components.DataViewComponent$DetailsView;
2217:             2             48  [Lorg.graalvm.visualvm.lib.ui.swing.renderer.ProfilerRenderer;
2218:             1             48  [Lorg.graalvm.visualvm.modules.mbeans.XNodeInfo$Type;
2219:             2             48  [Lorg.graalvm.visualvm.modules.tracer.impl.timeline.TimelineSupport;
2220:             1             48  [Lorg.netbeans.modules.autoupdate.ui.wizards.OperationWizardModel$OperationType;
2221:             2             48  [Lorg.openjdk.nashorn.internal.codegen.types.Type;
2222:             1             48  [Lorg.openjdk.nashorn.internal.runtime.JSType;
2223:             1             48  [Lsun.font.FontStrike; (java.desktop@21.0.3)
2224:             1             48  [Lsun.jvmstat.monitor.Units; (jdk.internal.jvmstat@21.0.3)
2225:             2             48  com.sun.jmx.mbeanserver.ClassLoaderRepositorySupport$LoaderEntry (java.management@21.0.3)
2226:             1             48  com.sun.jmx.mbeanserver.DefaultMXBeanMappingFactory$Mappings (java.management@21.0.3)
2227:             1             48  com.sun.jmx.mbeanserver.MBeanIntrospector$MBeanInfoMap (java.management@21.0.3)
2228:             1             48  com.sun.jmx.mbeanserver.MBeanIntrospector$PerInterfaceMap (java.management@21.0.3)
2229:             2             48  com.sun.jmx.mbeanserver.WeakIdentityHashMap (java.management@21.0.3)
2230:             2             48  com.sun.jna.Memory$MemoryDisposer
2231:             2             48  com.sun.jna.NativeLibrary$NativeLibraryDisposer
2232:             2             48  com.sun.jvmstat.tools.visualgc.VisualGCView$MasterViewSupport$1
2233:             1             48  com.sun.org.apache.xerces.internal.impl.XMLEntityManager$RewindableInputStream (java.xml@21.0.3)
2234:             2             48  com.sun.org.apache.xerces.internal.impl.dtd.DTDGrammarBucket (java.xml@21.0.3)
2235:             3             48  com.sun.org.apache.xerces.internal.impl.dv.dtd.ListDatatypeValidator (java.xml@21.0.3)
2236:             1             48  com.sun.org.apache.xerces.internal.impl.io.UTF8Reader (java.xml@21.0.3)
2237:             1             48  com.sun.org.apache.xerces.internal.util.URI (java.xml@21.0.3)
2238:             1             48  com.sun.org.apache.xerces.internal.util.XMLAttributesImpl (java.xml@21.0.3)
2239:             3             48  com.sun.proxy.jdk.proxy1.$Proxy36 (jdk.proxy1)
2240:             3             48  java.awt.ComponentOrientation (java.desktop@21.0.3)
2241:             1             48  java.awt.LightweightDispatcher (java.desktop@21.0.3)
2242:             1             48  java.awt.geom.Rectangle2D$Double (java.desktop@21.0.3)
2243:             2             48  java.io.File$PathStatus (java.base@21.0.3)
2244:             2             48  java.io.FilePermissionCollection (java.base@21.0.3)
2245:             2             48  java.io.ObjectStreamClass$ExceptionInfo (java.base@21.0.3)
2246:             3             48  java.lang.Boolean (java.base@21.0.3)
2247:             1             48  java.lang.NullPointerException (java.base@21.0.3)
2248:             1             48  java.lang.invoke.BoundMethodHandle$Specializer$Factory (java.base@21.0.3)
2249:             2             48  java.net.InterfaceAddress (java.base@21.0.3)
2250:             1             48  java.net.NetworkInterface (java.base@21.0.3)
2251:             2             48  java.net.SocketPermissionCollection (java.base@21.0.3)
2252:             3             48  java.nio.charset.CodingErrorAction (java.base@21.0.3)
2253:             3             48  java.text.AttributedCharacterIterator$Attribute (java.base@21.0.3)
2254:             1             48  java.text.AttributedString$AttributedStringIterator (java.base@21.0.3)
2255:             3             48  java.util.AbstractMap$1 (java.base@21.0.3)
2256:             2             48  java.util.PropertyPermissionCollection (java.base@21.0.3)
2257:             3             48  java.util.ResourceBundle$NoFallbackControl (java.base@21.0.3)
2258:             2             48  java.util.ServiceLoader$2 (java.base@21.0.3)
2259:             1             48  java.util.concurrent.ConcurrentSkipListMap (java.base@21.0.3)
2260:             2             48  java.util.concurrent.Executors$AutoShutdownDelegatedExecutorService (java.base@21.0.3)
2261:             1             48  java.util.concurrent.ThreadPoolExecutor$Worker (java.base@21.0.3)
2262:             3             48  java.util.concurrent.atomic.AtomicReference (java.base@21.0.3)
2263:             1             48  java.util.concurrent.locks.ReentrantReadWriteLock$FairSync (java.base@21.0.3)
2264:             2             48  java.util.logging.LoggingPermission (java.logging@21.0.3)
2265:             2             48  java.util.regex.Pattern$$Lambda/0x800000033 (java.base@21.0.3)
2266:             2             48  javax.management.NotificationBroadcasterSupport$ListenerInfo (java.management@21.0.3)
2267:             3             48  javax.swing.CompareTabOrderComparator (java.desktop@21.0.3)
2268:             2             48  javax.swing.RowSorter$SortKey (java.desktop@21.0.3)
2269:             1             48  javax.swing.TransferHandler$DropHandler (java.desktop@21.0.3)
2270:             3             48  javax.swing.TransferHandler$TransferAction (java.desktop@21.0.3)
2271:             1             48  javax.swing.UIDefaults$TextAndMnemonicHashMap (java.desktop@21.0.3)
2272:             1             48  javax.swing.UIManager$LAFState (java.desktop@21.0.3)
2273:             3             48  javax.swing.event.DocumentEvent$EventType (java.desktop@21.0.3)
2274:             2             48  javax.swing.event.RowSorterEvent$Type (java.desktop@21.0.3)
2275:             2             48  javax.swing.plaf.BorderUIResource$LineBorderUIResource (java.desktop@21.0.3)
2276:             3             48  javax.swing.plaf.basic.BasicButtonUI$KeyHandler (java.desktop@21.0.3)
2277:             1             48  javax.swing.plaf.basic.BasicPopupMenuUI$MenuKeyboardHelper (java.desktop@21.0.3)
2278:             2             48  javax.swing.plaf.basic.BasicSpinnerUI (java.desktop@21.0.3)
2279:             2             48  javax.swing.plaf.basic.BasicSpinnerUI$Handler (java.desktop@21.0.3)
2280:             1             48  javax.swing.plaf.basic.BasicTextUI$TextTransferHandler (java.desktop@21.0.3)
2281:             3             48  javax.swing.plaf.metal.MetalBorders$ButtonBorder (java.desktop@21.0.3)
2282:             1             48  javax.swing.plaf.metal.MetalCheckBoxUI (java.desktop@21.0.3)
2283:             2             48  javax.swing.plaf.metal.MetalLabelUI (java.desktop@21.0.3)
2284:             1             48  javax.swing.plaf.metal.MetalRadioButtonUI (java.desktop@21.0.3)
2285:             1             48  javax.swing.plaf.metal.MetalToggleButtonUI (java.desktop@21.0.3)
2286:             3             48  javax.swing.table.TableRowSorter$TableRowSorterModelWrapper (java.desktop@21.0.3)
2287:             2             48  javax.swing.text.DefaultEditorKit$BeginAction (java.desktop@21.0.3)
2288:             2             48  javax.swing.text.DefaultEditorKit$DefaultKeyTypedAction (java.desktop@21.0.3)
2289:             2             48  javax.swing.text.DefaultEditorKit$DeleteWordAction (java.desktop@21.0.3)
2290:             2             48  javax.swing.text.DefaultEditorKit$EndAction (java.desktop@21.0.3)
2291:             2             48  javax.swing.text.DefaultEditorKit$NextWordAction (java.desktop@21.0.3)
2292:             2             48  javax.swing.text.DefaultEditorKit$PageAction (java.desktop@21.0.3)
2293:             2             48  javax.swing.text.DefaultEditorKit$PreviousWordAction (java.desktop@21.0.3)
2294:             2             48  javax.swing.text.html.HTMLEditorKit$BeginAction (java.desktop@21.0.3)
2295:             1             48  javax.swing.text.html.HTMLEditorKit$InsertHRAction (java.desktop@21.0.3)
2296:             2             48  javax.swing.text.html.HTMLEditorKit$NavigateLinkAction (java.desktop@21.0.3)
2297:             2             48  javax.swing.text.html.StyleSheet$BoxPainter$HorizontalMargin (java.desktop@21.0.3)
2298:             2             48  javax.swing.tree.DefaultTreeModel (java.desktop@21.0.3)
2299:             2             48  jdk.dynalink.NamedOperation (jdk.dynalink@21.0.3)
2300:             2             48  jdk.internal.icu.impl.ReplaceableUCharacterIterator (java.base@21.0.3)
2301:             1             48  jdk.internal.icu.util.CodePointTrie$Fast16 (java.base@21.0.3)
2302:             2             48  jdk.internal.icu.util.CodePointTrie$Type (java.base@21.0.3)
2303:             1             48  jdk.internal.jimage.ImageHeader (java.base@21.0.3)
2304:             2             48  jdk.internal.misc.Signal$NativeHandler (java.base@21.0.3)
2305:             2             48  jdk.internal.reflect.ReflectionFactory$Config (java.base@21.0.3)
2306:             1             48  jdk.jfr.internal.MetadataRepository (jdk.jfr@21.0.3)
2307:             1             48  jdk.jfr.internal.PlatformRecorder (jdk.jfr@21.0.3)
2308:             1             48  jdk.jfr.internal.periodic.FlushTask (jdk.jfr@21.0.3)
2309:             1             48  jdk.management.jfr.FlightRecorderMXBeanImpl (jdk.management.jfr@21.0.3)
2310:             3             48  jdk.proxy1.$Proxy17 (jdk.proxy1)
2311:             3             48  jdk.proxy1.$Proxy35 (jdk.proxy1)
2312:             3             48  jdk.proxy1.$Proxy37 (jdk.proxy1)
2313:             3             48  jdk.proxy1.$Proxy42 (jdk.proxy1)
2314:             3             48  jdk.proxy8.$Proxy13 (jdk.proxy8)
2315:             2             48  org.graalvm.visualvm.application.views.monitor.ApplicationMonitorModel$6
2316:             2             48  org.graalvm.visualvm.application.views.monitor.ApplicationMonitorView$2
2317:             2             48  org.graalvm.visualvm.application.views.overview.OverviewViewSupport$MasterViewSupport$1
2318:             1             48  org.graalvm.visualvm.charts.xy.SimpleXYChartUtils$3
2319:             2             48  org.graalvm.visualvm.core.datasupport.AsyncPropertyChangeSupport
2320:             1             48  org.graalvm.visualvm.core.snapshot.SnapshotsContainerDescriptor
2321:             1             48  org.graalvm.visualvm.coredump.CoreDumpsContainerDescriptor
2322:             1             48  org.graalvm.visualvm.host.LocalHostDescriptor
2323:             1             48  org.graalvm.visualvm.host.RemoteHostsContainerDescriptor
2324:             1             48  org.graalvm.visualvm.jfr.JFRSnapshotsContainerDescriptor
2325:             2             48  org.graalvm.visualvm.jfr.model.impl.JfrModelImpl
2326:             2             48  org.graalvm.visualvm.lib.charts.PaintersModel$Default
2327:             1             48  org.graalvm.visualvm.lib.common.AttachSettings
2328:             1             48  org.graalvm.visualvm.lib.jfluid.instrumentation.Instrumentor
2329:             1             48  org.graalvm.visualvm.lib.profiler.actions.TakeSnapshotAction
2330:             1             48  org.graalvm.visualvm.lib.ui.swing.ProfilerTableHovers
2331:             1             48  org.graalvm.visualvm.modules.appui.proxysettings.ProxySettingsHack$1$1
2332:             2             48  org.graalvm.visualvm.modules.jconsole.JConsolePluginWrapper
2333:             3             48  org.graalvm.visualvm.modules.mbeans.Utils$EditFocusAdapter
2334:             1             48  org.graalvm.visualvm.modules.tracer.dynamic.impl.DynamicPackageProvider
2335:             2             48  org.graalvm.visualvm.modules.tracer.impl.PackagesView
2336:             2             48  org.graalvm.visualvm.modules.tracer.impl.PackagesView$2
2337:             2             48  org.graalvm.visualvm.modules.tracer.impl.PackagesView$3
2338:             2             48  org.graalvm.visualvm.modules.tracer.impl.TimelineView
2339:             2             48  org.graalvm.visualvm.modules.tracer.impl.TracerModel$1
2340:             2             48  org.graalvm.visualvm.modules.tracer.impl.TracerView$MasterViewSupport$4
2341:             2             48  org.graalvm.visualvm.modules.tracer.impl.details.TimestampRenderer
2342:             2             48  org.graalvm.visualvm.modules.tracer.impl.timeline.ChartPanel$ToggleViewAction$1
2343:             2             48  org.graalvm.visualvm.modules.tracer.impl.timeline.ProbesPanel$3
2344:             2             48  org.graalvm.visualvm.modules.tracer.impl.timeline.ProbesPanel$7
2345:             2             48  org.graalvm.visualvm.modules.tracer.impl.timeline.ProbesPanel$ViewportUpdater
2346:             2             48  org.graalvm.visualvm.modules.tracer.impl.timeline.RowForegroundDecorator
2347:             2             48  org.graalvm.visualvm.modules.tracer.impl.timeline.TimelineAxis$1
2348:             2             48  org.graalvm.visualvm.modules.tracer.impl.timeline.TimelineAxis$5
2349:             2             48  org.graalvm.visualvm.modules.tracer.impl.timeline.TimelinePanel$ProbesWheelHandler
2350:             2             48  org.graalvm.visualvm.modules.tracer.impl.timeline.TimelineSelectionOverlay$ConfigurationListener
2351:             2             48  org.graalvm.visualvm.modules.tracer.impl.timeline.TimelineTooltipOverlay$1
2352:             2             48  org.graalvm.visualvm.modules.tracer.impl.timeline.TimelineTooltipOverlay$2
2353:             2             48  org.graalvm.visualvm.modules.tracer.impl.timeline.TimelineTooltipOverlay$3
2354:             2             48  org.graalvm.visualvm.modules.tracer.impl.timeline.TimelineTooltipOverlay$4
2355:             2             48  org.graalvm.visualvm.modules.tracer.impl.timeline.TimelineTooltipOverlay$5
2356:             2             48  org.graalvm.visualvm.profiler.startup.StartupProfilerAction
2357:             1             48  org.graalvm.visualvm.tools.jmx.CachedMBeanServerConnectionFactory$SnapshotInvocationHandler$NameValueMap
2358:             3             48  org.graalvm.visualvm.uisupport.HTMLLabel$1
2359:             1             48  org.netbeans.InvalidException
2360:             1             48  org.netbeans.ModuleManager$ModuleDataCache
2361:             2             48  org.netbeans.PatchByteCode
2362:             1             48  org.netbeans.core.NbAuthenticator
2363:             2             48  org.netbeans.core.NbStatusDisplayer$MessageImpl
2364:             1             48  org.netbeans.core.startup.ModuleList
2365:             1             48  org.netbeans.core.startup.NbRepository
2366:             1             48  org.netbeans.core.startup.StartLog$StartImpl
2367:             1             48  org.netbeans.core.startup.TopLogging$LookupDel
2368:             1             48  org.netbeans.core.startup.TopThreadGroup
2369:             2             48  org.netbeans.core.windows.LazyLoader$LazyMode
2370:             1             48  org.netbeans.core.windows.actions.ToggleFullScreenAction
2371:             1             48  org.netbeans.core.windows.persistence.ModuleChangeHandler
2372:             2             48  org.netbeans.core.windows.view.ModeStructureAccessorImpl$ModeAccessorImpl
2373:             1             48  org.netbeans.core.windows.view.SplitView
2374:             1             48  org.netbeans.core.windows.view.ui.MultiSplitDivider
2375:             2             48  org.netbeans.core.windows.view.ui.toolbars.ToolbarConstraints$Align
2376:             3             48  org.netbeans.core.windows.view.ui.toolbars.ToolbarContainer$2
2377:             1             48  org.netbeans.modules.autoupdate.updateprovider.AutoupdateCatalogProvider
2378:             1             48  org.netbeans.modules.masterfs.watcher.Watcher$Ext
2379:             1             48  org.netbeans.modules.progress.spi.SwingController
2380:             3             48  org.netbeans.modules.sendopts.OptionImpl$Appearance
2381:             1             48  org.netbeans.modules.settings.SaveSupport
2382:             3             48  org.netbeans.modules.settings.convertors.SerialDataConvertor$NodeConvertor
2383:             3             48  org.openide.awt.ToolbarWithOverflow$1
2384:             3             48  org.openide.awt.ToolbarWithOverflow$2
2385:             2             48  org.openide.awt.ToolbarWithOverflow$ToolbarArrowIcon
2386:             3             48  org.openide.filesystems.FCLSupport
2387:             3             48  org.openide.filesystems.FileURL$Handler
2388:             3             48  org.openide.filesystems.LocalFileSystem$Impl
2389:             1             48  org.openide.filesystems.XMLFileSystem$FileObjRef
2390:             1             48  org.openide.loaders.DataObjectPool$DoubleHashMap
2391:             2             48  org.openide.loaders.ExtensionList
2392:             3             48  org.openide.loaders.InstanceDataObject$2
2393:             3             48  org.openide.loaders.InstanceDataObject$3
2394:             2             48  org.openide.util.lookup.Lookups$LookupItem
2395:             2             48  org.openjdk.nashorn.internal.WeakValueCache
2396:             1             48  org.openjdk.nashorn.internal.objects.NativeBoolean$Prototype
2397:             1             48  org.openjdk.nashorn.internal.objects.NativeReferenceError$Prototype
2398:             1             48  org.openjdk.nashorn.internal.objects.NativeSyntaxError$Prototype
2399:             1             48  org.openjdk.nashorn.internal.objects.NativeTypeError$Prototype
2400:             2             48  org.openjdk.nashorn.internal.runtime.linker.InvokeByName
2401:             2             48  sun.awt.MostRecentKeyValue (java.desktop@21.0.3)
2402:             3             48  sun.awt.SunDisplayChanger (java.desktop@21.0.3)
2403:             1             48  sun.awt.X11.XCreateWindowParams (java.desktop@21.0.3)
2404:             1             48  sun.awt.X11.XDnDDragSourceProtocol (java.desktop@21.0.3)
2405:             1             48  sun.awt.X11.XWINProtocol (java.desktop@21.0.3)
2406:             2             48  sun.awt.X11GraphicsConfig$X11GCDisposerRecord (java.desktop@21.0.3)
2407:             2             48  sun.awt.im.InputMethodLocator (java.desktop@21.0.3)
2408:             2             48  sun.awt.util.IdentityArrayList (java.desktop@21.0.3)
2409:             1             48  sun.font.CMap$CMapFormat12 (java.desktop@21.0.3)
2410:             2             48  sun.java2d.ReentrantContextProviderTL$1 (java.desktop@21.0.3)
2411:             1             48  sun.java2d.SurfaceData$PixelToPgramLoopConverter (java.desktop@21.0.3)
2412:             1             48  sun.java2d.loops.DrawGlyphListColor (java.desktop@21.0.3)
2413:             2             48  sun.java2d.marlin.ArrayCacheByte$Reference (java.desktop@21.0.3)
2414:             3             48  sun.java2d.marlin.OffHeapArray$$Lambda/0x00007e0ca83fbbf0 (java.desktop@21.0.3)
2415:             1             48  sun.java2d.marlin.TransformingPathConsumer2D$CurveClipSplitter (java.desktop@21.0.3)
2416:             3             48  sun.java2d.pipe.SpanClipRenderer (java.desktop@21.0.3)
2417:             1             48  sun.java2d.xr.XRMaskImage (java.desktop@21.0.3)
2418:             2             48  sun.jvmstat.perfdata.monitor.protocol.local.LocalVmManager (jdk.internal.jvmstat@21.0.3)
2419:             1             48  sun.jvmstat.perfdata.monitor.protocol.local.MonitoredHostProvider$NotifierTask (jdk.internal.jvmstat@21.0.3)
2420:             1             48  sun.nio.ch.FileChannelImpl$DefaultUnmapper (java.base@21.0.3)
2421:             1             48  sun.nio.cs.StreamDecoder (java.base@21.0.3)
2422:             2             48  sun.nio.fs.AbstractWatchKey$State (java.base@21.0.3)
2423:             1             48  sun.nio.fs.LinuxWatchService$Poller (java.base@21.0.3)
2424:             1             48  sun.rmi.transport.tcp.TCPChannel (java.rmi@21.0.3)
2425:             2             48  sun.security.jca.ProviderList (java.base@21.0.3)
2426:             2             48  sun.security.jca.ProviderList$3 (java.base@21.0.3)
2427:             2             48  sun.swing.ImageCache (java.desktop@21.0.3)
2428:             2             48  sun.swing.SwingUtilities2$LSBCacheEntry (java.desktop@21.0.3)
2429:             2             48  sun.util.locale.provider.CurrencyNameProviderImpl (java.base@21.0.3)
2430:             1             48  sun.util.resources.TimeZoneNames (java.base@21.0.3)
2431:             1             48  sun.util.resources.TimeZoneNames_en (java.base@21.0.3)
2432:             1             48  sun.util.resources.cldr.CurrencyNames (java.base@21.0.3)
2433:             1             48  sun.util.resources.cldr.CurrencyNames_en (java.base@21.0.3)
2434:             1             48  sun.util.resources.cldr.TimeZoneNames (java.base@21.0.3)
2435:             1             48  sun.util.resources.cldr.TimeZoneNames_en (java.base@21.0.3)
2436:             2             40  [Lcom.sun.jmx.mbeanserver.ClassLoaderRepositorySupport$LoaderEntry; (java.management@21.0.3)
2437:             1             40  [Lcom.sun.org.apache.xerces.internal.util.Status; (java.xml@21.0.3)
2438:             1             40  [Ljava.lang.invoke.VarHandle$AccessType; (java.base@21.0.3)
2439:             1             40  [Ljava.lang.management.MemoryManagerMXBean; (java.management@21.0.3)
2440:             2             40  [Ljava.net.URL; (java.base@21.0.3)
2441:             2             40  [Ljava.rmi.server.ObjID; (java.rmi@21.0.3)
2442:             2             40  [Ljava.time.zone.ZoneOffsetTransitionRule; (java.base@21.0.3)
2443:             1             40  [Ljava.util.stream.StreamOpFlag; (java.base@21.0.3)
2444:             1             40  [Ljavax.swing.plaf.FontUIResource; (java.desktop@21.0.3)
2445:             1             40  [Ljdk.dynalink.StandardOperation; (jdk.dynalink@21.0.3)
2446:             1             40  [Ljdk.jfr.internal.LogLevel; (jdk.jfr@21.0.3)
2447:             1             40  [Lorg.graalvm.visualvm.sampler.SamplerImpl$State;
2448:             1             40  [Lorg.openide.filesystems.FCLSupport$Op;
2449:             1             40  [Lorg.openide.filesystems.MIMEResolver;
2450:             1             40  [Lsun.awt.EventQueueItem; (java.desktop@21.0.3)
2451:             1             40  [Lsun.awt.OSInfo$OSType; (java.desktop@21.0.3)
2452:             2             40  [Lsun.awt.X11.XAtom; (java.desktop@21.0.3)
2453:             1             40  [Lsun.font.FontDesignMetrics; (java.desktop@21.0.3)
2454:             1             40  [Lsun.java2d.loops.RenderLoops; (java.desktop@21.0.3)
2455:             1             40  [Lsun.java2d.loops.SurfaceType; (java.desktop@21.0.3)
2456:             1             40  [Lsun.swing.SwingUtilities2$LSBCacheEntry; (java.desktop@21.0.3)
2457:             1             40  [Lsun.util.locale.provider.LocaleProviderAdapter$Type; (java.base@21.0.3)
2458:             1             40  [[Ljava.lang.invoke.LambdaForm$Name; (java.base@21.0.3)
2459:             1             40  [[[I (java.base@21.0.3)
2460:             1             40  [[[Lsun.awt.FontDescriptor; (java.desktop@21.0.3)
2461:             1             40  [[[S (java.base@21.0.3)
2462:             1             40  com.sun.jmx.interceptor.DefaultMBeanServerInterceptor (java.management@21.0.3)
2463:             1             40  com.sun.jmx.mbeanserver.JmxMBeanServer (java.management@21.0.3)
2464:             1             40  com.sun.jmx.mbeanserver.MBeanServerDelegateImpl (java.management@21.0.3)
2465:             1             40  com.sun.management.internal.DiagnosticCommandImpl (jdk.management@21.0.3)
2466:             1             40  com.sun.management.internal.OperatingSystemImpl$ProcessCpuTicks (jdk.management@21.0.3)
2467:             1             40  com.sun.management.internal.OperatingSystemImpl$SystemCpuTicks (jdk.management@21.0.3)
2468:             1             40  com.sun.org.apache.xerces.internal.impl.XMLEntityScanner$1 (java.xml@21.0.3)
2469:             1             40  com.sun.org.apache.xerces.internal.impl.XMLErrorReporter (java.xml@21.0.3)
2470:             1             40  com.sun.org.apache.xerces.internal.impl.XMLVersionDetector (java.xml@21.0.3)
2471:             1             40  com.sun.org.apache.xerces.internal.util.SymbolTable (java.xml@21.0.3)
2472:             1             40  com.sun.org.apache.xerces.internal.utils.XMLLimitAnalyzer (java.xml@21.0.3)
2473:             1             40  com.sun.org.apache.xerces.internal.utils.XMLSecurityManager (java.xml@21.0.3)
2474:             1             40  com.sun.swing.internal.plaf.basic.resources.basic (java.desktop@21.0.3)
2475:             1             40  com.sun.swing.internal.plaf.metal.resources.metal (java.desktop@21.0.3)
2476:             1             40  com.sun.xml.internal.stream.XMLEntityStorage (java.xml@21.0.3)
2477:             1             40  java.awt.datatransfer.SystemFlavorMap (java.datatransfer@21.0.3)
2478:             1             40  java.lang.ArithmeticException (java.base@21.0.3)
2479:             1             40  java.lang.ClassCastException (java.base@21.0.3)
2480:             1             40  java.lang.Exception (java.base@21.0.3)
2481:             1             40  java.lang.VirtualMachineError (java.base@21.0.3)
2482:             1             40  java.lang.invoke.BoundMethodHandle$Species_I (java.base@21.0.3)
2483:             1             40  java.lang.invoke.VarHandleBooleans$FieldInstanceReadWrite (java.base@21.0.3)
2484:             1             40  java.lang.invoke.VarHandleLongs$FieldInstanceReadWrite (java.base@21.0.3)
2485:             1             40  java.net.Socket (java.base@21.0.3)
2486:             1             40  java.text.RBCollationTables (java.base@21.0.3)
2487:             1             40  java.time.zone.ZoneRules (java.base@21.0.3)
2488:             1             40  java.util.Collections$SingletonMap (java.base@21.0.3)
2489:             1             40  java.util.ResourceBundle$2 (java.base@21.0.3)
2490:             1             40  java.util.concurrent.LinkedBlockingDeque (java.base@21.0.3)
2491:             1             40  java.util.zip.InflaterInputStream (java.base@21.0.3)
2492:             1             40  javax.swing.LayoutFocusTraversalPolicy (java.desktop@21.0.3)
2493:             1             40  javax.swing.plaf.basic.BasicTextUI$BasicCursor (java.desktop@21.0.3)
2494:             1             40  javax.swing.plaf.metal.MetalButtonUI (java.desktop@21.0.3)
2495:             1             40  javax.swing.text.JTextComponent$4 (java.desktop@21.0.3)
2496:             1             40  javax.swing.text.StyleContext (java.desktop@21.0.3)
2497:             1             40  jdk.internal.event.SecurityProviderServiceEvent (java.base@21.0.3)
2498:             1             40  jdk.internal.event.ThreadSleepEvent (java.base@21.0.3)
2499:             1             40  jdk.internal.event.VirtualThreadEndEvent (java.base@21.0.3)
2500:             1             40  jdk.internal.event.VirtualThreadStartEvent (java.base@21.0.3)
2501:             1             40  jdk.internal.ref.CleanerImpl$CleanerCleanable (java.base@21.0.3)
2502:             1             40  org.graalvm.visualvm.application.ApplicationsSorting
2503:             1             40  org.graalvm.visualvm.application.snapshot.ApplicationSnapshotAction
2504:             1             40  org.graalvm.visualvm.application.views.ApplicationViewsSupport
2505:             1             40  org.graalvm.visualvm.core.datasource.DataSource$1
2506:             1             40  org.graalvm.visualvm.core.explorer.ExplorerModelBuilder
2507:             1             40  org.graalvm.visualvm.core.snapshot.SnapshotsContainer
2508:             1             40  org.graalvm.visualvm.coredump.CoreDumpsContainer
2509:             1             40  org.graalvm.visualvm.heapdump.impl.HeapDumpAction
2510:             1             40  org.graalvm.visualvm.heapdump.impl.HeapDumpOnOOMEAction
2511:             1             40  org.graalvm.visualvm.host.RemoteHostsContainer
2512:             1             40  org.graalvm.visualvm.jfr.JFRSnapshotsContainer
2513:             1             40  org.graalvm.visualvm.jfr.impl.JFRDumpAction
2514:             1             40  org.graalvm.visualvm.jfr.impl.JFRStartAction
2515:             1             40  org.graalvm.visualvm.jfr.impl.JFRStopAction
2516:             1             40  org.graalvm.visualvm.lib.jfluid.TargetAppRunner
2517:             1             40  org.graalvm.visualvm.lib.jfluid.global.TransactionalSupport
2518:             1             40  org.graalvm.visualvm.modules.appui.AboutAction
2519:             1             40  org.graalvm.visualvm.modules.appui.welcome.ShowWelcomeAction
2520:             1             40  org.graalvm.visualvm.profiler.ApplicationProfilerView$1
2521:             1             40  org.graalvm.visualvm.profiler.ApplicationProfilerView$2
2522:             1             40  org.graalvm.visualvm.profiler.ApplicationProfilerView$3
2523:             1             40  org.graalvm.visualvm.profiler.ApplicationProfilerView$4
2524:             1             40  org.graalvm.visualvm.profiler.ProfileApplicationAction
2525:             1             40  org.graalvm.visualvm.threaddump.impl.ThreadDumpAction
2526:             1             40  org.netbeans.Archive
2527:             1             40  org.netbeans.core.NbErrorManager
2528:             1             40  org.netbeans.core.NbKeymap
2529:             1             40  org.netbeans.core.actions.SystemExit
2530:             1             40  org.netbeans.core.windows.RegistryImpl
2531:             1             40  org.netbeans.core.windows.actions.MaximizeWindowAction
2532:             1             40  org.netbeans.core.windows.persistence.WindowManagerParser
2533:             1             40  org.netbeans.core.windows.view.EditorView
2534:             1             40  org.netbeans.core.windows.view.ModeStructureAccessorImpl$SplitAccessorImpl
2535:             1             40  org.netbeans.core.windows.view.ui.AutoHidingMenuBar
2536:             1             40  org.netbeans.core.windows.view.ui.DesktopImpl
2537:             1             40  org.netbeans.core.windows.view.ui.toolbars.ToolbarConfiguration
2538:             1             40  org.netbeans.modules.openide.loaders.FileEntityResolver$StopSaxException
2539:             1             40  org.netbeans.modules.progress.spi.TaskModel
2540:             1             40  org.netbeans.swing.tabcontrol.plaf.BusyTabsSupport$DefaultBusyTabsSupport
2541:             1             40  org.openide.actions.GarbageCollectAction
2542:             1             40  org.openide.filesystems.MIMESupport$CachedFileObject
2543:             1             40  org.openide.loaders.DataLoaderPool$DefaultLoader
2544:             1             40  org.openide.loaders.DataLoaderPool$FolderLoader
2545:             1             40  org.openide.loaders.DataLoaderPool$InstanceLoader
2546:             1             40  org.openide.loaders.DataLoaderPool$InstanceLoaderSystem
2547:             1             40  org.openide.loaders.DataLoaderPool$ShadowLoader
2548:             1             40  org.openide.loaders.DataObjectPool$Validator
2549:             1             40  org.openide.loaders.XMLDataObject$Loader
2550:             1             40  org.openide.loaders.XMLDataObjectInfoParser$StopSaxException
2551:             1             40  org.openjdk.nashorn.internal.codegen.types.ArrayType
2552:             1             40  org.openjdk.nashorn.internal.codegen.types.BooleanType
2553:             1             40  org.openjdk.nashorn.internal.codegen.types.IntType
2554:             1             40  org.openjdk.nashorn.internal.codegen.types.LongType
2555:             1             40  org.openjdk.nashorn.internal.codegen.types.NumberType
2556:             1             40  org.openjdk.nashorn.internal.codegen.types.Type$1
2557:             1             40  org.openjdk.nashorn.internal.codegen.types.Type$2
2558:             1             40  org.openjdk.nashorn.internal.codegen.types.Type$3
2559:             1             40  org.openjdk.nashorn.internal.codegen.types.Type$4
2560:             1             40  org.openjdk.nashorn.internal.codegen.types.Type$5
2561:             1             40  org.openjdk.nashorn.internal.codegen.types.Type$6
2562:             1             40  org.openjdk.nashorn.internal.codegen.types.Type$7
2563:             1             40  org.openjdk.nashorn.internal.objects.NativeArray
2564:             1             40  sun.awt.AWTAutoShutdown (java.desktop@21.0.3)
2565:             1             40  sun.awt.X11.XMSelection (java.desktop@21.0.3)
2566:             1             40  sun.awt.X11GraphicsEnvironment (java.desktop@21.0.3)
2567:             1             40  sun.awt.resources.awt (java.desktop@21.0.3)
2568:             1             40  sun.java2d.SurfaceDataProxy$1 (java.desktop@21.0.3)
2569:             1             40  sun.java2d.marlin.Helpers$IndexStack (java.desktop@21.0.3)
2570:             1             40  sun.java2d.marlin.TransformingPathConsumer2D$CurveBasicMonotonizer (java.desktop@21.0.3)
2571:             1             40  sun.java2d.pipe.AAShapePipe$TileState (java.desktop@21.0.3)
2572:             1             40  sun.nio.ch.FileLockImpl (java.base@21.0.3)
2573:             1             40  sun.nio.cs.StandardCharsets$Aliases (java.base@21.0.3)
2574:             1             40  sun.nio.cs.StandardCharsets$Cache (java.base@21.0.3)
2575:             1             40  sun.nio.cs.UTF_8$Decoder (java.base@21.0.3)
2576:             1             40  sun.security.util.KnownOIDs$1 (java.base@21.0.3)
2577:             1             40  sun.security.util.KnownOIDs$10 (java.base@21.0.3)
2578:             1             40  sun.security.util.KnownOIDs$2 (java.base@21.0.3)
2579:             1             40  sun.security.util.KnownOIDs$3 (java.base@21.0.3)
2580:             1             40  sun.security.util.KnownOIDs$4 (java.base@21.0.3)
2581:             1             40  sun.security.util.KnownOIDs$5 (java.base@21.0.3)
2582:             1             40  sun.security.util.KnownOIDs$6 (java.base@21.0.3)
2583:             1             40  sun.security.util.KnownOIDs$7 (java.base@21.0.3)
2584:             1             40  sun.security.util.KnownOIDs$8 (java.base@21.0.3)
2585:             1             40  sun.security.util.KnownOIDs$9 (java.base@21.0.3)
2586:             1             40  sun.text.IntHashtable (java.base@21.0.3)
2587:             1             40  sun.text.UCompactIntArray (java.base@21.0.3)
2588:             1             40  sun.text.resources.CollationData (java.base@21.0.3)
2589:             1             40  sun.text.resources.cldr.FormatData (java.base@21.0.3)
2590:             1             40  sun.text.resources.cldr.FormatData_en (java.base@21.0.3)
2591:             1             40  sun.util.locale.InternalLocaleBuilder (java.base@21.0.3)
2592:             1             40  sun.util.resources.Bundles$1 (java.base@21.0.3)
2593:             1             40  sun.util.resources.cldr.CalendarData (java.base@21.0.3)
2594:             1             32  [Lcom.sun.beans.util.Cache$Kind; (java.desktop@21.0.3)
2595:             1             32  [Lcom.sun.org.apache.xerces.internal.utils.XMLSecurityManager$NameMap; (java.xml@21.0.3)
2596:             1             32  [Ljava.awt.Dialog$ModalExclusionType; (java.desktop@21.0.3)
2597:             1             32  [Ljava.awt.Dialog$ModalityType; (java.desktop@21.0.3)
2598:             1             32  [Ljava.awt.EventFilter$FilterAction; (java.desktop@21.0.3)
2599:             1             32  [Ljava.awt.Window$Type; (java.desktop@21.0.3)
2600:             1             32  [Ljava.awt.image.ColorModel; (java.desktop@21.0.3)
2601:             1             32  [Ljava.lang.ProcessImpl$LaunchMechanism; (java.base@21.0.3)
2602:             1             32  [Ljava.lang.Thread; (java.base@21.0.3)
2603:             1             32  [Ljava.lang.ThreadGroup; (java.base@21.0.3)
2604:             1             32  [Ljava.lang.invoke.MethodHandleImpl$ArrayAccess; (java.base@21.0.3)
2605:             1             32  [Ljava.lang.module.ModuleDescriptor$Modifier; (java.base@21.0.3)
2606:             1             32  [Ljava.lang.module.ModuleDescriptor$Requires$Modifier; (java.base@21.0.3)
2607:             1             32  [Ljava.net.Proxy$Type; (java.base@21.0.3)
2608:             1             32  [Ljava.net.StandardProtocolFamily; (java.base@21.0.3)
2609:             1             32  [Ljava.nio.file.AccessMode; (java.base@21.0.3)
2610:             1             32  [Ljava.time.zone.ZoneOffsetTransitionRule$TimeDefinition; (java.base@21.0.3)
2611:             1             32  [Ljava.util.regex.Pattern$Qtype; (java.base@21.0.3)
2612:             1             32  [Ljava.util.stream.MatchOps$MatchKind; (java.base@21.0.3)
2613:             1             32  [Ljava.util.stream.StreamShape; (java.base@21.0.3)
2614:             1             32  [Ljava.util.zip.ZipCoder$Comparison; (java.base@21.0.3)
2615:             1             32  [Ljavax.swing.ClientPropertyKey; (java.desktop@21.0.3)
2616:             2             32  [Ljavax.swing.MenuElement; (java.desktop@21.0.3)
2617:             1             32  [Ljavax.swing.SortOrder; (java.desktop@21.0.3)
2618:             1             32  [Ljavax.swing.SwingWorker$StateValue; (java.desktop@21.0.3)
2619:             1             32  [Ljavax.swing.text.PlainView$FPMethodArgs; (java.desktop@21.0.3)
2620:             1             32  [Ljavax.swing.text.html.CSS$CssValue; (java.desktop@21.0.3)
2621:             1             32  [Ljavax.xml.catalog.CatalogFeatures$Feature; (java.xml@21.0.3)
2622:             1             32  [Ljdk.dynalink.StandardNamespace; (jdk.dynalink@21.0.3)
2623:             1             32  [Ljdk.dynalink.linker.GuardingTypeConverterFactory; (jdk.dynalink@21.0.3)
2624:             1             32  [Ljdk.internal.icu.text.NormalizerBase$Mode; (java.base@21.0.3)
2625:             1             32  [Ljdk.internal.icu.util.CodePointTrie$ValueWidth; (java.base@21.0.3)
2626:             1             32  [Ljdk.internal.logger.BootstrapLogger$LoggingBackend; (java.base@21.0.3)
2627:             1             32  [Ljdk.internal.module.ServicesCatalog; (java.base@21.0.3)
2628:             1             32  [Lorg.graalvm.visualvm.lib.ui.swing.renderer.HideableBarRenderer$BarDiffMode;
2629:             1             32  [Lorg.graalvm.visualvm.lib.ui.threads.ThreadsPanel$Filter;
2630:             1             32  [Lorg.graalvm.visualvm.sampler.SamplerArguments$Request;
2631:             1             32  [Lorg.graalvm.visualvm.tools.jmx.JmxModel$ConnectionState;
2632:             1             32  [Lorg.netbeans.core.network.proxy.NetworkProxySettings$ProxyMode;
2633:             1             32  [Lorg.netbeans.core.windows.WindowSystemEventType;
2634:             1             32  [Lorg.netbeans.swing.tabcontrol.customtabs.TabbedType;
2635:             1             32  [Lorg.openjdk.nashorn.internal.runtime.Context$FieldMode;
2636:             1             32  [Lorg.openjdk.nashorn.internal.runtime.ScriptEnvironment$AnonymousClasses;
2637:             1             32  [Lorg.openjdk.nashorn.internal.runtime.ScriptEnvironment$FunctionStatementBehavior;
2638:             1             32  [Lsun.awt.AppContext$State; (java.desktop@21.0.3)
2639:             1             32  [Lsun.awt.UNIXToolkit$GtkVersions; (java.desktop@21.0.3)
2640:             1             32  [Lsun.awt.X11.XBaseWindow$InitialiseState; (java.desktop@21.0.3)
2641:             1             32  [Lsun.java2d.StateTrackable$State; (java.desktop@21.0.3)
2642:             1             32  [Lsun.java2d.marlin.DMarlinRenderingEngine$NormMode; (java.desktop@21.0.3)
2643:             1             32  [Lsun.jvmstat.monitor.Variability; (jdk.internal.jvmstat@21.0.3)
2644:             1             32  [Lsun.security.provider.NativePRNG$Variant; (java.base@21.0.3)
2645:             1             32  [[Lcom.sun.org.apache.xerces.internal.impl.dtd.models.ContentModelValidator; (java.xml@21.0.3)
2646:             1             32  [[Lcom.sun.org.apache.xerces.internal.impl.dv.DatatypeValidator; (java.xml@21.0.3)
2647:             1             32  [[Ljava.awt.Color; (java.desktop@21.0.3)
2648:             1             32  [[Ljavax.swing.text.html.CSS$Attribute; (java.desktop@21.0.3)
2649:             1             32  [[[Ljava.lang.String; (java.base@21.0.3)
2650:             2             32  com.sun.beans.WeakCache (java.desktop@21.0.3)
2651:             1             32  com.sun.jmx.mbeanserver.Repository (java.management@21.0.3)
2652:             1             32  com.sun.jna.Memory
2653:             1             32  com.sun.jna.Structure$AutoAllocated
2654:             1             32  com.sun.jna.platform.unix.X11$Colormap
2655:             1             32  com.sun.jna.platform.unix.X11$VisualID
2656:             2             32  com.sun.jvmstat.tools.visualgc.GraphGC$1
2657:             2             32  com.sun.jvmstat.tools.visualgc.VisualGCView$ComboRenderer
2658:             2             32  com.sun.jvmstat.tools.visualgc.VisualHeap$1
2659:             1             32  com.sun.management.internal.OperatingSystemImpl (jdk.management@21.0.3)
2660:             2             32  com.sun.org.apache.xerces.internal.impl.XMLDocumentScannerImpl$PrologDriver (java.xml@21.0.3)
2661:             2             32  com.sun.org.apache.xerces.internal.impl.XMLDocumentScannerImpl$TrailingMiscDriver (java.xml@21.0.3)
2662:             2             32  com.sun.org.apache.xerces.internal.impl.XMLDocumentScannerImpl$XMLDeclDriver (java.xml@21.0.3)
2663:             2             32  com.sun.org.apache.xerces.internal.impl.dv.dtd.ENTITYDatatypeValidator (java.xml@21.0.3)
2664:             1             32  com.sun.org.apache.xerces.internal.util.NamespaceSupport (java.xml@21.0.3)
2665:             2             32  java.awt.ImageCapabilities (java.desktop@21.0.3)
2666:             1             32  java.awt.color.ICC_ProfileGray (java.desktop@21.0.3)
2667:             2             32  java.awt.datatransfer.SystemFlavorMap$SoftCache (java.datatransfer@21.0.3)
2668:             1             32  java.beans.PropertyChangeEvent (java.desktop@21.0.3)
2669:             1             32  java.beans.ThreadGroupContext$1 (java.desktop@21.0.3)
2670:             1             32  java.io.ByteArrayInputStream (java.base@21.0.3)
2671:             1             32  java.io.DataInputStream (java.base@21.0.3)
2672:             1             32  java.lang.Module$ArchivedData (java.base@21.0.3)
2673:             1             32  java.lang.ProcessHandleImpl (java.base@21.0.3)
2674:             2             32  java.lang.Shutdown$Lock (java.base@21.0.3)
2675:             1             32  java.lang.module.ModuleDescriptor$Version (java.base@21.0.3)
2676:             2             32  java.lang.ref.NativeReferenceQueue$Lock (java.base@21.0.3)
2677:             1             32  java.net.InetAddress$CachedLocalHost (java.base@21.0.3)
2678:             1             32  java.net.ServerSocket (java.base@21.0.3)
2679:             2             32  java.nio.ByteOrder (java.base@21.0.3)
2680:             2             32  java.rmi.server.Operation (java.rmi@21.0.3)
2681:             2             32  java.security.AllPermission (java.base@21.0.3)
2682:             1             32  java.security.UnresolvedPermission (java.base@21.0.3)
2683:             1             32  java.text.AttributedString (java.base@21.0.3)
2684:             1             32  java.text.DontCareFieldPosition (java.base@21.0.3)
2685:             2             32  java.util.Collections$ReverseComparator2 (java.base@21.0.3)
2686:             2             32  java.util.IdentityHashMap$Values (java.base@21.0.3)
2687:             1             32  java.util.Random (java.base@21.0.3)
2688:             2             32  java.util.ResourceBundle$SingleFormatControl (java.base@21.0.3)
2689:             1             32  java.util.concurrent.DelayQueue (java.base@21.0.3)
2690:             2             32  java.util.concurrent.Executors$AutoShutdownDelegatedExecutorService$$Lambda/0x00007e0ca84f93c0 (java.base@21.0.3)
2691:             1             32  java.util.concurrent.LinkedTransferQueue$DualNode (java.base@21.0.3)
2692:             1             32  java.util.concurrent.ScheduledThreadPoolExecutor$DelayedWorkQueue (java.base@21.0.3)
2693:             1             32  java.util.concurrent.Semaphore$NonfairSync (java.base@21.0.3)
2694:             1             32  java.util.concurrent.ThreadLocalRandom (java.base@21.0.3)
2695:             1             32  java.util.concurrent.atomic.AtomicReferenceFieldUpdater$AtomicReferenceFieldUpdaterImpl (java.base@21.0.3)
2696:             1             32  java.util.zip.ZipCoder$UTF8ZipCoder (java.base@21.0.3)
2697:             2             32  javax.imageio.stream.MemoryCacheImageInputStream$StreamDisposerRecord (java.desktop@21.0.3)
2698:             1             32  javax.management.remote.JMXServiceURL (java.management@21.0.3)
2699:             1             32  javax.script.SimpleScriptContext (java.scripting@21.0.3)
2700:             1             32  javax.swing.BufferStrategyPaintManager$BufferInfo (java.desktop@21.0.3)
2701:             2             32  javax.swing.JFormattedTextField$DocumentHandler (java.desktop@21.0.3)
2702:             2             32  javax.swing.JSpinner$ModelListener (java.desktop@21.0.3)
2703:             2             32  javax.swing.JTabbedPane$ModelListener (java.desktop@21.0.3)
2704:             2             32  javax.swing.JTree$TreeModelHandler (java.desktop@21.0.3)
2705:             2             32  javax.swing.JTree$TreeSelectionRedirector (java.desktop@21.0.3)
2706:             1             32  javax.swing.SwingContainerOrderFocusTraversalPolicy (java.desktop@21.0.3)
2707:             1             32  javax.swing.SwingDefaultFocusTraversalPolicy (java.desktop@21.0.3)
2708:             1             32  javax.swing.TransferHandler$TransferSupport (java.desktop@21.0.3)
2709:             1             32  javax.swing.plaf.basic.BasicBorders$RolloverMarginBorder (java.desktop@21.0.3)
2710:             2             32  javax.swing.plaf.basic.BasicTabbedPaneUI$Handler (java.desktop@21.0.3)
2711:             2             32  javax.swing.plaf.basic.BasicTreeUI$NodeDimensionsHandler (java.desktop@21.0.3)
2712:             1             32  javax.swing.plaf.basic.BasicTreeUI$TreeTransferHandler (java.desktop@21.0.3)
2713:             1             32  javax.swing.plaf.metal.MetalLookAndFeel (java.desktop@21.0.3)
2714:             1             32  javax.swing.plaf.metal.MetalMenuBarUI (java.desktop@21.0.3)
2715:             2             32  javax.swing.plaf.metal.MetalTabbedPaneUI$TabbedPaneLayout (java.desktop@21.0.3)
2716:             2             32  javax.swing.plaf.metal.MetalTreeUI$LineListener (java.desktop@21.0.3)
2717:             1             32  javax.swing.text.DefaultEditorKit$BeginLineUpAction (java.desktop@21.0.3)
2718:             1             32  javax.swing.text.DefaultEditorKit$EndLineDownAction (java.desktop@21.0.3)
2719:             1             32  javax.swing.text.DefaultEditorKit$SelectLineAction (java.desktop@21.0.3)
2720:             1             32  javax.swing.text.DefaultEditorKit$SelectParagraphAction (java.desktop@21.0.3)
2721:             1             32  javax.swing.text.DefaultEditorKit$SelectWordAction (java.desktop@21.0.3)
2722:             2             32  javax.swing.text.DefaultFormatter$DefaultDocumentFilter (java.desktop@21.0.3)
2723:             2             32  javax.swing.text.DefaultFormatter$DefaultNavigationFilter (java.desktop@21.0.3)
2724:             2             32  javax.swing.text.Position$Bias (java.desktop@21.0.3)
2725:             1             32  javax.swing.text.SegmentCache$CachedSegment (java.desktop@21.0.3)
2726:             2             32  javax.swing.text.StyleConstants$ColorConstants (java.desktop@21.0.3)
2727:             1             32  javax.swing.text.StyledEditorKit$StyledInsertBreakAction (java.desktop@21.0.3)
2728:             2             32  javax.swing.text.html.CSSBorder$DottedDashedPainter (java.desktop@21.0.3)
2729:             2             32  javax.swing.text.html.CSSBorder$GrooveRidgePainter (java.desktop@21.0.3)
2730:             2             32  javax.swing.text.html.CSSBorder$InsetOutsetPainter (java.desktop@21.0.3)
2731:             2             32  javax.swing.text.html.CSSBorder$NullPainter (java.desktop@21.0.3)
2732:             1             32  javax.swing.tree.DefaultMutableTreeNode (java.desktop@21.0.3)
2733:             1             32  jdk.dynalink.DynamicLinker (jdk.dynalink@21.0.3)
2734:             1             32  jdk.dynalink.TypeConverterFactory (jdk.dynalink@21.0.3)
2735:             1             32  jdk.dynalink.linker.support.CompositeTypeBasedGuardingDynamicLinker$ClassToLinker (jdk.dynalink@21.0.3)
2736:             2             32  jdk.internal.icu.text.ReplaceableString (java.base@21.0.3)
2737:             1             32  jdk.internal.loader.ArchivedClassLoaders (java.base@21.0.3)
2738:             1             32  jdk.internal.loader.NativeLibraries$Unloader (java.base@21.0.3)
2739:             1             32  jdk.internal.module.ArchivedModuleGraph (java.base@21.0.3)
2740:             1             32  jdk.internal.org.objectweb.asm.ConstantDynamic (java.base@21.0.3)
2741:             1             32  jdk.internal.org.objectweb.asm.Handle (java.base@21.0.3)
2742:             2             32  jdk.internal.platform.CgroupMetrics (java.base@21.0.3)
2743:             1             32  jdk.internal.reflect.DirectMethodHandleAccessor$NativeAccessor (java.base@21.0.3)
2744:             1             32  jdk.jfr.internal.Repository (jdk.jfr@21.0.3)
2745:             1             32  jdk.jfr.internal.periodic.Batch (jdk.jfr@21.0.3)
2746:             1             32  jdk.jfr.internal.settings.CutoffSetting (jdk.jfr@21.0.3)
2747:             1             32  jdk.jfr.internal.settings.ThrottleSetting (jdk.jfr@21.0.3)
2748:             1             32  jdk.net.ExtendedSocketOptions$1 (jdk.net@21.0.3)
2749:             2             32  jdk.proxy1.$Proxy24 (jdk.proxy1)
2750:             2             32  jdk.proxy1.$Proxy26 (jdk.proxy1)
2751:             2             32  jdk.proxy1.$Proxy33 (jdk.proxy1)
2752:             2             32  jdk.proxy1.$Proxy41 (jdk.proxy1)
2753:             2             32  jdk.proxy9.$Proxy45 (jdk.proxy9)
2754:             1             32  org.graalvm.visualvm.application.GeneralPropertiesProvider
2755:             1             32  org.graalvm.visualvm.application.RemoveFinishedApplicationsAction
2756:             1             32  org.graalvm.visualvm.application.jvm.JvmFactory
2757:             1             32  org.graalvm.visualvm.application.snapshot.ApplicationSnapshotCategory
2758:             1             32  org.graalvm.visualvm.application.type.ApplicationTypeFactory
2759:             1             32  org.graalvm.visualvm.application.type.EclipseApplicationType
2760:             1             32  org.graalvm.visualvm.application.views.threads.ApplicationThreadsView$MasterViewSupport$2
2761:             1             32  org.graalvm.visualvm.application.views.threads.ApplicationThreadsView$TimelineViewSupport$2
2762:             1             32  org.graalvm.visualvm.application.views.threads.ApplicationThreadsView$TimelineViewSupport$3
2763:             1             32  org.graalvm.visualvm.application.views.threads.ApplicationThreadsView$TimelineViewSupport$4
2764:             1             32  org.graalvm.visualvm.application.views.threads.ApplicationThreadsView$TimelineViewSupport$5
2765:             1             32  org.graalvm.visualvm.application.views.threads.ApplicationThreadsView$TimelineViewSupport$6
2766:             1             32  org.graalvm.visualvm.application.views.threads.ApplicationThreadsView$TimelineViewSupport$7
2767:             1             32  org.graalvm.visualvm.core.VisualVM
2768:             1             32  org.graalvm.visualvm.core.datasource.descriptor.DataSourceDescriptorFactory
2769:             1             32  org.graalvm.visualvm.core.datasource.descriptor.GeneralPropertiesProvider
2770:             1             32  org.graalvm.visualvm.core.explorer.ExplorerComponent$2
2771:             1             32  org.graalvm.visualvm.core.properties.EditPropertiesAction
2772:             1             32  org.graalvm.visualvm.core.snapshot.GeneralPropertiesProvider
2773:             2             32  org.graalvm.visualvm.core.ui.DataSourceWindow$AlertListener
2774:             1             32  org.graalvm.visualvm.core.ui.DataSourceWindowManager
2775:             1             32  org.graalvm.visualvm.core.ui.actions.DeleteSnapshotAction
2776:             1             32  org.graalvm.visualvm.core.ui.actions.LoadSnapshotAction
2777:             1             32  org.graalvm.visualvm.core.ui.actions.OpenDataSourceAction
2778:             1             32  org.graalvm.visualvm.core.ui.actions.RemoveDataSourceAction
2779:             1             32  org.graalvm.visualvm.core.ui.actions.RenameDataSourceAction
2780:             1             32  org.graalvm.visualvm.core.ui.actions.SaveSnapshotAsAction
2781:             1             32  org.graalvm.visualvm.coredump.impl.CoreDumpCategory
2782:             1             32  org.graalvm.visualvm.heapdump.impl.HeapDumpCategory
2783:             1             32  org.graalvm.visualvm.host.impl.GeneralPropertiesProvider
2784:             1             32  org.graalvm.visualvm.host.model.HostOverviewFactory
2785:             1             32  org.graalvm.visualvm.jfr.impl.JFRSnapshotCategory
2786:             1             32  org.graalvm.visualvm.jfr.model.JFRModelFactory
2787:             1             32  org.graalvm.visualvm.jmx.DefaultCustomizer
2788:             1             32  org.graalvm.visualvm.jmx.impl.AutoConnectAction
2789:             1             32  org.graalvm.visualvm.jmx.impl.ConnectDisconnectAction
2790:             1             32  org.graalvm.visualvm.jmx.impl.GeneralPropertiesProvider
2791:             2             32  org.graalvm.visualvm.jmx.impl.JmxModelImpl$1
2792:             2             32  org.graalvm.visualvm.jmx.impl.JmxModelImpl$ApplicationAvailabilityListener
2793:             2             32  org.graalvm.visualvm.jmx.impl.JmxModelImpl$ApplicationRemovedListener
2794:             1             32  org.graalvm.visualvm.jmx.impl.JmxModelImpl$LocalVirtualMachine
2795:             1             32  org.graalvm.visualvm.jmx.impl.JmxPropertiesProvider
2796:             1             32  org.graalvm.visualvm.jvmstat.application.AddJstatdConnectionAction
2797:             1             32  org.graalvm.visualvm.jvmstat.application.GeneralPropertiesProvider
2798:             1             32  org.graalvm.visualvm.jvmstat.application.HostPropertiesProvider
2799:             1             32  org.graalvm.visualvm.jvmstat.application.JstatdPropertiesProvider
2800:             1             32  org.graalvm.visualvm.jvmstat.application.JvmstatApplicationProvider$JvmstatConnection
2801:             1             32  org.graalvm.visualvm.lib.jfluid.classfile.ClassRepository
2802:             1             32  org.graalvm.visualvm.lib.jfluid.results.cpu.CPUDataFrameProcessor
2803:             1             32  org.graalvm.visualvm.lib.jfluid.results.locks.LockDataFrameProcessor
2804:             1             32  org.graalvm.visualvm.lib.jfluid.results.memory.MemoryDataFrameProcessor
2805:             2             32  org.graalvm.visualvm.lib.jfluid.utils.formatting.DefaultMethodNameFormatter
2806:             1             32  org.graalvm.visualvm.lib.profiler.ServerStateMonitor
2807:             1             32  org.graalvm.visualvm.lib.ui.swing.ProfilerTable$1
2808:             1             32  org.graalvm.visualvm.lib.ui.swing.ProfilerTableActions$1
2809:             1             32  org.graalvm.visualvm.lib.ui.swing.ProfilerTableActions$2
2810:             1             32  org.graalvm.visualvm.lib.ui.swing.ProfilerTableActions$3
2811:             1             32  org.graalvm.visualvm.lib.ui.swing.ProfilerTableActions$4
2812:             1             32  org.graalvm.visualvm.lib.ui.swing.ProfilerTableActions$5
2813:             1             32  org.graalvm.visualvm.lib.ui.swing.ProfilerTableActions$6
2814:             1             32  org.graalvm.visualvm.lib.ui.swing.ProfilerTableActions$7
2815:             1             32  org.graalvm.visualvm.lib.ui.swing.ProfilerTableActions$8
2816:             1             32  org.graalvm.visualvm.lib.ui.swing.SearchUtils$1
2817:             1             32  org.graalvm.visualvm.lib.ui.swing.SearchUtils$2
2818:             1             32  org.graalvm.visualvm.lib.ui.swing.SearchUtils$3
2819:             1             32  org.graalvm.visualvm.lib.ui.threads.ThreadsPanel$8
2820:             1             32  org.graalvm.visualvm.lib.ui.threads.ThreadsPanel$9
2821:             1             32  org.graalvm.visualvm.lib.ui.threads.ViewManager$1
2822:             1             32  org.graalvm.visualvm.lib.ui.threads.ViewManager$2
2823:             1             32  org.graalvm.visualvm.lib.ui.threads.ViewManager$3
2824:             1             32  org.graalvm.visualvm.modules.mbeans.XMBeanInfo$MBeanInfoTableCellEditor
2825:             2             32  org.graalvm.visualvm.modules.mbeans.XTextFieldEditor$1
2826:             2             32  org.graalvm.visualvm.modules.tracer.impl.DetailsView$1
2827:             2             32  org.graalvm.visualvm.modules.tracer.impl.TracerController$4
2828:             2             32  org.graalvm.visualvm.modules.tracer.impl.TracerModel$1$1
2829:             2             32  org.graalvm.visualvm.modules.tracer.impl.TracerView$MasterViewSupport$2
2830:             2             32  org.graalvm.visualvm.modules.tracer.impl.TracerView$MasterViewSupport$3
2831:             2             32  org.graalvm.visualvm.modules.tracer.impl.TracerView$MasterViewSupport$7
2832:             2             32  org.graalvm.visualvm.modules.tracer.impl.details.DetailsPanel$TableListener
2833:             2             32  org.graalvm.visualvm.modules.tracer.impl.details.DetailsPanel$Viewport$1
2834:             2             32  org.graalvm.visualvm.modules.tracer.impl.details.ItemValueRenderer
2835:             2             32  org.graalvm.visualvm.modules.tracer.impl.details.MarkRenderer
2836:             1             32  org.graalvm.visualvm.modules.tracer.impl.swing.HeaderButton$HeaderButtonUI
2837:             2             32  org.graalvm.visualvm.modules.tracer.impl.timeline.ChartPanel$1
2838:             2             32  org.graalvm.visualvm.modules.tracer.impl.timeline.ChartPanel$2
2839:             2             32  org.graalvm.visualvm.modules.tracer.impl.timeline.ChartPanel$VisibleBoundsListener
2840:             2             32  org.graalvm.visualvm.modules.tracer.impl.timeline.RowBoundsDecorator
2841:             2             32  org.graalvm.visualvm.modules.tracer.impl.timeline.TimelineAxis$1$1
2842:             2             32  org.graalvm.visualvm.modules.tracer.impl.timeline.TimelineAxis$2
2843:             2             32  org.graalvm.visualvm.modules.tracer.impl.timeline.TimelineAxis$3
2844:             2             32  org.graalvm.visualvm.modules.tracer.impl.timeline.TimelineAxis$4
2845:             2             32  org.graalvm.visualvm.modules.tracer.impl.timeline.TimelineAxis$Axis$1
2846:             2             32  org.graalvm.visualvm.modules.tracer.impl.timeline.TimelineChart$RowComparator
2847:             2             32  org.graalvm.visualvm.modules.tracer.impl.timeline.TimelineSelectionOverlay$ConfigurationListener$1
2848:             2             32  org.graalvm.visualvm.modules.tracer.impl.timeline.TimelineSelectionOverlay$SelectionListener
2849:             2             32  org.graalvm.visualvm.modules.tracer.impl.timeline.TimelineSelectionOverlay$TimeSelectionListener
2850:             2             32  org.graalvm.visualvm.modules.tracer.impl.timeline.VerticalTimelineLayout
2851:             1             32  org.graalvm.visualvm.profiler.ProfilerSnapshotAction
2852:             1             32  org.graalvm.visualvm.profiling.presets.ProfilerPresets
2853:             2             32  org.graalvm.visualvm.profiling.presets.SamplerCPUPanel$4
2854:             2             32  org.graalvm.visualvm.profiling.presets.SamplerCPUPanel$6
2855:             2             32  org.graalvm.visualvm.profiling.presets.SamplerCPUPanel$8
2856:             2             32  org.graalvm.visualvm.profiling.presets.SamplerMemoryPanel$2
2857:             2             32  org.graalvm.visualvm.profiling.presets.SamplerMemoryPanel$ComboRenderer
2858:             1             32  org.graalvm.visualvm.profiling.snapshot.ProfilerSnapshotCategory
2859:             2             32  org.graalvm.visualvm.sampler.ApplicationSamplerView$1
2860:             1             32  org.graalvm.visualvm.sampler.SampleApplicationAction
2861:             2             32  org.graalvm.visualvm.sampler.SamplerImpl$13
2862:             2             32  org.graalvm.visualvm.sampler.SamplerImpl$14
2863:             2             32  org.graalvm.visualvm.sampler.SamplerImpl$15
2864:             2             32  org.graalvm.visualvm.sampler.SamplerImpl$3
2865:             2             32  org.graalvm.visualvm.sampler.cpu.CPUSettingsSupport$2
2866:             2             32  org.graalvm.visualvm.sampler.memory.MemorySettingsSupport$2
2867:             1             32  org.graalvm.visualvm.threaddump.impl.ThreadDumpCategory
2868:             1             32  org.graalvm.visualvm.tools.attach.AttachModelFactory
2869:             1             32  org.graalvm.visualvm.tools.jfr.JfrModelFactory
2870:             2             32  org.graalvm.visualvm.tools.jmx.CachedMBeanServerConnectionFactory$SnapshotInvocationHandler$1
2871:             1             32  org.graalvm.visualvm.tools.jmx.JmxModelFactory
2872:             1             32  org.graalvm.visualvm.tools.jvmstat.JvmJvmstatModelFactory
2873:             1             32  org.graalvm.visualvm.tools.jvmstat.JvmstatModelFactory
2874:             1             32  org.graalvm.visualvm.tools.sa.SaModelFactory
2875:             2             32  org.graalvm.visualvm.uisupport.JExtendedSpinner$2
2876:             2             32  org.graalvm.visualvm.uisupport.JExtendedSpinner$3
2877:             2             32  org.graalvm.visualvm.uisupport.ProfilerTabbedPane$1
2878:             1             32  org.netbeans.ChangeFirer
2879:             1             32  org.netbeans.NetigsoHandle
2880:             1             32  org.netbeans.TopSecurityManager
2881:             1             32  org.netbeans.core.startup.ModuleSystem
2882:             1             32  org.netbeans.core.startup.NbStartStop
2883:             1             32  org.netbeans.core.ui.warmup.MenuWarmUpTask$NbWindowsAdapter
2884:             1             32  org.netbeans.core.windows.ModeStructureSnapshot$EditorSnapshot
2885:             1             32  org.netbeans.core.windows.PersistenceHandler
2886:             1             32  org.netbeans.core.windows.ViewRequestor
2887:             1             32  org.netbeans.core.windows.actions.CloseWindowAction
2888:             1             32  org.netbeans.core.windows.actions.DockWindowAction
2889:             1             32  org.netbeans.core.windows.actions.UndockWindowAction
2890:             1             32  org.netbeans.core.windows.model.DefaultModel$DefaultDockingStatus
2891:             1             32  org.netbeans.core.windows.model.DockingStatus
2892:             1             32  org.netbeans.core.windows.model.EditorSplitSubModel
2893:             1             32  org.netbeans.core.windows.view.ModeStructureAccessorImpl$EditorAccessorImpl
2894:             1             32  org.netbeans.core.windows.view.ui.AutoHideStatusText
2895:             2             32  org.netbeans.core.windows.view.ui.tabcontrol.AbstractTabbedImpl$ToolTipListener
2896:             2             32  org.netbeans.core.windows.view.ui.tabcontrol.TabbedAdapter$1
2897:             2             32  org.netbeans.core.windows.view.ui.tabcontrol.TabbedAdapter$WinsysInfo
2898:             1             32  org.netbeans.modules.masterfs.watcher.Watcher
2899:             2             32  org.netbeans.modules.openide.nodes.NodesRegistrationSupport$PEPackageRegistration
2900:             2             32  org.netbeans.modules.openide.util.DefaultMutexImplementation$Privileged
2901:             1             32  org.netbeans.modules.progress.ui.PopupPane$CancelAction
2902:             1             32  org.netbeans.modules.progress.ui.PopupPane$MoveDownAction
2903:             1             32  org.netbeans.modules.progress.ui.PopupPane$MoveUpAction
2904:             1             32  org.netbeans.modules.progress.ui.PopupPane$SelectAction
2905:             1             32  org.netbeans.modules.progress.ui.StatusLineComponent$1
2906:             1             32  org.netbeans.swing.plaf.Startup
2907:             1             32  org.netbeans.swing.plaf.metal.MetalLFCustoms$MetalPropertySheetColorings
2908:             1             32  org.netbeans.swing.tabcontrol.TabListPopupAction
2909:             1             32  org.netbeans.swing.tabcontrol.plaf.AbstractViewTabDisplayerUI$2
2910:             1             32  org.netbeans.swing.tabcontrol.plaf.BasicTabDisplayerUI$BasicDisplayerMouseListener
2911:             1             32  org.netbeans.swing.tabcontrol.plaf.DefaultTabLayoutModel
2912:             2             32  org.netbeans.swing.tabcontrol.plaf.DefaultTabbedContainerUI$ContainerComponentListener
2913:             2             32  org.netbeans.swing.tabcontrol.plaf.DefaultTabbedContainerUI$ContainerHierarchyListener
2914:             2             32  org.netbeans.swing.tabcontrol.plaf.DefaultTabbedContainerUI$ContainerPropertyChangeListener
2915:             2             32  org.netbeans.swing.tabcontrol.plaf.DefaultTabbedContainerUI$DisplayerActionListener
2916:             2             32  org.netbeans.swing.tabcontrol.plaf.DefaultTabbedContainerUI$ForwardingMouseListener
2917:             2             32  org.netbeans.swing.tabcontrol.plaf.DefaultTabbedContainerUI$ModelListener
2918:             2             32  org.netbeans.swing.tabcontrol.plaf.DefaultTabbedContainerUI$SelectionListener
2919:             1             32  org.netbeans.swing.tabcontrol.plaf.ScrollingTabLayoutModel$BackwardAction
2920:             1             32  org.netbeans.swing.tabcontrol.plaf.ScrollingTabLayoutModel$ForwardAction
2921:             2             32  org.netbeans.swing.tabcontrol.plaf.StackLayout
2922:             1             32  org.openide.loaders.FolderLookup$ProxyLkp
2923:             1             32  org.openide.nodes.Node$LookupEventList
2924:             2             32  org.openide.util.ImageUtilities$CachedLookupLoader$1
2925:             2             32  org.openide.util.Mutex$Privileged
2926:             2             32  org.openide.util.lookup.ProxyLookup
2927:             2             32  org.openide.util.lookup.SingletonLookup$SingletonResult
2928:             1             32  org.openide.util.lookup.implspi.ActiveQueue$Impl
2929:             1             32  org.openide.windows.OnShowingHandler
2930:             1             32  org.openjdk.btrace.visualvm.actions.TraceApplicationAction
2931:             1             32  org.openjdk.nashorn.api.scripting.NashornScriptEngine
2932:             1             32  org.openjdk.nashorn.internal.runtime.Context$ThrowErrorManager
2933:             1             32  org.openjdk.nashorn.internal.runtime.Timing
2934:             2             32  org.openjdk.nashorn.internal.runtime.Undefined
2935:             1             32  org.openjdk.nashorn.internal.runtime.options.Options
2936:             1             32  sun.awt.PostEventQueue (java.desktop@21.0.3)
2937:             1             32  sun.awt.X11.PropMwmHints (java.desktop@21.0.3)
2938:             1             32  sun.awt.X11.WindowDimensions (java.desktop@21.0.3)
2939:             1             32  sun.awt.X11.XAWTXSettings (java.desktop@21.0.3)
2940:             2             32  sun.awt.X11.XAtomList (java.desktop@21.0.3)
2941:             1             32  sun.awt.X11.XErrorEvent (java.desktop@21.0.3)
2942:             1             32  sun.awt.X11.XEvent (java.desktop@21.0.3)
2943:             1             32  sun.awt.X11.XGlobalCursorManager (java.desktop@21.0.3)
2944:             2             32  sun.awt.X11.XRepaintArea (java.desktop@21.0.3)
2945:             1             32  sun.awt.X11.XSizeHints (java.desktop@21.0.3)
2946:             1             32  sun.awt.X11.XWM (java.desktop@21.0.3)
2947:             1             32  sun.awt.X11.XWMHints (java.desktop@21.0.3)
2948:             1             32  sun.awt.im.CompositionAreaHandler (java.desktop@21.0.3)
2949:             1             32  sun.awt.image.FetcherInfo (java.desktop@21.0.3)
2950:             1             32  sun.font.XRTextRenderer (java.desktop@21.0.3)
2951:             1             32  sun.java2d.ReentrantContextProvider$HardReference (java.desktop@21.0.3)
2952:             1             32  sun.java2d.marlin.DPQSSorterContext (java.desktop@21.0.3)
2953:             1             32  sun.java2d.marlin.MarlinTileGenerator (java.desktop@21.0.3)
2954:             2             32  sun.java2d.pipe.SpanShapeRenderer$Composite (java.desktop@21.0.3)
2955:             1             32  sun.java2d.xr.GrowableEltArray (java.desktop@21.0.3)
2956:             1             32  sun.java2d.xr.XRSolidSrcPict (java.desktop@21.0.3)
2957:             1             32  sun.jvmstat.PlatformSupportImpl (jdk.internal.jvmstat@21.0.3)
2958:             2             32  sun.jvmstat.monitor.HostIdentifier (jdk.internal.jvmstat@21.0.3)
2959:             2             32  sun.jvmstat.perfdata.monitor.protocol.local.LocalVmManager$1 (jdk.internal.jvmstat@21.0.3)
2960:             2             32  sun.jvmstat.perfdata.monitor.protocol.local.LocalVmManager$2 (jdk.internal.jvmstat@21.0.3)
2961:             1             32  sun.management.MappedMXBeanType$EnumMXBeanType (java.management@21.0.3)
2962:             1             32  sun.management.MappedMXBeanType$InProgress (java.management@21.0.3)
2963:             2             32  sun.net.www.protocol.file.Handler (java.base@21.0.3)
2964:             1             32  sun.net.www.protocol.https.Handler (java.base@21.0.3)
2965:             2             32  sun.net.www.protocol.jar.Handler (java.base@21.0.3)
2966:             1             32  sun.nio.ch.FileKey (java.base@21.0.3)
2967:             1             32  sun.nio.ch.FileLockTable$FileLockReference (java.base@21.0.3)
2968:             2             32  sun.nio.ch.SocketDispatcher (java.base@21.0.3)
2969:             1             32  sun.nio.fs.AbstractWatchService$1 (java.base@21.0.3)
2970:             1             32  sun.nio.fs.LinuxFileSystem (java.base@21.0.3)
2971:             1             32  sun.nio.fs.LinuxWatchService (java.base@21.0.3)
2972:             1             32  sun.rmi.transport.DGCClient$EndpointEntry$CleanRequest (java.rmi@21.0.3)
2973:             1             32  sun.rmi.transport.LiveRef (java.rmi@21.0.3)
2974:             1             32  sun.rmi.transport.tcp.TCPTransport (java.rmi@21.0.3)
2975:             2             32  sun.security.provider.FileInputStreamPool$UnclosableInputStream (java.base@21.0.3)
2976:             1             32  sun.security.provider.PolicyFile (java.base@21.0.3)
2977:             1             32  sun.security.provider.PolicyFile$PolicyInfo (java.base@21.0.3)
2978:             2             32  sun.util.resources.LocaleData (java.base@21.0.3)
2979:             1             24  [Lcom.sun.org.apache.xerces.internal.utils.XMLSecurityPropertyManager$Property; (java.xml@21.0.3)
2980:             1             24  [Ljava.awt.Image; (java.desktop@21.0.3)
2981:             1             24  [Ljava.io.File$PathStatus; (java.base@21.0.3)
2982:             1             24  [Ljava.lang.invoke.MethodHandles$Lookup$ClassOption; (java.base@21.0.3)
2983:             1             24  [Ljava.net.InetSocketAddress; (java.base@21.0.3)
2984:             1             24  [Ljava.net.InterfaceAddress; (java.base@21.0.3)
2985:             1             24  [Ljava.net.URLStreamHandlerFactory; (java.base@21.0.3)
2986:             1             24  [Ljava.nio.file.Path; (java.base@21.0.3)
2987:             1             24  [Ljava.rmi.server.Operation; (java.rmi@21.0.3)
2988:             1             24  [Ljava.text.AttributedCharacterIterator$Attribute; (java.base@21.0.3)
2989:             1             24  [Ljava.time.zone.ZoneOffsetTransition; (java.base@21.0.3)
2990:             1             24  [Ljava.util.Comparator; (java.base@21.0.3)
2991:             1             24  [Ljava.util.Comparators$NaturalOrderComparator; (java.base@21.0.3)
2992:             1             24  [Ljava.util.Locale$Category; (java.base@21.0.3)
2993:             1             24  [Ljava.util.jar.Manifest; (java.base@21.0.3)
2994:             1             24  [Ljavax.swing.JCheckBoxMenuItem; (java.desktop@21.0.3)
2995:             1             24  [Ljavax.swing.JWindow; (java.desktop@21.0.3)
2996:             1             24  [Ljavax.swing.RowSorter$SortKey; (java.desktop@21.0.3)
2997:             1             24  [Ljavax.swing.UIDefaults; (java.desktop@21.0.3)
2998:             1             24  [Ljavax.swing.event.RowSorterEvent$Type; (java.desktop@21.0.3)
2999:             1             24  [Ljavax.swing.text.html.StyleSheet$BoxPainter$HorizontalMargin; (java.desktop@21.0.3)
3000:             1             24  [Ljdk.dynalink.linker.ConversionComparator; (jdk.dynalink@21.0.3)
3001:             1             24  [Ljdk.internal.access.JavaSecurityAccess$ProtectionDomainCache; (java.base@21.0.3)
3002:             1             24  [Ljdk.internal.icu.util.CodePointTrie$Type; (java.base@21.0.3)
3003:             1             24  [Lorg.netbeans.core.windows.view.ElementAccessor;
3004:             1             24  [Lorg.netbeans.core.windows.view.ui.toolbars.ToolbarConstraints$Align;
3005:             1             24  [Lorg.openide.filesystems.LocalFileSystem;
3006:             1             24  [Lorg.openide.modules.InstalledFileLocator;
3007:             1             24  [Lsun.awt.geom.ChainEnd; (java.desktop@21.0.3)
3008:             1             24  [Lsun.awt.geom.CurveLink; (java.desktop@21.0.3)
3009:             1             24  [Lsun.nio.fs.AbstractWatchKey$State; (java.base@21.0.3)
3010:             1             24  [[Ljavax.xml.parsers.DocumentBuilderFactory; (java.xml@21.0.3)
3011:             1             24  [[Ljavax.xml.parsers.SAXParserFactory; (java.xml@21.0.3)
3012:             1             24  com.sun.beans.util.Cache$Kind$1 (java.desktop@21.0.3)
3013:             1             24  com.sun.beans.util.Cache$Kind$2 (java.desktop@21.0.3)
3014:             1             24  com.sun.beans.util.Cache$Kind$3 (java.desktop@21.0.3)
3015:             1             24  com.sun.imageio.plugins.png.PNGImageDataEnumeration (java.desktop@21.0.3)
3016:             1             24  com.sun.imageio.spi.FileImageInputStreamSpi (java.desktop@21.0.3)
3017:             1             24  com.sun.imageio.spi.FileImageOutputStreamSpi (java.desktop@21.0.3)
3018:             1             24  com.sun.imageio.spi.InputStreamImageInputStreamSpi (java.desktop@21.0.3)
3019:             1             24  com.sun.imageio.spi.OutputStreamImageOutputStreamSpi (java.desktop@21.0.3)
3020:             1             24  com.sun.imageio.spi.RAFImageInputStreamSpi (java.desktop@21.0.3)
3021:             1             24  com.sun.imageio.spi.RAFImageOutputStreamSpi (java.desktop@21.0.3)
3022:             1             24  com.sun.jmx.interceptor.DefaultMBeanServerInterceptor$ListenerWrapper (java.management@21.0.3)
3023:             1             24  com.sun.jmx.mbeanserver.ClassLoaderRepositorySupport (java.management@21.0.3)
3024:             1             24  com.sun.jmx.mbeanserver.DefaultMXBeanMappingFactory$CompositeBuilderViaFrom (java.management@21.0.3)
3025:             1             24  com.sun.jmx.mbeanserver.MXBeanLookup (java.management@21.0.3)
3026:             1             24  com.sun.jna.Structure$3
3027:             1             24  com.sun.jna.WeakMemoryHolder
3028:             1             24  com.sun.jna.internal.Cleaner
3029:             1             24  com.sun.jna.platform.WindowUtils$X11WindowUtils
3030:             1             24  com.sun.management.internal.HotSpotThreadImpl (jdk.management@21.0.3)
3031:             1             24  com.sun.management.internal.PlatformMBeanProviderImpl$2 (jdk.management@21.0.3)
3032:             1             24  com.sun.management.internal.PlatformMBeanProviderImpl$5 (jdk.management@21.0.3)
3033:             1             24  com.sun.org.apache.xerces.internal.impl.Constants$ArrayEnumeration (java.xml@21.0.3)
3034:             1             24  com.sun.org.apache.xerces.internal.impl.XMLDocumentScannerImpl$ContentDriver (java.xml@21.0.3)
3035:             1             24  com.sun.org.apache.xerces.internal.impl.XMLNSDocumentScannerImpl$NSContentDriver (java.xml@21.0.3)
3036:             1             24  com.sun.org.apache.xerces.internal.impl.dtd.XMLContentSpec (java.xml@21.0.3)
3037:             1             24  com.sun.org.apache.xerces.internal.impl.msg.XMLMessageFormatter (java.xml@21.0.3)
3038:             1             24  com.sun.org.apache.xerces.internal.impl.validation.ValidationManager (java.xml@21.0.3)
3039:             1             24  com.sun.org.apache.xerces.internal.util.SymbolTable$Entry (java.xml@21.0.3)
3040:             1             24  com.sun.org.apache.xerces.internal.utils.XMLSecurityPropertyManager (java.xml@21.0.3)
3041:             1             24  java.awt.AWTKeyStroke (java.desktop@21.0.3)
3042:             1             24  java.awt.KeyboardFocusManager$HeavyweightFocusRequest (java.desktop@21.0.3)
3043:             1             24  java.awt.Toolkit$DesktopPropertyChangeSupport (java.desktop@21.0.3)
3044:             1             24  java.awt.VKCollection (java.desktop@21.0.3)
3045:             1             24  java.awt.dnd.DragSource (java.desktop@21.0.3)
3046:             1             24  java.io.ByteArrayOutputStream (java.base@21.0.3)
3047:             1             24  java.io.InputStreamReader (java.base@21.0.3)
3048:             1             24  java.io.ObjectInputStream$Caches$1 (java.base@21.0.3)
3049:             1             24  java.io.ObjectStreamClass$Caches$1 (java.base@21.0.3)
3050:             1             24  java.io.ObjectStreamClass$Caches$2 (java.base@21.0.3)
3051:             1             24  java.io.SequenceInputStream (java.base@21.0.3)
3052:             1             24  java.io.UnixFileSystem (java.base@21.0.3)
3053:             1             24  java.lang.ProcessEnvironment$StringEnvironment (java.base@21.0.3)
3054:             1             24  java.lang.ProcessHandleImpl$$Lambda/0x00007e0ca8474468 (java.base@21.0.3)
3055:             1             24  java.lang.Thread$Caches$1 (java.base@21.0.3)
3056:             1             24  java.lang.invoke.MethodHandleImpl$ArrayAccessor$1 (java.base@21.0.3)
3057:             1             24  java.lang.invoke.MethodHandleImpl$BindCaller$1 (java.base@21.0.3)
3058:             1             24  java.lang.invoke.MethodHandleImpl$BindCaller$InjectedInvokerHolder (java.base@21.0.3)
3059:             1             24  java.lang.invoke.MethodHandleImpl$Makers$3 (java.base@21.0.3)
3060:             1             24  java.lang.invoke.MethodType$ConcurrentWeakInternSet (java.base@21.0.3)
3061:             1             24  java.lang.invoke.VarHandles$1 (java.base@21.0.3)
3062:             1             24  java.lang.reflect.Proxy$1 (java.base@21.0.3)
3063:             1             24  java.lang.reflect.ReflectPermission (java.base@21.0.3)
3064:             1             24  java.net.Inet6AddressImpl (java.base@21.0.3)
3065:             1             24  java.net.Proxy (java.base@21.0.3)
3066:             1             24  java.net.URLClassLoader$3 (java.base@21.0.3)
3067:             1             24  java.rmi.dgc.VMID (java.rmi@21.0.3)
3068:             1             24  java.security.Policy$PolicyInfo (java.base@21.0.3)
3069:             1             24  java.security.Policy$UnsupportedEmptyCollection (java.base@21.0.3)
3070:             1             24  java.time.ZoneRegion (java.base@21.0.3)
3071:             1             24  java.time.zone.TzdbZoneRulesProvider (java.base@21.0.3)
3072:             1             24  java.util.AbstractMap$SimpleImmutableEntry (java.base@21.0.3)
3073:             1             24  java.util.Collections$3 (java.base@21.0.3)
3074:             1             24  java.util.Collections$EmptyMap (java.base@21.0.3)
3075:             1             24  java.util.Collections$UnmodifiableSortedSet (java.base@21.0.3)
3076:             1             24  java.util.Comparator$$Lambda/0x00007e0ca81ec490 (java.base@21.0.3)
3077:             1             24  java.util.Comparators$NaturalOrderComparator (java.base@21.0.3)
3078:             1             24  java.util.Comparators$NullComparator (java.base@21.0.3)
3079:             1             24  java.util.Currency (java.base@21.0.3)
3080:             1             24  java.util.Formatter (java.base@21.0.3)
3081:             1             24  java.util.Locale$Cache (java.base@21.0.3)
3082:             1             24  java.util.OptionalInt (java.base@21.0.3)
3083:             1             24  java.util.ResourceBundle$Control$CandidateListCache (java.base@21.0.3)
3084:             1             24  java.util.TaskQueue (java.base@21.0.3)
3085:             1             24  java.util.Timer$ThreadReaper (java.base@21.0.3)
3086:             1             24  java.util.concurrent.ConcurrentLinkedDeque (java.base@21.0.3)
3087:             1             24  java.util.concurrent.ConcurrentSkipListMap$Index (java.base@21.0.3)
3088:             1             24  java.util.logging.LogManager$LoggerContext (java.logging@21.0.3)
3089:             1             24  java.util.logging.LogManager$SystemLoggerContext (java.logging@21.0.3)
3090:             1             24  java.util.regex.Pattern$$Lambda/0x00007e0ca84c0978 (java.base@21.0.3)
3091:             1             24  javax.imageio.ImageIO$CacheInfo (java.desktop@21.0.3)
3092:             1             24  javax.swing.DefaultListModel (java.desktop@21.0.3)
3093:             1             24  javax.swing.DefaultRowSorter$FilterEntry (java.desktop@21.0.3)
3094:             1             24  javax.swing.JComponent$IntVector (java.desktop@21.0.3)
3095:             1             24  javax.swing.JFormattedTextField$CancelAction (java.desktop@21.0.3)
3096:             1             24  javax.swing.JFormattedTextField$CommitAction (java.desktop@21.0.3)
3097:             1             24  javax.swing.JTextField$NotifyAction (java.desktop@21.0.3)
3098:             1             24  javax.swing.KeyboardManager (java.desktop@21.0.3)
3099:             1             24  javax.swing.MenuSelectionManager (java.desktop@21.0.3)
3100:             1             24  javax.swing.RepaintManager$ProcessingRunnable (java.desktop@21.0.3)
3101:             1             24  javax.swing.SwingWorker$SwingWorkerPropertyChangeSupport (java.desktop@21.0.3)
3102:             1             24  javax.swing.SwingWorker$SwingWorkerPropertyChangeSupport$1 (java.desktop@21.0.3)
3103:             1             24  javax.swing.TimerQueue (java.desktop@21.0.3)
3104:             1             24  javax.swing.plaf.basic.BasicBorders$SplitPaneBorder (java.desktop@21.0.3)
3105:             1             24  javax.swing.plaf.basic.BasicBorders$SplitPaneDividerBorder (java.desktop@21.0.3)
3106:             1             24  javax.swing.plaf.basic.BasicLabelUI (java.desktop@21.0.3)
3107:             1             24  javax.swing.plaf.basic.BasicListUI$ListTransferHandler (java.desktop@21.0.3)
3108:             1             24  javax.swing.plaf.basic.BasicPopupMenuUI$MouseGrabber (java.desktop@21.0.3)
3109:             1             24  javax.swing.plaf.basic.BasicTableUI$TableTransferHandler (java.desktop@21.0.3)
3110:             1             24  javax.swing.plaf.metal.MetalUtils$GradientPainter (java.desktop@21.0.3)
3111:             1             24  javax.swing.plaf.metal.OceanTheme$COIcon (java.desktop@21.0.3)
3112:             1             24  javax.swing.text.DefaultEditorKit$BeepAction (java.desktop@21.0.3)
3113:             1             24  javax.swing.text.DefaultEditorKit$CopyAction (java.desktop@21.0.3)
3114:             1             24  javax.swing.text.DefaultEditorKit$CutAction (java.desktop@21.0.3)
3115:             1             24  javax.swing.text.DefaultEditorKit$DeleteNextCharAction (java.desktop@21.0.3)
3116:             1             24  javax.swing.text.DefaultEditorKit$DeletePrevCharAction (java.desktop@21.0.3)
3117:             1             24  javax.swing.text.DefaultEditorKit$DumpModelAction (java.desktop@21.0.3)
3118:             1             24  javax.swing.text.DefaultEditorKit$InsertBreakAction (java.desktop@21.0.3)
3119:             1             24  javax.swing.text.DefaultEditorKit$InsertContentAction (java.desktop@21.0.3)
3120:             1             24  javax.swing.text.DefaultEditorKit$InsertTabAction (java.desktop@21.0.3)
3121:             1             24  javax.swing.text.DefaultEditorKit$PasteAction (java.desktop@21.0.3)
3122:             1             24  javax.swing.text.DefaultEditorKit$ReadOnlyAction (java.desktop@21.0.3)
3123:             1             24  javax.swing.text.DefaultEditorKit$SelectAllAction (java.desktop@21.0.3)
3124:             1             24  javax.swing.text.DefaultEditorKit$ToggleComponentOrientationAction (java.desktop@21.0.3)
3125:             1             24  javax.swing.text.DefaultEditorKit$UnselectAction (java.desktop@21.0.3)
3126:             1             24  javax.swing.text.DefaultEditorKit$WritableAction (java.desktop@21.0.3)
3127:             1             24  javax.swing.text.StyledEditorKit$BoldAction (java.desktop@21.0.3)
3128:             1             24  javax.swing.text.StyledEditorKit$ItalicAction (java.desktop@21.0.3)
3129:             1             24  javax.swing.text.StyledEditorKit$UnderlineAction (java.desktop@21.0.3)
3130:             1             24  javax.swing.text.html.HTMLEditorKit$ActivateLinkAction (java.desktop@21.0.3)
3131:             1             24  jdk.dynalink.LinkerServicesImpl (jdk.dynalink@21.0.3)
3132:             1             24  jdk.dynalink.beans.BeansLinker$1 (jdk.dynalink@21.0.3)
3133:             1             24  jdk.dynalink.beans.BeansLinker$NoSuchMemberHandlerBindingLinker (jdk.dynalink@21.0.3)
3134:             1             24  jdk.dynalink.beans.StaticClassLinker$1 (jdk.dynalink@21.0.3)
3135:             1             24  jdk.dynalink.linker.support.DefaultInternalObjectFilter (jdk.dynalink@21.0.3)
3136:             1             24  jdk.internal.icu.impl.Norm2AllModes (java.base@21.0.3)
3137:             1             24  jdk.internal.icu.impl.Norm2AllModes$ComposeNormalizer2 (java.base@21.0.3)
3138:             1             24  jdk.internal.icu.impl.Norm2AllModes$Norm2AllModesSingleton (java.base@21.0.3)
3139:             1             24  jdk.internal.jimage.ImageReader (java.base@21.0.3)
3140:             1             24  jdk.internal.logger.BootstrapLogger$RedirectedLoggers (java.base@21.0.3)
3141:             1             24  jdk.internal.module.ModuleHashes (java.base@21.0.3)
3142:             1             24  jdk.internal.module.SystemModuleFinders$SystemModuleFinder (java.base@21.0.3)
3143:             1             24  jdk.internal.ref.CleanerImpl (java.base@21.0.3)
3144:             1             24  jdk.internal.vm.ThreadContainers$RootContainer$TrackingRootContainer (java.base@21.0.3)
3145:             1             24  jdk.jfr.internal.ShutdownHook (jdk.jfr@21.0.3)
3146:             1             24  jdk.jfr.internal.management.StreamManager (jdk.jfr@21.0.3)
3147:             1             24  jdk.jfr.internal.periodic.BatchManager (jdk.jfr@21.0.3)
3148:             1             24  jdk.jfr.internal.periodic.TaskRepository (jdk.jfr@21.0.3)
3149:             1             24  jdk.management.jfr.internal.FlightRecorderMXBeanProvider$SingleMBeanComponent (jdk.management.jfr@21.0.3)
3150:             1             24  org.graalvm.visualvm.application.options.Open
3151:             1             24  org.graalvm.visualvm.application.snapshot.ApplicationSnapshotsSupport
3152:             1             24  org.graalvm.visualvm.application.type.DefaultApplicationType
3153:             1             24  org.graalvm.visualvm.application.type.EclipseApplicationTypeFactory
3154:             1             24  org.graalvm.visualvm.application.type.IntellijApplicationTypeFactory
3155:             1             24  org.graalvm.visualvm.application.type.JDeveloperApplicationTypeFactory
3156:             1             24  org.graalvm.visualvm.application.type.MainClassApplicationTypeFactory
3157:             1             24  org.graalvm.visualvm.application.type.MavenApplicationTypeFactory
3158:             1             24  org.graalvm.visualvm.application.type.NetBeansApplicationTypeFactory
3159:             1             24  org.graalvm.visualvm.application.type.VisualVMApplicationType
3160:             1             24  org.graalvm.visualvm.application.views.monitor.ApplicationMonitorViewProvider
3161:             1             24  org.graalvm.visualvm.application.views.monitor.ApplicationSnapshotMonitorViewProvider
3162:             1             24  org.graalvm.visualvm.application.views.overview.ApplicationOverviewViewProvider
3163:             1             24  org.graalvm.visualvm.application.views.overview.ApplicationSnapshotOverviewViewProvider
3164:             1             24  org.graalvm.visualvm.application.views.threads.ApplicationSnapshotThreadsViewProvider
3165:             1             24  org.graalvm.visualvm.application.views.threads.ApplicationThreadsView$2
3166:             1             24  org.graalvm.visualvm.application.views.threads.ApplicationThreadsViewProvider
3167:             1             24  org.graalvm.visualvm.application.views.threads.DeadlockDetector
3168:             1             24  org.graalvm.visualvm.core.datasource.DataSourceRepository
3169:             1             24  org.graalvm.visualvm.core.explorer.ExplorerSupport
3170:             1             24  org.graalvm.visualvm.core.explorer.ExplorerTopComponentAction
3171:             1             24  org.graalvm.visualvm.core.options.GlobalPreferences
3172:             1             24  org.graalvm.visualvm.core.snapshot.RegisteredSnapshotCategories
3173:             1             24  org.graalvm.visualvm.core.snapshot.SnapshotsSorting
3174:             1             24  org.graalvm.visualvm.core.ui.actions.LoadRecentSnapshot
3175:             1             24  org.graalvm.visualvm.coredump.CoreDumpsSorting
3176:             1             24  org.graalvm.visualvm.coredump.impl.CoreDumpOverviewViewProvider
3177:             1             24  org.graalvm.visualvm.graalvm.application.type.GraalVMApplicationTypeFactory
3178:             1             24  org.graalvm.visualvm.graalvm.libgraal.MemoryViewPluginProvider
3179:             1             24  org.graalvm.visualvm.heapdump.HeapDumpSupport
3180:             1             24  org.graalvm.visualvm.heapdump.impl.HeapDumpViewProvider
3181:             1             24  org.graalvm.visualvm.host.HostsSorting
3182:             1             24  org.graalvm.visualvm.host.impl.HostProvider$4
3183:             1             24  org.graalvm.visualvm.host.views.overview.HostOverviewViewProvider
3184:             1             24  org.graalvm.visualvm.jfr.JFRSnapshotsSorting
3185:             1             24  org.graalvm.visualvm.jfr.generic.model.impl.JFRGenericModelProvider
3186:             1             24  org.graalvm.visualvm.jfr.jdk11.model.impl.JFRJDK11ModelProvider
3187:             1             24  org.graalvm.visualvm.jmx.impl.JmxApplicationProvider
3188:             1             24  org.graalvm.visualvm.jvmstat.application.ConnectionDescriptor
3189:             1             24  org.graalvm.visualvm.jvmstat.application.JvmstatApplicationProvider
3190:             1             24  org.graalvm.visualvm.lib.jfluid.results.memory.HeapHistogramManager
3191:             1             24  org.graalvm.visualvm.lib.jfluid.utils.formatting.MethodNameFormatterFactory
3192:             1             24  org.graalvm.visualvm.lib.ui.components.ProfilerToolbar$Impl
3193:             1             24  org.graalvm.visualvm.lib.ui.swing.HeaderComponent$1
3194:             1             24  org.graalvm.visualvm.lib.ui.swing.ProfilerTableContainer$4
3195:             1             24  org.graalvm.visualvm.lib.ui.swing.ProfilerTableContainer$5
3196:             1             24  org.graalvm.visualvm.lib.ui.swing.ProfilerTableContainer$6
3197:             1             24  org.graalvm.visualvm.lib.ui.swing.ProfilerTableContainer$7
3198:             1             24  org.graalvm.visualvm.lib.ui.swing.ProfilerTableContainer$9
3199:             1             24  org.graalvm.visualvm.lib.ui.swing.renderer.LabelRenderer$LabelRendererUI
3200:             1             24  org.graalvm.visualvm.lib.ui.threads.ThreadsPanel$2
3201:             1             24  org.graalvm.visualvm.lib.ui.threads.ThreadsPanel$7
3202:             1             24  org.graalvm.visualvm.modules.mbeans.XMBeanAttributes$AttributesListener
3203:             1             24  org.graalvm.visualvm.modules.mbeans.XMBeanInfo$ReadOnlyDefaultTableModel
3204:             1             24  org.graalvm.visualvm.modules.mbeans.options.GlobalPreferences
3205:             1             24  org.graalvm.visualvm.modules.tracer.dynamic.impl.DynamicPackageProvider$Impl
3206:             1             24  org.graalvm.visualvm.modules.tracer.impl.swing.ColorIcon
3207:             1             24  org.graalvm.visualvm.modules.tracer.impl.swing.LabelRenderer$LabelRendererUI
3208:             1             24  org.graalvm.visualvm.profiler.ProfilerSupport
3209:             1             24  org.graalvm.visualvm.profiling.snapshot.ProfilerSnapshotsSupport
3210:             1             24  org.graalvm.visualvm.threaddump.ThreadDumpSupport
3211:             1             24  org.graalvm.visualvm.threaddump.impl.ThreadDumpViewProvider
3212:             1             24  org.netbeans.CLIHandler$FileAndLock
3213:             1             24  org.netbeans.ModuleManager$ProvidersOf
3214:             1             24  org.netbeans.NbClipboard$GetContents
3215:             1             24  org.netbeans.ProxyURLStreamHandlerFactory
3216:             1             24  org.netbeans.Util$ModuleLookup
3217:             1             24  org.netbeans.Util$ModuleLookup$ModuleResult
3218:             1             24  org.netbeans.core.CLIOptions2
3219:             1             24  org.netbeans.core.ModuleActions
3220:             1             24  org.netbeans.core.NbKeymap$1
3221:             1             24  org.netbeans.core.NbLifecycleManager
3222:             1             24  org.netbeans.core.NbStatusDisplayer
3223:             1             24  org.netbeans.core.startup.MainLookup
3224:             1             24  org.netbeans.core.startup.ModuleList$Listener
3225:             1             24  org.netbeans.core.startup.NbEvents
3226:             1             24  org.netbeans.core.startup.NbInstaller$Cache
3227:             1             24  org.netbeans.core.startup.TopLogging$AWTHandler
3228:             1             24  org.netbeans.core.startup.layers.LocalFileSystemEx$DelegatingAttributes
3229:             1             24  org.netbeans.core.startup.layers.SessionManager
3230:             1             24  org.netbeans.core.windows.Central
3231:             1             24  org.netbeans.core.windows.EditorOnlyDisplayer
3232:             1             24  org.netbeans.core.windows.FloatingWindowTransparencyManager
3233:             1             24  org.netbeans.core.windows.LazyLoader
3234:             1             24  org.netbeans.core.windows.ModeStructureSnapshot
3235:             1             24  org.netbeans.core.windows.RecentViewList
3236:             1             24  org.netbeans.core.windows.ShortcutAndMenuKeyEventProcessor
3237:             1             24  org.netbeans.core.windows.TopComponentTracker
3238:             1             24  org.netbeans.core.windows.WindowManagerImpl$Exclusive
3239:             1             24  org.netbeans.core.windows.actions.MinimizeWindowAction
3240:             1             24  org.netbeans.core.windows.actions.ToolbarsListAction
3241:             1             24  org.netbeans.core.windows.model.EditorSplitSubModel$EditorNode
3242:             1             24  org.netbeans.core.windows.model.SplitSubModel
3243:             1             24  org.netbeans.core.windows.view.DefaultView
3244:             1             24  org.netbeans.core.windows.view.ViewHierarchy$MainWindowListener
3245:             1             24  org.netbeans.core.windows.view.ui.DesktopImpl$LayeredLayout
3246:             1             24  org.netbeans.core.windows.view.ui.toolbars.ResetToolbarsAction
3247:             1             24  org.netbeans.modules.autoupdate.services.UpdateLicenseImpl
3248:             1             24  org.netbeans.modules.autoupdate.updateprovider.ProviderCategory
3249:             1             24  org.netbeans.modules.openide.loaders.RuntimeCatalog
3250:             1             24  org.netbeans.modules.openide.nodes.NodesRegistrationSupport$1
3251:             1             24  org.netbeans.modules.openide.nodes.NodesRegistrationSupport$2
3252:             1             24  org.netbeans.modules.openide.nodes.NodesRegistrationSupport$3
3253:             1             24  org.netbeans.modules.openide.util.LazyMutexImplementation
3254:             1             24  org.netbeans.modules.openide.util.ProxyURLStreamHandlerFactory
3255:             1             24  org.netbeans.modules.openide.util.ProxyURLStreamHandlerFactory$1
3256:             1             24  org.netbeans.modules.settings.InstanceProvider$InstanceCookieImpl
3257:             1             24  org.netbeans.modules.settings.SaveSupport$SaveCookieImpl
3258:             1             24  org.netbeans.modules.settings.convertors.ModuleInfoManager
3259:             1             24  org.netbeans.swing.plaf.AllLFCustoms
3260:             1             24  org.netbeans.swing.plaf.metal.MetalLFCustoms
3261:             1             24  org.netbeans.swing.tabcontrol.customtabs.TabbedType$1
3262:             1             24  org.netbeans.swing.tabcontrol.customtabs.TabbedType$2
3263:             1             24  org.netbeans.swing.tabcontrol.customtabs.TabbedType$3
3264:             1             24  org.netbeans.swing.tabcontrol.customtabs.TabbedType$4
3265:             1             24  org.netbeans.swing.tabcontrol.plaf.BasicScrollingTabDisplayerUI$Autoscroller
3266:             1             24  org.netbeans.swing.tabcontrol.plaf.BasicScrollingTabDisplayerUI$ScratchGraphics
3267:             1             24  org.netbeans.swing.tabcontrol.plaf.BasicScrollingTabDisplayerUI$ScrollingHierarchyListener
3268:             1             24  org.netbeans.swing.tabcontrol.plaf.BasicTabDisplayerUI$BasicDisplayerPropertyChangeListener
3269:             1             24  org.netbeans.swing.tabcontrol.plaf.BasicTabDisplayerUI$BasicModelListener
3270:             1             24  org.netbeans.swing.tabcontrol.plaf.BusyIcon$VectorBusyIcon
3271:             1             24  org.openide.awt.AcceleratorBinding$Iter
3272:             1             24  org.openide.awt.Actions$ButtonActionConnectorGetter
3273:             1             24  org.openide.filesystems.PathElements
3274:             1             24  org.openide.loaders.DataObject$ModifiedRegistry
3275:             1             24  org.openide.loaders.FolderLookup$Dispatch
3276:             1             24  org.openide.nodes.Children$Empty
3277:             1             24  org.openide.nodes.Children$ProjectManagerDeadlockDetector
3278:             1             24  org.openide.nodes.FilterNode$FilterLookup
3279:             1             24  org.openide.util.CachedHiDPIIcon$CachedImageKey
3280:             1             24  org.openide.util.Enumerations$SeqEn
3281:             1             24  org.openide.util.HelpCtx
3282:             1             24  org.openide.util.RE13
3283:             1             24  org.openide.util.Task
3284:             1             24  org.openide.util.Utilities$NamesAndValues
3285:             1             24  org.openide.util.lookup.AbstractLookup$Content
3286:             1             24  org.openide.util.lookup.InheritanceTree
3287:             1             24  org.openide.util.lookup.MetaInfCache
3288:             1             24  org.openjdk.nashorn.api.scripting.ScriptObjectMirror
3289:             1             24  org.openjdk.nashorn.internal.codegen.Namespace
3290:             1             24  org.openjdk.nashorn.internal.runtime.AccessorProperty$1
3291:             1             24  org.openjdk.nashorn.internal.runtime.GlobalConstants
3292:             1             24  org.openjdk.nashorn.internal.runtime.arrays.ArrayData$UntouchedArrayData
3293:             1             24  org.openjdk.nashorn.internal.runtime.arrays.NonExtensibleArrayFilter
3294:             1             24  org.openjdk.nashorn.internal.runtime.arrays.ObjectArrayData
3295:             1             24  org.openjdk.nashorn.internal.runtime.linker.NashornBeansLinker$1
3296:             1             24  org.openjdk.nashorn.internal.runtime.linker.NashornCallSiteDescriptor$1
3297:             1             24  org.openjdk.nashorn.internal.runtime.linker.NashornLinker$1
3298:             1             24  org.openjdk.nashorn.internal.runtime.logging.DebugLogger
3299:             1             24  sun.awt.EventQueueItem (java.desktop@21.0.3)
3300:             1             24  sun.awt.GlobalCursorManager$NativeUpdater (java.desktop@21.0.3)
3301:             1             24  sun.awt.SunHints$LCDContrastKey (java.desktop@21.0.3)
3302:             1             24  sun.awt.WeakIdentityHashMap (java.desktop@21.0.3)
3303:             1             24  sun.awt.X11.XDropTargetRegistry (java.desktop@21.0.3)
3304:             1             24  sun.awt.X11.XKeyboardFocusManagerPeer (java.desktop@21.0.3)
3305:             1             24  sun.awt.X11.XMSelection$3 (java.desktop@21.0.3)
3306:             1             24  sun.awt.datatransfer.ClipboardTransferable (java.desktop@21.0.3)
3307:             1             24  sun.awt.datatransfer.TransferableProxy (java.desktop@21.0.3)
3308:             1             24  sun.awt.util.PerformanceLogger$TimeData (java.desktop@21.0.3)
3309:             1             24  sun.font.CMap$NullCMapClass (java.desktop@21.0.3)
3310:             1             24  sun.font.FontConfigManager$FontConfigInfo (java.desktop@21.0.3)
3311:             1             24  sun.java2d.marlin.ArrayCacheByte (java.desktop@21.0.3)
3312:             1             24  sun.java2d.marlin.ArrayCacheDouble (java.desktop@21.0.3)
3313:             1             24  sun.java2d.marlin.ArrayCacheInt (java.desktop@21.0.3)
3314:             1             24  sun.java2d.marlin.ArrayCacheIntClean (java.desktop@21.0.3)
3315:             1             24  sun.java2d.marlin.DMarlinRenderingEngine$1 (java.desktop@21.0.3)
3316:             1             24  sun.java2d.marlin.DMarlinRenderingEngine$NormMode$1 (java.desktop@21.0.3)
3317:             1             24  sun.java2d.marlin.DMarlinRenderingEngine$NormMode$2 (java.desktop@21.0.3)
3318:             1             24  sun.java2d.marlin.DMarlinRenderingEngine$NormMode$3 (java.desktop@21.0.3)
3319:             1             24  sun.java2d.marlin.TransformingPathConsumer2D$ClosedPathDetector (java.desktop@21.0.3)
3320:             1             24  sun.java2d.pipe.AAShapePipe$1 (java.desktop@21.0.3)
3321:             1             24  sun.java2d.pipe.ShapeSpanIterator (java.desktop@21.0.3)
3322:             1             24  sun.java2d.xr.GrowableIntArray (java.desktop@21.0.3)
3323:             1             24  sun.java2d.xr.GrowableRectArray (java.desktop@21.0.3)
3324:             1             24  sun.java2d.xr.MaskTile (java.desktop@21.0.3)
3325:             1             24  sun.jvmstat.perfdata.monitor.protocol.local.LocalEventTimer (jdk.internal.jvmstat@21.0.3)
3326:             1             24  sun.management.CompilationImpl (java.management@21.0.3)
3327:             1             24  sun.management.ManagementFactoryHelper$LoggingMXBeanAccess (java.management@21.0.3)
3328:             1             24  sun.management.ManagementFactoryHelper$PlatformLoggingImpl (java.management@21.0.3)
3329:             1             24  sun.management.MemoryImpl (java.management@21.0.3)
3330:             1             24  sun.management.RuntimeImpl (java.management@21.0.3)
3331:             1             24  sun.management.VMManagementImpl (java.management@21.0.3)
3332:             1             24  sun.net.sdp.SdpProvider (java.base@21.0.3)
3333:             1             24  sun.net.www.MimeTable (java.base@21.0.3)
3334:             1             24  sun.nio.ch.FileLockTable (java.base@21.0.3)
3335:             1             24  sun.nio.cs.ISO_8859_1 (java.base@21.0.3)
3336:             1             24  sun.nio.cs.StandardCharsets (java.base@21.0.3)
3337:             1             24  sun.nio.cs.US_ASCII (java.base@21.0.3)
3338:             1             24  sun.nio.cs.UTF_16 (java.base@21.0.3)
3339:             1             24  sun.nio.cs.UTF_16BE (java.base@21.0.3)
3340:             1             24  sun.nio.cs.UTF_16LE (java.base@21.0.3)
3341:             1             24  sun.nio.cs.UTF_8 (java.base@21.0.3)
3342:             1             24  sun.nio.fs.AbstractWatchKey$Event (java.base@21.0.3)
3343:             1             24  sun.reflect.generics.tree.Wildcard (java.base@21.0.3)
3344:             1             24  sun.security.provider.NativeSeedGenerator (java.base@21.0.3)
3345:             1             24  sun.swing.SwingUtilities2$KeyPair (java.desktop@21.0.3)
3346:             1             24  sun.util.cldr.CLDRCalendarDataProviderImpl (java.base@21.0.3)
3347:             1             24  sun.util.cldr.CLDRTimeZoneNameProviderImpl (java.base@21.0.3)
3348:             1             24  sun.util.locale.BaseLocale$Cache (java.base@21.0.3)
3349:             1             24  sun.util.locale.provider.CalendarProviderImpl (java.base@21.0.3)
3350:             1             24  sun.util.locale.provider.CollatorProviderImpl (java.base@21.0.3)
3351:             1             24  sun.util.locale.provider.DateFormatProviderImpl (java.base@21.0.3)
3352:             1             24  sun.util.locale.provider.DateFormatSymbolsProviderImpl (java.base@21.0.3)
3353:             1             24  sun.util.locale.provider.DecimalFormatSymbolsProviderImpl (java.base@21.0.3)
3354:             1             24  sun.util.locale.provider.NumberFormatProviderImpl (java.base@21.0.3)
3355:             1             24  sun.util.locale.provider.TimeZoneNameProviderImpl (java.base@21.0.3)
3356:             1             16  [Ljava.beans.EventSetDescriptor; (java.desktop@21.0.3)
3357:             1             16  [Ljava.lang.Throwable; (java.base@21.0.3)
3358:             1             16  [Ljava.lang.management.LockInfo; (java.management@21.0.3)
3359:             1             16  [Ljava.lang.management.MonitorInfo; (java.management@21.0.3)
3360:             1             16  [Ljava.net.NetworkInterface; (java.base@21.0.3)
3361:             1             16  [Ljava.nio.file.attribute.FileAttribute; (java.base@21.0.3)
3362:             1             16  [Ljava.security.Provider; (java.base@21.0.3)
3363:             1             16  [Ljava.security.cert.Certificate; (java.base@21.0.3)
3364:             1             16  [Ljava.text.Format$Field; (java.base@21.0.3)
3365:             1             16  [Ljava.util.logging.Handler; (java.logging@21.0.3)
3366:             1             16  [Ljava.util.prefs.AbstractPreferences; (java.prefs@21.0.3)
3367:             1             16  [Ljavax.swing.text.Highlighter$Highlight; (java.desktop@21.0.3)
3368:             1             16  [Lorg.graalvm.visualvm.lib.jfluid.client.ClientUtils$SourceCodeSelection;
3369:             1             16  [Lorg.graalvm.visualvm.lib.jfluid.client.RuntimeProfilingPoint;
3370:             1             16  [Lorg.openide.filesystems.AbstractFolder;
3371:             1             16  [Lorg.openide.filesystems.FileObject;
3372:             1             16  [Lorg.openide.loaders.DataLoader;
3373:             1             16  [Lorg.openide.nodes.Node;
3374:             1             16  [Lorg.openide.util.actions.SystemAction;
3375:             1             16  [Lorg.openide.util.datatransfer.ExClipboard$Convertor;
3376:             1             16  [Lorg.openide.util.datatransfer.NewType;
3377:             1             16  [Lorg.openide.util.datatransfer.PasteType;
3378:             1             16  com.sun.imageio.plugins.common.InputStreamAdapter (java.desktop@21.0.3)
3379:             1             16  com.sun.jmx.interceptor.DefaultMBeanServerInterceptor$ResourceContext$1 (java.management@21.0.3)
3380:             1             16  com.sun.jmx.mbeanserver.DefaultMXBeanMappingFactory (java.management@21.0.3)
3381:             1             16  com.sun.jmx.mbeanserver.DescriptorCache (java.management@21.0.3)
3382:             1             16  com.sun.jmx.mbeanserver.MBeanAnalyzer$MethodOrder (java.management@21.0.3)
3383:             1             16  com.sun.jmx.mbeanserver.MBeanInstantiator (java.management@21.0.3)
3384:             1             16  com.sun.jmx.mbeanserver.MXBeanIntrospector (java.management@21.0.3)
3385:             1             16  com.sun.jmx.mbeanserver.SecureClassLoaderRepository (java.management@21.0.3)
3386:             1             16  com.sun.jna.JNIEnv
3387:             1             16  com.sun.jna.Native$1
3388:             1             16  com.sun.jna.Native$2
3389:             1             16  com.sun.jna.Native$7
3390:             1             16  com.sun.jna.Structure$1
3391:             1             16  com.sun.jna.Structure$2
3392:             1             16  com.sun.jna.VarArgsChecker$RealVarArgsChecker
3393:             1             16  com.sun.jna.platform.unix.X11$Display
3394:             1             16  com.sun.jna.platform.unix.X11$Visual
3395:             1             16  com.sun.jna.ptr.IntByReference
3396:             1             16  com.sun.management.internal.HotSpotDiagnostic (jdk.management@21.0.3)
3397:             1             16  com.sun.management.internal.PlatformMBeanProviderImpl$$Lambda/0x00007e0ca84678a8 (jdk.management@21.0.3)
3398:             1             16  com.sun.management.internal.PlatformMBeanProviderImpl$1 (jdk.management@21.0.3)
3399:             1             16  com.sun.management.internal.PlatformMBeanProviderImpl$3 (jdk.management@21.0.3)
3400:             1             16  com.sun.management.internal.PlatformMBeanProviderImpl$4 (jdk.management@21.0.3)
3401:             1             16  com.sun.org.apache.xerces.internal.impl.dv.dtd.DTDDVFactoryImpl (java.xml@21.0.3)
3402:             1             16  com.sun.org.apache.xerces.internal.impl.dv.dtd.IDDatatypeValidator (java.xml@21.0.3)
3403:             1             16  com.sun.org.apache.xerces.internal.impl.dv.dtd.IDREFDatatypeValidator (java.xml@21.0.3)
3404:             1             16  com.sun.org.apache.xerces.internal.impl.dv.dtd.NMTOKENDatatypeValidator (java.xml@21.0.3)
3405:             1             16  com.sun.org.apache.xerces.internal.impl.dv.dtd.NOTATIONDatatypeValidator (java.xml@21.0.3)
3406:             1             16  com.sun.org.apache.xerces.internal.impl.dv.dtd.StringDatatypeValidator (java.xml@21.0.3)
3407:             1             16  com.sun.org.apache.xerces.internal.parsers.AbstractSAXParser$AttributesProxy (java.xml@21.0.3)
3408:             1             16  com.sun.org.apache.xerces.internal.util.EntityResolverWrapper (java.xml@21.0.3)
3409:             1             16  com.sun.org.apache.xerces.internal.util.ErrorHandlerWrapper (java.xml@21.0.3)
3410:             1             16  com.sun.proxy.jdk.proxy1.$Proxy6 (jdk.proxy1)
3411:             1             16  java.awt.AWTEvent$1 (java.desktop@21.0.3)
3412:             1             16  java.awt.Component$1 (java.desktop@21.0.3)
3413:             1             16  java.awt.Component$AWTTreeLock (java.desktop@21.0.3)
3414:             1             16  java.awt.Container$1 (java.desktop@21.0.3)
3415:             1             16  java.awt.Container$MouseEventTargetFilter (java.desktop@21.0.3)
3416:             1             16  java.awt.Cursor$$Lambda/0x00007e0ca83e5810 (java.desktop@21.0.3)
3417:             1             16  java.awt.Cursor$1 (java.desktop@21.0.3)
3418:             1             16  java.awt.DefaultKeyboardFocusManager$1 (java.desktop@21.0.3)
3419:             1             16  java.awt.EventDispatchThread$1 (java.desktop@21.0.3)
3420:             1             16  java.awt.EventDispatchThread$HierarchyEventFilter (java.desktop@21.0.3)
3421:             1             16  java.awt.EventQueue$1 (java.desktop@21.0.3)
3422:             1             16  java.awt.EventQueue$2 (java.desktop@21.0.3)
3423:             1             16  java.awt.Font$FontAccessImpl (java.desktop@21.0.3)
3424:             1             16  java.awt.Frame$1 (java.desktop@21.0.3)
3425:             1             16  java.awt.GraphicsCallback$PaintCallback (java.desktop@21.0.3)
3426:             1             16  java.awt.GraphicsEnvironment$$Lambda/0x00007e0ca806abe0 (java.desktop@21.0.3)
3427:             1             16  java.awt.Image$1 (java.desktop@21.0.3)
3428:             1             16  java.awt.KeyboardFocusManager$1 (java.desktop@21.0.3)
3429:             1             16  java.awt.SequencedEvent$1 (java.desktop@21.0.3)
3430:             1             16  java.awt.SystemColor$$Lambda/0x00007e0ca8149d60 (java.desktop@21.0.3)
3431:             1             16  java.awt.Toolkit$3 (java.desktop@21.0.3)
3432:             1             16  java.awt.Window$1 (java.desktop@21.0.3)
3433:             1             16  java.awt.color.ICC_Profile$$Lambda/0x00007e0ca8029678 (java.desktop@21.0.3)
3434:             1             16  java.awt.datatransfer.StringSelection (java.datatransfer@21.0.3)
3435:             1             16  java.awt.datatransfer.SystemFlavorMap$$Lambda/0x00007e0ca83cc840 (java.datatransfer@21.0.3)
3436:             1             16  java.awt.datatransfer.SystemFlavorMap$$Lambda/0x00007e0ca83fda10 (java.datatransfer@21.0.3)
3437:             1             16  java.awt.dnd.DropTargetContext$1 (java.desktop@21.0.3)
3438:             1             16  java.awt.event.InputEvent$1 (java.desktop@21.0.3)
3439:             1             16  java.awt.event.InvocationEvent$1 (java.desktop@21.0.3)
3440:             1             16  java.awt.event.KeyEvent$1 (java.desktop@21.0.3)
3441:             1             16  java.awt.event.MouseEvent$1 (java.desktop@21.0.3)
3442:             1             16  java.awt.font.JavaAWTFontAccessImpl (java.desktop@21.0.3)
3443:             1             16  java.awt.image.DataBuffer$1 (java.desktop@21.0.3)
3444:             1             16  java.beans.Introspector$1 (java.desktop@21.0.3)
3445:             1             16  java.beans.Statement$1 (java.desktop@21.0.3)
3446:             1             16  java.io.DeleteOnExitHook$1 (java.base@21.0.3)
3447:             1             16  java.io.FileDescriptor$1 (java.base@21.0.3)
3448:             1             16  java.io.FilePermission$1 (java.base@21.0.3)
3449:             1             16  java.io.FilePermissionCollection$$Lambda/0x00007e0ca837ad00 (java.base@21.0.3)
3450:             1             16  java.io.ObjectInputFilter$Config$$Lambda/0x00007e0ca817c090 (java.base@21.0.3)
3451:             1             16  java.io.ObjectInputFilter$Config$$Lambda/0x00007e0ca817c2a8 (java.base@21.0.3)
3452:             1             16  java.io.ObjectInputFilter$Config$$Lambda/0x00007e0ca817c8f8 (java.base@21.0.3)
3453:             1             16  java.io.ObjectInputFilter$Config$BuiltinFilterFactory (java.base@21.0.3)
3454:             1             16  java.io.ObjectInputStream$$Lambda/0x00007e0ca817a748 (java.base@21.0.3)
3455:             1             16  java.io.ObjectInputStream$$Lambda/0x00007e0ca817ab58 (java.base@21.0.3)
3456:             1             16  java.io.PrintStream$1 (java.base@21.0.3)
3457:             1             16  java.io.PrintWriter$1 (java.base@21.0.3)
3458:             1             16  java.io.RandomAccessFile$2 (java.base@21.0.3)
3459:             1             16  java.lang.ApplicationShutdownHooks$1 (java.base@21.0.3)
3460:             1             16  java.lang.CharacterData00 (java.base@21.0.3)
3461:             1             16  java.lang.CharacterDataLatin1 (java.base@21.0.3)
3462:             1             16  java.lang.Class$$Lambda/0x00007e0ca807d320 (java.base@21.0.3)
3463:             1             16  java.lang.Module$$Lambda/0x00007e0ca8040c58 (java.base@21.0.3)
3464:             1             16  java.lang.ProcessBuilder$NullInputStream (java.base@21.0.3)
3465:             1             16  java.lang.ProcessBuilder$NullOutputStream (java.base@21.0.3)
3466:             1             16  java.lang.ProcessHandleImpl$$Lambda/0x00007e0ca8474250 (java.base@21.0.3)
3467:             1             16  java.lang.Runtime (java.base@21.0.3)
3468:             1             16  java.lang.SecurityManager$$Lambda/0x00007e0ca8134748 (java.base@21.0.3)
3469:             1             16  java.lang.SecurityManager$$Lambda/0x00007e0ca8134bd0 (java.base@21.0.3)
3470:             1             16  java.lang.SecurityManager$$Lambda/0x00007e0ca8134e08 (java.base@21.0.3)
3471:             1             16  java.lang.SecurityManager$$Lambda/0x00007e0ca8135040 (java.base@21.0.3)
3472:             1             16  java.lang.SecurityManager$$Lambda/0x00007e0ca8135268 (java.base@21.0.3)
3473:             1             16  java.lang.SecurityManager$$Lambda/0x00007e0ca81354b0 (java.base@21.0.3)
3474:             1             16  java.lang.SecurityManager$$Lambda/0x00007e0ca8135918 (java.base@21.0.3)
3475:             1             16  java.lang.SecurityManager$$Lambda/0x00007e0ca8135b60 (java.base@21.0.3)
3476:             1             16  java.lang.String$CaseInsensitiveComparator (java.base@21.0.3)
3477:             1             16  java.lang.System$2 (java.base@21.0.3)
3478:             1             16  java.lang.System$LoggerFinder$$Lambda/0x00007e0ca8064b10 (java.base@21.0.3)
3479:             1             16  java.lang.Terminator$1 (java.base@21.0.3)
3480:             1             16  java.lang.invoke.ClassSpecializer$1 (java.base@21.0.3)
3481:             1             16  java.lang.invoke.MemberName$Factory (java.base@21.0.3)
3482:             1             16  java.lang.invoke.MethodHandleImpl$1 (java.base@21.0.3)
3483:             1             16  java.lang.invoke.MethodHandleImpl$Makers$1 (java.base@21.0.3)
3484:             1             16  java.lang.invoke.MethodHandleImpl$Makers$2 (java.base@21.0.3)
3485:             1             16  java.lang.management.DefaultPlatformMBeanProvider$1 (java.management@21.0.3)
3486:             1             16  java.lang.management.DefaultPlatformMBeanProvider$10 (java.management@21.0.3)
3487:             1             16  java.lang.management.DefaultPlatformMBeanProvider$2 (java.management@21.0.3)
3488:             1             16  java.lang.management.DefaultPlatformMBeanProvider$3 (java.management@21.0.3)
3489:             1             16  java.lang.management.DefaultPlatformMBeanProvider$5 (java.management@21.0.3)
3490:             1             16  java.lang.management.DefaultPlatformMBeanProvider$5$$Lambda/0x00007e0ca84de6a0 (java.management@21.0.3)
3491:             1             16  java.lang.management.DefaultPlatformMBeanProvider$6 (java.management@21.0.3)
3492:             1             16  java.lang.management.DefaultPlatformMBeanProvider$7 (java.management@21.0.3)
3493:             1             16  java.lang.management.DefaultPlatformMBeanProvider$9 (java.management@21.0.3)
3494:             1             16  java.lang.management.ManagementFactory$$Lambda/0x00007e0ca8466618 (java.management@21.0.3)
3495:             1             16  java.lang.management.ManagementFactory$$Lambda/0x00007e0ca84d1a50 (java.management@21.0.3)
3496:             1             16  java.lang.management.ManagementFactory$$Lambda/0x00007e0ca84d1c98 (java.management@21.0.3)
3497:             1             16  java.lang.management.ManagementFactory$$Lambda/0x00007e0ca84d1ed0 (java.management@21.0.3)
3498:             1             16  java.lang.module.ModuleDescriptor$1 (java.base@21.0.3)
3499:             1             16  java.lang.module.ModuleDescriptor$Builder$$Lambda/0x800000002 (java.base@21.0.3)
3500:             1             16  java.lang.ref.Cleaner (java.base@21.0.3)
3501:             1             16  java.lang.ref.Cleaner$1 (java.base@21.0.3)
3502:             1             16  java.lang.ref.Reference$1 (java.base@21.0.3)
3503:             1             16  java.lang.reflect.AccessFlag$1 (java.base@21.0.3)
3504:             1             16  java.lang.reflect.AccessFlag$10 (java.base@21.0.3)
3505:             1             16  java.lang.reflect.AccessFlag$11 (java.base@21.0.3)
3506:             1             16  java.lang.reflect.AccessFlag$12 (java.base@21.0.3)
3507:             1             16  java.lang.reflect.AccessFlag$13 (java.base@21.0.3)
3508:             1             16  java.lang.reflect.AccessFlag$14 (java.base@21.0.3)
3509:             1             16  java.lang.reflect.AccessFlag$15 (java.base@21.0.3)
3510:             1             16  java.lang.reflect.AccessFlag$16 (java.base@21.0.3)
3511:             1             16  java.lang.reflect.AccessFlag$17 (java.base@21.0.3)
3512:             1             16  java.lang.reflect.AccessFlag$18 (java.base@21.0.3)
3513:             1             16  java.lang.reflect.AccessFlag$2 (java.base@21.0.3)
3514:             1             16  java.lang.reflect.AccessFlag$3 (java.base@21.0.3)
3515:             1             16  java.lang.reflect.AccessFlag$4 (java.base@21.0.3)
3516:             1             16  java.lang.reflect.AccessFlag$5 (java.base@21.0.3)
3517:             1             16  java.lang.reflect.AccessFlag$6 (java.base@21.0.3)
3518:             1             16  java.lang.reflect.AccessFlag$7 (java.base@21.0.3)
3519:             1             16  java.lang.reflect.AccessFlag$8 (java.base@21.0.3)
3520:             1             16  java.lang.reflect.AccessFlag$9 (java.base@21.0.3)
3521:             1             16  java.lang.reflect.Proxy$$Lambda/0x00007e0ca8049b50 (java.base@21.0.3)
3522:             1             16  java.lang.reflect.Proxy$$Lambda/0x00007e0ca82e5f40 (java.base@21.0.3)
3523:             1             16  java.lang.reflect.Proxy$ProxyBuilder$$Lambda/0x00007e0ca804adf0 (java.base@21.0.3)
3524:             1             16  java.lang.reflect.ProxyGenerator$$Lambda/0x00007e0ca804bbb8 (java.base@21.0.3)
3525:             1             16  java.lang.reflect.ProxyGenerator$$Lambda/0x00007e0ca804bdf0 (java.base@21.0.3)
3526:             1             16  java.lang.reflect.ReflectAccess (java.base@21.0.3)
3527:             1             16  java.net.InetAddress$$Lambda/0x00007e0ca8033848 (java.base@21.0.3)
3528:             1             16  java.net.InetAddress$$Lambda/0x00007e0ca808a918 (java.base@21.0.3)
3529:             1             16  java.net.InetAddress$1 (java.base@21.0.3)
3530:             1             16  java.net.InetAddress$PlatformResolver (java.base@21.0.3)
3531:             1             16  java.net.URI$1 (java.base@21.0.3)
3532:             1             16  java.net.URL$3 (java.base@21.0.3)
3533:             1             16  java.net.URL$DefaultFactory (java.base@21.0.3)
3534:             1             16  java.net.URLConnection$1 (java.base@21.0.3)
3535:             1             16  java.net.UnknownContentHandler (java.base@21.0.3)
3536:             1             16  java.net.spi.InetAddressResolver$LookupPolicy (java.base@21.0.3)
3537:             1             16  java.nio.Bits$1 (java.base@21.0.3)
3538:             1             16  java.nio.Buffer$1 (java.base@21.0.3)
3539:             1             16  java.nio.Buffer$2 (java.base@21.0.3)
3540:             1             16  java.nio.file.Files$AcceptAllFilter (java.base@21.0.3)
3541:             1             16  java.security.ProtectionDomain$JavaSecurityAccessImpl (java.base@21.0.3)
3542:             1             16  java.security.ProtectionDomain$JavaSecurityAccessImpl$1 (java.base@21.0.3)
3543:             1             16  java.security.Security$$Lambda/0x80000000b (java.base@21.0.3)
3544:             1             16  java.security.Security$1 (java.base@21.0.3)
3545:             1             16  java.text.DecimalFormatSymbols$$Lambda/0x80000000d (java.base@21.0.3)
3546:             1             16  java.text.DontCareFieldPosition$1 (java.base@21.0.3)
3547:             1             16  java.text.MessageFormat$Field (java.base@21.0.3)
3548:             1             16  java.time.Clock$SystemClock (java.base@21.0.3)
3549:             1             16  java.time.ZoneOffset$$Lambda/0x80000000e (java.base@21.0.3)
3550:             1             16  java.time.chrono.IsoChronology (java.base@21.0.3)
3551:             1             16  java.util.Collections$EmptyEnumeration (java.base@21.0.3)
3552:             1             16  java.util.Collections$EmptyIterator (java.base@21.0.3)
3553:             1             16  java.util.Collections$EmptyList (java.base@21.0.3)
3554:             1             16  java.util.Collections$EmptySet (java.base@21.0.3)
3555:             1             16  java.util.Collections$ReverseComparator (java.base@21.0.3)
3556:             1             16  java.util.Collections$UnmodifiableMap$UnmodifiableEntrySet (java.base@21.0.3)
3557:             1             16  java.util.Comparator$$Lambda/0x00007e0ca81f3ce8 (java.base@21.0.3)
3558:             1             16  java.util.Currency$CurrencyNameGetter (java.base@21.0.3)
3559:             1             16  java.util.EnumMap$1 (java.base@21.0.3)
3560:             1             16  java.util.IdentityHashMap$EntrySet (java.base@21.0.3)
3561:             1             16  java.util.ImmutableCollections$Access$1 (java.base@21.0.3)
3562:             1             16  java.util.Locale$Builder (java.base@21.0.3)
3563:             1             16  java.util.Map$Entry$$Lambda/0x00007e0ca8740488 (java.base@21.0.3)
3564:             1             16  java.util.ResourceBundle$1 (java.base@21.0.3)
3565:             1             16  java.util.ResourceBundle$Control (java.base@21.0.3)
3566:             1             16  java.util.ResourceBundle$ResourceBundleControlProviderHolder$$Lambda/0x00007e0ca81ee9d8 (java.base@21.0.3)
3567:             1             16  java.util.ResourceBundle$ResourceBundleControlProviderHolder$$Lambda/0x00007e0ca81ef080 (java.base@21.0.3)
3568:             1             16  java.util.Spliterators$EmptySpliterator$OfDouble (java.base@21.0.3)
3569:             1             16  java.util.Spliterators$EmptySpliterator$OfInt (java.base@21.0.3)
3570:             1             16  java.util.Spliterators$EmptySpliterator$OfLong (java.base@21.0.3)
3571:             1             16  java.util.Spliterators$EmptySpliterator$OfRef (java.base@21.0.3)
3572:             1             16  java.util.WeakHashMap$EntrySet (java.base@21.0.3)
3573:             1             16  java.util.WeakHashMap$Values (java.base@21.0.3)
3574:             1             16  java.util.concurrent.CompletableFuture$AltResult (java.base@21.0.3)
3575:             1             16  java.util.concurrent.ConcurrentSkipListMap$KeySet (java.base@21.0.3)
3576:             1             16  java.util.concurrent.ConcurrentSkipListSet (java.base@21.0.3)
3577:             1             16  java.util.concurrent.ForkJoinPool$2 (java.base@21.0.3)
3578:             1             16  java.util.concurrent.ForkJoinPool$DefaultForkJoinWorkerThreadFactory (java.base@21.0.3)
3579:             1             16  java.util.concurrent.Semaphore (java.base@21.0.3)
3580:             1             16  java.util.concurrent.ThreadPoolExecutor$AbortPolicy (java.base@21.0.3)
3581:             1             16  java.util.function.Function$$Lambda/0x00007e0ca84de8d8 (java.base@21.0.3)
3582:             1             16  java.util.jar.JavaUtilJarAccessImpl (java.base@21.0.3)
3583:             1             16  java.util.logging.Level$$Lambda/0x00007e0ca80760f8 (java.logging@21.0.3)
3584:             1             16  java.util.logging.Level$$Lambda/0x00007e0ca8076c88 (java.logging@21.0.3)
3585:             1             16  java.util.logging.Level$$Lambda/0x800000013 (java.logging@21.0.3)
3586:             1             16  java.util.logging.Level$KnownLevel$$Lambda/0x00007e0ca80767f0 (java.logging@21.0.3)
3587:             1             16  java.util.logging.Level$KnownLevel$$Lambda/0x800000023 (java.logging@21.0.3)
3588:             1             16  java.util.logging.Level$KnownLevel$$Lambda/0x800000024 (java.logging@21.0.3)
3589:             1             16  java.util.logging.Level$KnownLevel$$Lambda/0x800000025 (java.logging@21.0.3)
3590:             1             16  java.util.logging.LogManager$LoggingProviderAccess (java.logging@21.0.3)
3591:             1             16  java.util.logging.LogManager$VisitedLoggers (java.logging@21.0.3)
3592:             1             16  java.util.logging.Logging (java.logging@21.0.3)
3593:             1             16  java.util.logging.SimpleFormatter (java.logging@21.0.3)
3594:             1             16  java.util.logging.SimpleFormatter$$Lambda/0x00007e0ca80785f0 (java.logging@21.0.3)
3595:             1             16  java.util.prefs.FileSystemPreferencesFactory (java.prefs@21.0.3)
3596:             1             16  java.util.regex.CharPredicates$$Lambda/0x00007e0ca8178028 (java.base@21.0.3)
3597:             1             16  java.util.regex.CharPredicates$$Lambda/0x00007e0ca81786b0 (java.base@21.0.3)
3598:             1             16  java.util.regex.CharPredicates$$Lambda/0x00007e0ca82c0de8 (java.base@21.0.3)
3599:             1             16  java.util.regex.CharPredicates$$Lambda/0x00007e0ca84c0270 (java.base@21.0.3)
3600:             1             16  java.util.regex.CharPredicates$$Lambda/0x00007e0ca84c0720 (java.base@21.0.3)
3601:             1             16  java.util.regex.CharPredicates$$Lambda/0x800000026 (java.base@21.0.3)
3602:             1             16  java.util.regex.CharPredicates$$Lambda/0x800000027 (java.base@21.0.3)
3603:             1             16  java.util.regex.Pattern$$Lambda/0x00007e0ca8097130 (java.base@21.0.3)
3604:             1             16  java.util.regex.Pattern$$Lambda/0x00007e0ca84c04c8 (java.base@21.0.3)
3605:             1             16  java.util.regex.Pattern$LastNode (java.base@21.0.3)
3606:             1             16  java.util.regex.Pattern$LookBehindEndNode (java.base@21.0.3)
3607:             1             16  java.util.regex.Pattern$Node (java.base@21.0.3)
3608:             1             16  java.util.stream.Collectors$$Lambda/0x00007e0ca84705f8 (java.base@21.0.3)
3609:             1             16  java.util.stream.Collectors$$Lambda/0x00007e0ca84710c0 (java.base@21.0.3)
3610:             1             16  java.util.stream.Collectors$$Lambda/0x00007e0ca84712e8 (java.base@21.0.3)
3611:             1             16  java.util.stream.Collectors$$Lambda/0x00007e0ca84deb10 (java.base@21.0.3)
3612:             1             16  java.util.stream.Collectors$$Lambda/0x00007e0ca84def58 (java.base@21.0.3)
3613:             1             16  java.util.stream.Collectors$$Lambda/0x80000003a (java.base@21.0.3)
3614:             1             16  java.util.stream.Collectors$$Lambda/0x80000003f (java.base@21.0.3)
3615:             1             16  java.util.stream.Collectors$$Lambda/0x800000041 (java.base@21.0.3)
3616:             1             16  java.util.stream.Collectors$$Lambda/0x800000042 (java.base@21.0.3)
3617:             1             16  java.util.stream.Collectors$$Lambda/0x800000043 (java.base@21.0.3)
3618:             1             16  java.util.stream.Collectors$$Lambda/0x800000044 (java.base@21.0.3)
3619:             1             16  java.util.stream.Collectors$$Lambda/0x800000046 (java.base@21.0.3)
3620:             1             16  java.util.stream.FindOps$FindSink$OfInt$$Lambda/0x800000049 (java.base@21.0.3)
3621:             1             16  java.util.stream.FindOps$FindSink$OfInt$$Lambda/0x80000004a (java.base@21.0.3)
3622:             1             16  java.util.stream.FindOps$FindSink$OfInt$$Lambda/0x80000004b (java.base@21.0.3)
3623:             1             16  java.util.stream.FindOps$FindSink$OfInt$$Lambda/0x80000004c (java.base@21.0.3)
3624:             1             16  java.util.stream.FindOps$FindSink$OfRef$$Lambda/0x80000004d (java.base@21.0.3)
3625:             1             16  java.util.stream.FindOps$FindSink$OfRef$$Lambda/0x80000004e (java.base@21.0.3)
3626:             1             16  java.util.stream.FindOps$FindSink$OfRef$$Lambda/0x80000004f (java.base@21.0.3)
3627:             1             16  java.util.stream.FindOps$FindSink$OfRef$$Lambda/0x800000050 (java.base@21.0.3)
3628:             1             16  java.util.stream.LongPipeline$$Lambda/0x00007e0ca8750550 (java.base@21.0.3)
3629:             1             16  java.util.stream.Nodes$EmptyNode$OfDouble (java.base@21.0.3)
3630:             1             16  java.util.stream.Nodes$EmptyNode$OfInt (java.base@21.0.3)
3631:             1             16  java.util.stream.Nodes$EmptyNode$OfLong (java.base@21.0.3)
3632:             1             16  java.util.stream.Nodes$EmptyNode$OfRef (java.base@21.0.3)
3633:             1             16  java.util.stream.ReferencePipeline$$Lambda/0x00007e0ca81ef8e0 (java.base@21.0.3)
3634:             1             16  java.util.zip.ZipFile$1 (java.base@21.0.3)
3635:             1             16  javax.accessibility.AccessibleContext$1 (java.desktop@21.0.3)
3636:             1             16  javax.imageio.spi.IIORegistry (java.desktop@21.0.3)
3637:             1             16  javax.management.JMX (java.management@21.0.3)
3638:             1             16  javax.management.MBeanServerBuilder (java.management@21.0.3)
3639:             1             16  javax.management.NotificationBroadcasterSupport$1 (java.management@21.0.3)
3640:             1             16  javax.management.remote.JMXConnectorFactory$$Lambda/0x00007e0ca84fa698 (java.management@21.0.3)
3641:             1             16  javax.rmi.ssl.SslRMIClientSocketFactory (java.rmi@21.0.3)
3642:             1             16  javax.script.ScriptEngineManager$$Lambda/0x00007e0ca82008c8 (java.scripting@21.0.3)
3643:             1             16  javax.script.ScriptEngineManager$$Lambda/0x00007e0ca8203220 (java.scripting@21.0.3)
3644:             1             16  javax.script.ScriptEngineManager$$Lambda/0x00007e0ca82038e8 (java.scripting@21.0.3)
3645:             1             16  javax.script.SimpleBindings (java.scripting@21.0.3)
3646:             1             16  javax.swing.Autoscroller (java.desktop@21.0.3)
3647:             1             16  javax.swing.ClientPropertyKey$1 (java.desktop@21.0.3)
3648:             1             16  javax.swing.ImageIcon$2 (java.desktop@21.0.3)
3649:             1             16  javax.swing.JComponent$1 (java.desktop@21.0.3)
3650:             1             16  javax.swing.JComponent$2 (java.desktop@21.0.3)
3651:             1             16  javax.swing.JSpinner$DisabledAction (java.desktop@21.0.3)
3652:             1             16  javax.swing.JTable$$Lambda/0x00007e0ca8673278 (java.desktop@21.0.3)
3653:             1             16  javax.swing.JTable$$Lambda/0x00007e0ca8673490 (java.desktop@21.0.3)
3654:             1             16  javax.swing.JTable$$Lambda/0x00007e0ca86736a8 (java.desktop@21.0.3)
3655:             1             16  javax.swing.JTable$$Lambda/0x00007e0ca86738c0 (java.desktop@21.0.3)
3656:             1             16  javax.swing.JTable$$Lambda/0x00007e0ca8673ad8 (java.desktop@21.0.3)
3657:             1             16  javax.swing.JTable$$Lambda/0x00007e0ca8673cf0 (java.desktop@21.0.3)
3658:             1             16  javax.swing.JTable$$Lambda/0x00007e0ca8673f08 (java.desktop@21.0.3)
3659:             1             16  javax.swing.JTable$$Lambda/0x00007e0ca8674120 (java.desktop@21.0.3)
3660:             1             16  javax.swing.JTable$$Lambda/0x00007e0ca8674338 (java.desktop@21.0.3)
3661:             1             16  javax.swing.JTable$$Lambda/0x00007e0ca8674550 (java.desktop@21.0.3)
3662:             1             16  javax.swing.JTable$$Lambda/0x00007e0ca8674768 (java.desktop@21.0.3)
3663:             1             16  javax.swing.KeyStroke$1 (java.desktop@21.0.3)
3664:             1             16  javax.swing.RepaintManager$1 (java.desktop@21.0.3)
3665:             1             16  javax.swing.RepaintManager$DisplayChangedHandler (java.desktop@21.0.3)
3666:             1             16  javax.swing.SwingPaintEventDispatcher (java.desktop@21.0.3)
3667:             1             16  javax.swing.SwingWorker$1 (java.desktop@21.0.3)
3668:             1             16  javax.swing.SwingWorker$DoSubmitAccumulativeRunnable (java.desktop@21.0.3)
3669:             1             16  javax.swing.ToolTipManager$AccessibilityKeyListener (java.desktop@21.0.3)
3670:             1             16  javax.swing.ToolTipManager$MoveBeforeEnterListener (java.desktop@21.0.3)
3671:             1             16  javax.swing.ToolTipManager$insideTimerAction (java.desktop@21.0.3)
3672:             1             16  javax.swing.ToolTipManager$outsideTimerAction (java.desktop@21.0.3)
3673:             1             16  javax.swing.ToolTipManager$stillInsideTimerAction (java.desktop@21.0.3)
3674:             1             16  javax.swing.UIDefaults$$Lambda/0x00007e0ca80e8a88 (java.desktop@21.0.3)
3675:             1             16  javax.swing.UIManager$2 (java.desktop@21.0.3)
3676:             1             16  javax.swing.ViewportLayout (java.desktop@21.0.3)
3677:             1             16  javax.swing.plaf.basic.BasicComboPopup$EmptyListModelClass (java.desktop@21.0.3)
3678:             1             16  javax.swing.plaf.basic.BasicLookAndFeel$$Lambda/0x00007e0ca80ec508 (java.desktop@21.0.3)
3679:             1             16  javax.swing.plaf.basic.BasicLookAndFeel$$Lambda/0x00007e0ca80ec720 (java.desktop@21.0.3)
3680:             1             16  javax.swing.plaf.basic.BasicLookAndFeel$$Lambda/0x00007e0ca80ec938 (java.desktop@21.0.3)
3681:             1             16  javax.swing.plaf.basic.BasicLookAndFeel$$Lambda/0x00007e0ca80ecb50 (java.desktop@21.0.3)
3682:             1             16  javax.swing.plaf.basic.BasicLookAndFeel$$Lambda/0x00007e0ca80ecd68 (java.desktop@21.0.3)
3683:             1             16  javax.swing.plaf.basic.BasicLookAndFeel$$Lambda/0x00007e0ca80ed380 (java.desktop@21.0.3)
3684:             1             16  javax.swing.plaf.basic.BasicLookAndFeel$$Lambda/0x00007e0ca80ed598 (java.desktop@21.0.3)
3685:             1             16  javax.swing.plaf.basic.BasicLookAndFeel$$Lambda/0x00007e0ca80ed7b0 (java.desktop@21.0.3)
3686:             1             16  javax.swing.plaf.basic.BasicLookAndFeel$$Lambda/0x00007e0ca80ed9c8 (java.desktop@21.0.3)
3687:             1             16  javax.swing.plaf.basic.BasicLookAndFeel$$Lambda/0x00007e0ca80edbe0 (java.desktop@21.0.3)
3688:             1             16  javax.swing.plaf.basic.BasicLookAndFeel$$Lambda/0x00007e0ca80eeb60 (java.desktop@21.0.3)
3689:             1             16  javax.swing.plaf.basic.BasicLookAndFeel$$Lambda/0x00007e0ca80eed78 (java.desktop@21.0.3)
3690:             1             16  javax.swing.plaf.basic.BasicLookAndFeel$$Lambda/0x00007e0ca80eef90 (java.desktop@21.0.3)
3691:             1             16  javax.swing.plaf.basic.BasicLookAndFeel$$Lambda/0x00007e0ca80ef7a8 (java.desktop@21.0.3)
3692:             1             16  javax.swing.plaf.basic.BasicLookAndFeel$$Lambda/0x00007e0ca80efbe0 (java.desktop@21.0.3)
3693:             1             16  javax.swing.plaf.basic.BasicLookAndFeel$$Lambda/0x00007e0ca80efdf8 (java.desktop@21.0.3)
3694:             1             16  javax.swing.plaf.basic.BasicLookAndFeel$$Lambda/0x00007e0ca80f0010 (java.desktop@21.0.3)
3695:             1             16  javax.swing.plaf.basic.BasicLookAndFeel$$Lambda/0x00007e0ca80f0228 (java.desktop@21.0.3)
3696:             1             16  javax.swing.plaf.basic.BasicLookAndFeel$$Lambda/0x00007e0ca80f0440 (java.desktop@21.0.3)
3697:             1             16  javax.swing.plaf.basic.BasicLookAndFeel$$Lambda/0x00007e0ca80f0658 (java.desktop@21.0.3)
3698:             1             16  javax.swing.plaf.basic.BasicLookAndFeel$$Lambda/0x00007e0ca80f0870 (java.desktop@21.0.3)
3699:             1             16  javax.swing.plaf.basic.BasicLookAndFeel$$Lambda/0x00007e0ca80f0a88 (java.desktop@21.0.3)
3700:             1             16  javax.swing.plaf.basic.BasicLookAndFeel$$Lambda/0x00007e0ca80f0ed8 (java.desktop@21.0.3)
3701:             1             16  javax.swing.plaf.basic.BasicLookAndFeel$$Lambda/0x00007e0ca80f10f0 (java.desktop@21.0.3)
3702:             1             16  javax.swing.plaf.basic.BasicLookAndFeel$$Lambda/0x00007e0ca80f1308 (java.desktop@21.0.3)
3703:             1             16  javax.swing.plaf.basic.BasicLookAndFeel$$Lambda/0x00007e0ca80f1520 (java.desktop@21.0.3)
3704:             1             16  javax.swing.plaf.basic.BasicLookAndFeel$$Lambda/0x00007e0ca80f1738 (java.desktop@21.0.3)
3705:             1             16  javax.swing.plaf.basic.BasicLookAndFeel$$Lambda/0x00007e0ca80f1950 (java.desktop@21.0.3)
3706:             1             16  javax.swing.plaf.basic.BasicLookAndFeel$$Lambda/0x00007e0ca80f1b68 (java.desktop@21.0.3)
3707:             1             16  javax.swing.plaf.basic.BasicLookAndFeel$$Lambda/0x00007e0ca80f1fa8 (java.desktop@21.0.3)
3708:             1             16  javax.swing.plaf.basic.BasicLookAndFeel$$Lambda/0x00007e0ca80f21c0 (java.desktop@21.0.3)
3709:             1             16  javax.swing.plaf.basic.BasicLookAndFeel$$Lambda/0x00007e0ca80f23d8 (java.desktop@21.0.3)
3710:             1             16  javax.swing.plaf.basic.BasicLookAndFeel$$Lambda/0x00007e0ca80f25f0 (java.desktop@21.0.3)
3711:             1             16  javax.swing.plaf.basic.BasicLookAndFeel$$Lambda/0x00007e0ca80f2808 (java.desktop@21.0.3)
3712:             1             16  javax.swing.plaf.basic.BasicLookAndFeel$$Lambda/0x00007e0ca80f2a20 (java.desktop@21.0.3)
3713:             1             16  javax.swing.plaf.basic.BasicLookAndFeel$1 (java.desktop@21.0.3)
3714:             1             16  javax.swing.plaf.basic.BasicLookAndFeel$2 (java.desktop@21.0.3)
3715:             1             16  javax.swing.plaf.basic.BasicLookAndFeel$AWTEventHelper (java.desktop@21.0.3)
3716:             1             16  javax.swing.plaf.basic.BasicMenuBarUI$Handler (java.desktop@21.0.3)
3717:             1             16  javax.swing.plaf.basic.BasicPanelUI (java.desktop@21.0.3)
3718:             1             16  javax.swing.plaf.basic.BasicPopupMenuUI$MenuKeyboardHelper$1 (java.desktop@21.0.3)
3719:             1             16  javax.swing.plaf.basic.BasicRootPaneUI (java.desktop@21.0.3)
3720:             1             16  javax.swing.plaf.basic.BasicTableHeaderUI$1 (java.desktop@21.0.3)
3721:             1             16  javax.swing.plaf.basic.BasicTextUI$DragListener (java.desktop@21.0.3)
3722:             1             16  javax.swing.plaf.basic.BasicTreeUI$Actions (java.desktop@21.0.3)
3723:             1             16  javax.swing.plaf.basic.BasicViewportUI (java.desktop@21.0.3)
3724:             1             16  javax.swing.plaf.metal.DefaultMetalTheme$FontDelegate (java.desktop@21.0.3)
3725:             1             16  javax.swing.plaf.metal.MetalBorders$MenuBarBorder (java.desktop@21.0.3)
3726:             1             16  javax.swing.plaf.metal.MetalBorders$PopupMenuBorder (java.desktop@21.0.3)
3727:             1             16  javax.swing.plaf.metal.MetalBorders$ScrollPaneBorder (java.desktop@21.0.3)
3728:             1             16  javax.swing.plaf.metal.MetalBorders$TableHeaderBorder (java.desktop@21.0.3)
3729:             1             16  javax.swing.plaf.metal.MetalBorders$TextFieldBorder (java.desktop@21.0.3)
3730:             1             16  javax.swing.plaf.metal.MetalBorders$ToggleButtonBorder (java.desktop@21.0.3)
3731:             1             16  javax.swing.plaf.metal.MetalBorders$ToolBarBorder (java.desktop@21.0.3)
3732:             1             16  javax.swing.plaf.metal.MetalIconFactory$CheckBoxIcon (java.desktop@21.0.3)
3733:             1             16  javax.swing.plaf.metal.MetalIconFactory$CheckBoxMenuItemIcon (java.desktop@21.0.3)
3734:             1             16  javax.swing.plaf.metal.MetalIconFactory$MenuArrowIcon (java.desktop@21.0.3)
3735:             1             16  javax.swing.plaf.metal.MetalIconFactory$MenuItemArrowIcon (java.desktop@21.0.3)
3736:             1             16  javax.swing.plaf.metal.MetalIconFactory$RadioButtonIcon (java.desktop@21.0.3)
3737:             1             16  javax.swing.plaf.metal.MetalIconFactory$RadioButtonMenuItemIcon (java.desktop@21.0.3)
3738:             1             16  javax.swing.plaf.metal.MetalLookAndFeel$$Lambda/0x00007e0ca80f2c38 (java.desktop@21.0.3)
3739:             1             16  javax.swing.plaf.metal.MetalLookAndFeel$$Lambda/0x00007e0ca80f2e50 (java.desktop@21.0.3)
3740:             1             16  javax.swing.plaf.metal.MetalLookAndFeel$$Lambda/0x00007e0ca80f3068 (java.desktop@21.0.3)
3741:             1             16  javax.swing.plaf.metal.MetalLookAndFeel$$Lambda/0x00007e0ca80f3280 (java.desktop@21.0.3)
3742:             1             16  javax.swing.plaf.metal.MetalLookAndFeel$$Lambda/0x00007e0ca80f3498 (java.desktop@21.0.3)
3743:             1             16  javax.swing.plaf.metal.MetalLookAndFeel$$Lambda/0x00007e0ca80f36b0 (java.desktop@21.0.3)
3744:             1             16  javax.swing.plaf.metal.MetalLookAndFeel$$Lambda/0x00007e0ca80f3ae8 (java.desktop@21.0.3)
3745:             1             16  javax.swing.plaf.metal.MetalLookAndFeel$$Lambda/0x00007e0ca80f3d00 (java.desktop@21.0.3)
3746:             1             16  javax.swing.plaf.metal.MetalLookAndFeel$$Lambda/0x00007e0ca80f3f18 (java.desktop@21.0.3)
3747:             1             16  javax.swing.plaf.metal.MetalLookAndFeel$$Lambda/0x00007e0ca80f4130 (java.desktop@21.0.3)
3748:             1             16  javax.swing.plaf.metal.MetalLookAndFeel$$Lambda/0x00007e0ca80f4348 (java.desktop@21.0.3)
3749:             1             16  javax.swing.plaf.metal.MetalLookAndFeel$$Lambda/0x00007e0ca80f49d0 (java.desktop@21.0.3)
3750:             1             16  javax.swing.plaf.metal.MetalLookAndFeel$$Lambda/0x00007e0ca80f4bf0 (java.desktop@21.0.3)
3751:             1             16  javax.swing.plaf.metal.MetalLookAndFeel$$Lambda/0x00007e0ca80f5258 (java.desktop@21.0.3)
3752:             1             16  javax.swing.plaf.metal.MetalLookAndFeel$$Lambda/0x00007e0ca80f5470 (java.desktop@21.0.3)
3753:             1             16  javax.swing.plaf.metal.MetalLookAndFeel$$Lambda/0x00007e0ca80f5688 (java.desktop@21.0.3)
3754:             1             16  javax.swing.plaf.metal.MetalLookAndFeel$$Lambda/0x00007e0ca80f58a0 (java.desktop@21.0.3)
3755:             1             16  javax.swing.plaf.metal.MetalLookAndFeel$$Lambda/0x00007e0ca80f5ab8 (java.desktop@21.0.3)
3756:             1             16  javax.swing.plaf.metal.MetalLookAndFeel$$Lambda/0x00007e0ca80f5cd0 (java.desktop@21.0.3)
3757:             1             16  javax.swing.plaf.metal.MetalLookAndFeel$$Lambda/0x00007e0ca80f5ee8 (java.desktop@21.0.3)
3758:             1             16  javax.swing.plaf.metal.MetalLookAndFeel$$Lambda/0x00007e0ca80f6100 (java.desktop@21.0.3)
3759:             1             16  javax.swing.plaf.metal.MetalLookAndFeel$$Lambda/0x00007e0ca80f6318 (java.desktop@21.0.3)
3760:             1             16  javax.swing.plaf.metal.MetalLookAndFeel$$Lambda/0x00007e0ca80f6530 (java.desktop@21.0.3)
3761:             1             16  javax.swing.plaf.metal.MetalLookAndFeel$$Lambda/0x00007e0ca80f6748 (java.desktop@21.0.3)
3762:             1             16  javax.swing.plaf.metal.MetalLookAndFeel$$Lambda/0x00007e0ca80f6960 (java.desktop@21.0.3)
3763:             1             16  javax.swing.plaf.metal.MetalLookAndFeel$$Lambda/0x00007e0ca80f6b78 (java.desktop@21.0.3)
3764:             1             16  javax.swing.plaf.metal.MetalLookAndFeel$$Lambda/0x00007e0ca80f6d90 (java.desktop@21.0.3)
3765:             1             16  javax.swing.plaf.metal.MetalLookAndFeel$$Lambda/0x00007e0ca80f6fa8 (java.desktop@21.0.3)
3766:             1             16  javax.swing.plaf.metal.MetalLookAndFeel$$Lambda/0x00007e0ca80f71c0 (java.desktop@21.0.3)
3767:             1             16  javax.swing.plaf.metal.MetalLookAndFeel$$Lambda/0x00007e0ca80f73d8 (java.desktop@21.0.3)
3768:             1             16  javax.swing.plaf.metal.MetalLookAndFeel$$Lambda/0x00007e0ca80f75f0 (java.desktop@21.0.3)
3769:             1             16  javax.swing.plaf.metal.MetalLookAndFeel$$Lambda/0x00007e0ca80f7808 (java.desktop@21.0.3)
3770:             1             16  javax.swing.plaf.metal.MetalLookAndFeel$$Lambda/0x00007e0ca80f8280 (java.desktop@21.0.3)
3771:             1             16  javax.swing.plaf.metal.MetalLookAndFeel$$Lambda/0x00007e0ca80f8498 (java.desktop@21.0.3)
3772:             1             16  javax.swing.plaf.metal.MetalLookAndFeel$$Lambda/0x00007e0ca80f86b0 (java.desktop@21.0.3)
3773:             1             16  javax.swing.plaf.metal.MetalLookAndFeel$$Lambda/0x00007e0ca80f88c8 (java.desktop@21.0.3)
3774:             1             16  javax.swing.plaf.metal.MetalLookAndFeel$$Lambda/0x00007e0ca80f8ae0 (java.desktop@21.0.3)
3775:             1             16  javax.swing.plaf.metal.MetalLookAndFeel$$Lambda/0x00007e0ca80f8cf8 (java.desktop@21.0.3)
3776:             1             16  javax.swing.plaf.metal.MetalLookAndFeel$$Lambda/0x00007e0ca80f8f10 (java.desktop@21.0.3)
3777:             1             16  javax.swing.plaf.metal.MetalLookAndFeel$$Lambda/0x00007e0ca80f9128 (java.desktop@21.0.3)
3778:             1             16  javax.swing.plaf.metal.MetalLookAndFeel$$Lambda/0x00007e0ca80f9340 (java.desktop@21.0.3)
3779:             1             16  javax.swing.plaf.metal.MetalLookAndFeel$$Lambda/0x00007e0ca80f9558 (java.desktop@21.0.3)
3780:             1             16  javax.swing.plaf.metal.MetalLookAndFeel$$Lambda/0x00007e0ca80f9770 (java.desktop@21.0.3)
3781:             1             16  javax.swing.plaf.metal.MetalLookAndFeel$$Lambda/0x00007e0ca80f9988 (java.desktop@21.0.3)
3782:             1             16  javax.swing.plaf.metal.MetalLookAndFeel$$Lambda/0x00007e0ca80f9ba0 (java.desktop@21.0.3)
3783:             1             16  javax.swing.plaf.metal.MetalLookAndFeel$$Lambda/0x00007e0ca80f9db8 (java.desktop@21.0.3)
3784:             1             16  javax.swing.plaf.metal.MetalLookAndFeel$$Lambda/0x00007e0ca80f9fd0 (java.desktop@21.0.3)
3785:             1             16  javax.swing.plaf.metal.MetalLookAndFeel$$Lambda/0x00007e0ca80fa1e8 (java.desktop@21.0.3)
3786:             1             16  javax.swing.plaf.metal.MetalLookAndFeel$$Lambda/0x00007e0ca80fa400 (java.desktop@21.0.3)
3787:             1             16  javax.swing.plaf.metal.MetalLookAndFeel$$Lambda/0x00007e0ca80fa618 (java.desktop@21.0.3)
3788:             1             16  javax.swing.plaf.metal.MetalLookAndFeel$$Lambda/0x00007e0ca80fa830 (java.desktop@21.0.3)
3789:             1             16  javax.swing.plaf.metal.OceanTheme (java.desktop@21.0.3)
3790:             1             16  javax.swing.plaf.metal.OceanTheme$$Lambda/0x00007e0ca80fd4a8 (java.desktop@21.0.3)
3791:             1             16  javax.swing.plaf.metal.OceanTheme$1 (java.desktop@21.0.3)
3792:             1             16  javax.swing.plaf.metal.OceanTheme$2 (java.desktop@21.0.3)
3793:             1             16  javax.swing.plaf.metal.OceanTheme$3 (java.desktop@21.0.3)
3794:             1             16  javax.swing.plaf.metal.OceanTheme$4 (java.desktop@21.0.3)
3795:             1             16  javax.swing.plaf.metal.OceanTheme$5 (java.desktop@21.0.3)
3796:             1             16  javax.swing.table.TableRowSorter$ComparableComparator (java.desktop@21.0.3)
3797:             1             16  javax.swing.text.DefaultEditorKit (java.desktop@21.0.3)
3798:             1             16  javax.swing.text.DefaultHighlighter$DefaultHighlightPainter (java.desktop@21.0.3)
3799:             1             16  javax.swing.text.GlyphPainter1 (java.desktop@21.0.3)
3800:             1             16  javax.swing.text.JTextComponent$1 (java.desktop@21.0.3)
3801:             1             16  javax.swing.text.JTextComponent$InputMethodRequestsHandler (java.desktop@21.0.3)
3802:             1             16  javax.swing.text.SegmentCache (java.desktop@21.0.3)
3803:             1             16  javax.swing.text.SimpleAttributeSet$EmptyAttributeSet (java.desktop@21.0.3)
3804:             1             16  javax.swing.text.StyledEditorKit$StyledViewFactory (java.desktop@21.0.3)
3805:             1             16  javax.swing.text.html.CSSBorder$DoublePainter (java.desktop@21.0.3)
3806:             1             16  javax.swing.text.html.CSSBorder$SolidPainter (java.desktop@21.0.3)
3807:             1             16  javax.swing.text.html.HTMLEditorKit$HTMLFactory (java.desktop@21.0.3)
3808:             1             16  javax.swing.text.html.HTMLEditorKit$NavigateLinkAction$FocusHighlightPainter (java.desktop@21.0.3)
3809:             1             16  javax.swing.text.html.parser.ParserDelegator (java.desktop@21.0.3)
3810:             1             16  jdk.dynalink.DynamicLinkerFactory$$Lambda/0x00007e0ca8223550 (jdk.dynalink@21.0.3)
3811:             1             16  jdk.dynalink.TypeConverterFactory$$Lambda/0x00007e0ca8232280 (jdk.dynalink@21.0.3)
3812:             1             16  jdk.dynalink.TypeConverterFactory$$Lambda/0x00007e0ca8232900 (jdk.dynalink@21.0.3)
3813:             1             16  jdk.dynalink.TypeConverterFactory$$Lambda/0x00007e0ca8232b30 (jdk.dynalink@21.0.3)
3814:             1             16  jdk.dynalink.beans.BeansLinker (jdk.dynalink@21.0.3)
3815:             1             16  jdk.dynalink.beans.StaticClassLinker (jdk.dynalink@21.0.3)
3816:             1             16  jdk.dynalink.internal.AccessControlContextFactory$$Lambda/0x00007e0ca8223100 (jdk.dynalink@21.0.3)
3817:             1             16  jdk.dynalink.internal.AccessControlContextFactory$$Lambda/0x00007e0ca8223338 (jdk.dynalink@21.0.3)
3818:             1             16  jdk.dynalink.linker.support.CompositeGuardingDynamicLinker (jdk.dynalink@21.0.3)
3819:             1             16  jdk.dynalink.linker.support.CompositeTypeBasedGuardingDynamicLinker (jdk.dynalink@21.0.3)
3820:             1             16  jdk.dynalink.linker.support.Lookup (jdk.dynalink@21.0.3)
3821:             1             16  jdk.internal.icu.impl.Norm2AllModes$DecomposeNormalizer2 (java.base@21.0.3)
3822:             1             16  jdk.internal.icu.impl.Norm2AllModes$NoopNormalizer2 (java.base@21.0.3)
3823:             1             16  jdk.internal.icu.impl.NormalizerImpl$IsAcceptable (java.base@21.0.3)
3824:             1             16  jdk.internal.icu.text.NormalizerBase$NFCMode (java.base@21.0.3)
3825:             1             16  jdk.internal.icu.text.NormalizerBase$NFDMode (java.base@21.0.3)
3826:             1             16  jdk.internal.icu.text.NormalizerBase$NFKCMode (java.base@21.0.3)
3827:             1             16  jdk.internal.icu.text.NormalizerBase$NFKDMode (java.base@21.0.3)
3828:             1             16  jdk.internal.icu.text.NormalizerBase$NONEMode (java.base@21.0.3)
3829:             1             16  jdk.internal.icu.util.CodePointTrie$Data16 (java.base@21.0.3)
3830:             1             16  jdk.internal.icu.util.VersionInfo (java.base@21.0.3)
3831:             1             16  jdk.internal.jimage.ImageBufferCache$1 (java.base@21.0.3)
3832:             1             16  jdk.internal.jimage.ImageBufferCache$2 (java.base@21.0.3)
3833:             1             16  jdk.internal.jimage.ImageReaderFactory$1 (java.base@21.0.3)
3834:             1             16  jdk.internal.jimage.ImageStringsReader (java.base@21.0.3)
3835:             1             16  jdk.internal.jimage.decompressor.Decompressor (java.base@21.0.3)
3836:             1             16  jdk.internal.logger.LazyLoggers$1 (java.base@21.0.3)
3837:             1             16  jdk.internal.logger.LazyLoggers$LazyLoggerFactories (java.base@21.0.3)
3838:             1             16  jdk.internal.math.FloatingDecimal$1 (java.base@21.0.3)
3839:             1             16  jdk.internal.misc.ExtendedMapMode$$Lambda/0x00007e0ca81621c8 (java.base@21.0.3)
3840:             1             16  jdk.internal.misc.ScopedMemoryAccess (java.base@21.0.3)
3841:             1             16  jdk.internal.misc.TerminatingThreadLocal$1 (java.base@21.0.3)
3842:             1             16  jdk.internal.misc.ThreadTracker (java.base@21.0.3)
3843:             1             16  jdk.internal.misc.Unsafe (java.base@21.0.3)
3844:             1             16  jdk.internal.module.ModuleBootstrap$$Lambda/0x00007e0ca8040830 (java.base@21.0.3)
3845:             1             16  jdk.internal.module.ModuleLoaderMap$Mapper (java.base@21.0.3)
3846:             1             16  jdk.internal.module.ModulePatcher (java.base@21.0.3)
3847:             1             16  jdk.internal.module.ModuleTarget (java.base@21.0.3)
3848:             1             16  jdk.internal.perf.Perf (java.base@21.0.3)
3849:             1             16  jdk.internal.platform.CgroupSubsystemFactory$$Lambda/0x00007e0ca84c8d30 (java.base@21.0.3)
3850:             1             16  jdk.internal.platform.cgroupv2.CgroupV2Subsystem (java.base@21.0.3)
3851:             1             16  jdk.internal.platform.cgroupv2.CgroupV2SubsystemController (java.base@21.0.3)
3852:             1             16  jdk.internal.reflect.GeneratedSerializationConstructorAccessor1 (java.base@21.0.3)
3853:             1             16  jdk.internal.reflect.GeneratedSerializationConstructorAccessor2
3854:             1             16  jdk.internal.reflect.GeneratedSerializationConstructorAccessor3
3855:             1             16  jdk.internal.reflect.GeneratedSerializationConstructorAccessor4 (java.base@21.0.3)
3856:             1             16  jdk.internal.reflect.GeneratedSerializationConstructorAccessor5 (java.base@21.0.3)
3857:             1             16  jdk.internal.reflect.GeneratedSerializationConstructorAccessor6 (java.base@21.0.3)
3858:             1             16  jdk.internal.reflect.GeneratedSerializationConstructorAccessor7 (java.base@21.0.3)
3859:             1             16  jdk.internal.reflect.GeneratedSerializationConstructorAccessor8 (java.base@21.0.3)
3860:             1             16  jdk.internal.reflect.ReflectionFactory (java.base@21.0.3)
3861:             1             16  jdk.internal.util.Preconditions$1 (java.base@21.0.3)
3862:             1             16  jdk.internal.util.Preconditions$2 (java.base@21.0.3)
3863:             1             16  jdk.internal.util.Preconditions$3 (java.base@21.0.3)
3864:             1             16  jdk.jfr.FlightRecorder (jdk.jfr@21.0.3)
3865:             1             16  jdk.jfr.FlightRecorderPermission$InternalAccess (jdk.jfr@21.0.3)
3866:             1             16  jdk.jfr.internal.JVM (jdk.jfr@21.0.3)
3867:             1             16  jdk.jfr.internal.JVM$ChunkRotationMonitor (jdk.jfr@21.0.3)
3868:             1             16  jdk.jfr.internal.PlatformRecorder$$Lambda/0x00007e0ca8474680 (jdk.jfr@21.0.3)
3869:             1             16  jdk.jfr.internal.SecuritySupport$$Lambda/0x00007e0ca84e69e0 (jdk.jfr@21.0.3)
3870:             1             16  jdk.jfr.internal.SecuritySupport$Privileged (jdk.jfr@21.0.3)
3871:             1             16  jdk.jfr.internal.SettingsManager (jdk.jfr@21.0.3)
3872:             1             16  jdk.jfr.internal.ShutdownHook$ExceptionHandler (jdk.jfr@21.0.3)
3873:             1             16  jdk.jfr.internal.TypeLibrary$$Lambda/0x00007e0ca85cc9f0 (jdk.jfr@21.0.3)
3874:             1             16  jdk.jfr.internal.TypeLibrary$$Lambda/0x00007e0ca85ccea0 (jdk.jfr@21.0.3)
3875:             1             16  jdk.jfr.internal.TypeLibrary$$Lambda/0x00007e0ca85cd0e8 (jdk.jfr@21.0.3)
3876:             1             16  jdk.jfr.internal.TypeLibrary$$Lambda/0x00007e0ca85d2ab8 (jdk.jfr@21.0.3)
3877:             1             16  jdk.jfr.internal.TypeLibrary$$Lambda/0x00007e0ca85d2d00 (jdk.jfr@21.0.3)
3878:             1             16  jdk.jfr.internal.consumer.FileAccess$UnPrivileged (jdk.jfr@21.0.3)
3879:             1             16  jdk.jfr.internal.dcmd.AbstractDCmd$$Lambda/0x00007e0ca85c1fa8 (jdk.jfr@21.0.3)
3880:             1             16  jdk.jfr.internal.dcmd.DCmdCheck$$Lambda/0x00007e0ca84ee6e8 (jdk.jfr@21.0.3)
3881:             1             16  jdk.jfr.internal.dcmd.DCmdDump$$Lambda/0x00007e0ca84ee4d0 (jdk.jfr@21.0.3)
3882:             1             16  jdk.jfr.internal.dcmd.DCmdStart$$Lambda/0x00007e0ca84e7a90 (jdk.jfr@21.0.3)
3883:             1             16  jdk.jfr.internal.dcmd.DCmdStart$$Lambda/0x00007e0ca84ee2b8 (jdk.jfr@21.0.3)
3884:             1             16  jdk.jfr.internal.dcmd.DCmdStop$$Lambda/0x00007e0ca84e5248 (jdk.jfr@21.0.3)
3885:             1             16  jdk.jfr.internal.dcmd.DCmdView$$Lambda/0x00007e0ca84e5030 (jdk.jfr@21.0.3)
3886:             1             16  jdk.jfr.internal.instrument.JDKEvents$$Lambda/0x00007e0ca85c3d40 (jdk.jfr@21.0.3)
3887:             1             16  jdk.jfr.internal.instrument.JDKEvents$$Lambda/0x00007e0ca85c3f58 (jdk.jfr@21.0.3)
3888:             1             16  jdk.jfr.internal.instrument.JDKEvents$$Lambda/0x00007e0ca85c4170 (jdk.jfr@21.0.3)
3889:             1             16  jdk.jfr.internal.instrument.JDKEvents$$Lambda/0x00007e0ca85c4388 (jdk.jfr@21.0.3)
3890:             1             16  jdk.jfr.internal.instrument.JDKEvents$$Lambda/0x00007e0ca85c45a0 (jdk.jfr@21.0.3)
3891:             1             16  jdk.jfr.internal.instrument.JDKEvents$$Lambda/0x00007e0ca85c47b8 (jdk.jfr@21.0.3)
3892:             1             16  jdk.jfr.internal.instrument.JDKEvents$$Lambda/0x00007e0ca85c49d0 (jdk.jfr@21.0.3)
3893:             1             16  jdk.jfr.internal.instrument.JDKEvents$$Lambda/0x00007e0ca85c4be8 (jdk.jfr@21.0.3)
3894:             1             16  jdk.jfr.internal.jfc.model.JFCModel$$Lambda/0x00007e0ca84ede58 (jdk.jfr@21.0.3)
3895:             1             16  jdk.jfr.internal.jfc.model.JFCModel$$Lambda/0x00007e0ca84ee080 (jdk.jfr@21.0.3)
3896:             1             16  jdk.jfr.internal.periodic.BatchManager$$Lambda/0x00007e0ca857e888 (jdk.jfr@21.0.3)
3897:             1             16  jdk.jfr.internal.periodic.BatchManager$$Lambda/0x00007e0ca85dee58 (jdk.jfr@21.0.3)
3898:             1             16  jdk.management.jfr.SettingDescriptorInfo$1 (jdk.management.jfr@21.0.3)
3899:             1             16  jdk.net.LinuxSocketOptions (jdk.net@21.0.3)
3900:             1             16  jdk.proxy1.$Proxy11 (jdk.proxy1)
3901:             1             16  jdk.proxy1.$Proxy38 (jdk.proxy1)
3902:             1             16  jdk.proxy1.$Proxy43 (jdk.proxy1)
3903:             1             16  jdk.proxy1.$Proxy44 (jdk.proxy1)
3904:             1             16  jdk.proxy7.$Proxy12 (jdk.proxy7)
3905:             1             16  jdk.proxy7.$Proxy14 (jdk.proxy7)
3906:             1             16  jdk.xml.internal.SecuritySupport$$Lambda/0x00007e0ca82c9a28 (java.xml@21.0.3)
3907:             1             16  org.graalvm.visualvm.application.ApplicationDescriptorProvider
3908:             1             16  org.graalvm.visualvm.application.ApplicationSupport
3909:             1             16  org.graalvm.visualvm.application.ApplicationsSorting$2
3910:             1             16  org.graalvm.visualvm.application.ApplicationsSorting$3
3911:             1             16  org.graalvm.visualvm.application.ApplicationsSorting$4
3912:             1             16  org.graalvm.visualvm.application.ApplicationsSorting$5
3913:             1             16  org.graalvm.visualvm.application.snapshot.ApplicationSnapshotAction$1
3914:             1             16  org.graalvm.visualvm.application.snapshot.ApplicationSnapshotDescriptorProvider
3915:             1             16  org.graalvm.visualvm.application.snapshot.ApplicationSnapshotProvider
3916:             1             16  org.graalvm.visualvm.application.type.JavaPluginApplicationTypeFactory
3917:             1             16  org.graalvm.visualvm.application.type.JavaWebStartApplicationTypeFactory
3918:             1             16  org.graalvm.visualvm.application.views.threads.ApplicationThreadsView$1
3919:             1             16  org.graalvm.visualvm.attach.AttachModelProvider
3920:             1             16  org.graalvm.visualvm.core.datasource.DataSourceRepository$Listener
3921:             1             16  org.graalvm.visualvm.core.datasupport.ClassNameComparator
3922:             1             16  org.graalvm.visualvm.core.datasupport.Positionable$PositionableComparator
3923:             1             16  org.graalvm.visualvm.core.datasupport.Positionable$StrongPositionableComparator
3924:             1             16  org.graalvm.visualvm.core.explorer.ExplorerComponent$3
3925:             1             16  org.graalvm.visualvm.core.explorer.ExplorerComponent$ExplorerTreeKeyAdapter
3926:             1             16  org.graalvm.visualvm.core.explorer.ExplorerComponent$ExplorerTreeMouseAdapter
3927:             1             16  org.graalvm.visualvm.core.explorer.ExplorerContextMenuFactory
3928:             1             16  org.graalvm.visualvm.core.explorer.ExplorerModelBuilder$RelativePositionComparator
3929:             1             16  org.graalvm.visualvm.core.explorer.ExplorerSupport$ExplorerTreeExpansionListener
3930:             1             16  org.graalvm.visualvm.core.explorer.ExplorerSupport$ExplorerTreeSelectionListener
3931:             1             16  org.graalvm.visualvm.core.explorer.ExplorerTopComponent$1
3932:             1             16  org.graalvm.visualvm.core.properties.PropertiesSupport
3933:             1             16  org.graalvm.visualvm.core.snapshot.SnapshotsContainer$1
3934:             1             16  org.graalvm.visualvm.core.snapshot.SnapshotsSorting$2
3935:             1             16  org.graalvm.visualvm.core.snapshot.SnapshotsSorting$3
3936:             1             16  org.graalvm.visualvm.core.snapshot.SnapshotsSupport
3937:             1             16  org.graalvm.visualvm.core.snapshot.options.Openfile
3938:             1             16  org.graalvm.visualvm.core.ui.DataSourceViewsManager
3939:             1             16  org.graalvm.visualvm.core.ui.DataSourceWindowManager$10
3940:             1             16  org.graalvm.visualvm.core.ui.actions.LoadSnapshotAction$1
3941:             1             16  org.graalvm.visualvm.core.ui.options.WindowToFront
3942:             1             16  org.graalvm.visualvm.coredump.CoreDumpsContainer$1
3943:             1             16  org.graalvm.visualvm.coredump.CoreDumpsSorting$2
3944:             1             16  org.graalvm.visualvm.coredump.CoreDumpsSorting$3
3945:             1             16  org.graalvm.visualvm.coredump.impl.CoreDumpDescriptorProvider
3946:             1             16  org.graalvm.visualvm.gotosource.arguments.SourceArguments
3947:             1             16  org.graalvm.visualvm.graalvm.libgraal.MemorySnapshotViewPluginProvider
3948:             1             16  org.graalvm.visualvm.graalvm.svm.SVMJvmProvider
3949:             1             16  org.graalvm.visualvm.heapdump.impl.HeapDumpAction$1
3950:             1             16  org.graalvm.visualvm.heapdump.impl.HeapDumpArgument
3951:             1             16  org.graalvm.visualvm.heapdump.impl.HeapDumpDescriptorProvider
3952:             1             16  org.graalvm.visualvm.heapdump.impl.HeapDumpOnOOMEAction$1
3953:             1             16  org.graalvm.visualvm.heapdump.impl.HeapDumpProvider
3954:             1             16  org.graalvm.visualvm.heapdump.impl.HeapDumpProvider$ApplicationListener
3955:             1             16  org.graalvm.visualvm.heapdump.impl.HeapDumpProvider$SnapshotListener
3956:             1             16  org.graalvm.visualvm.host.HostsSorting$2
3957:             1             16  org.graalvm.visualvm.host.HostsSorting$3
3958:             1             16  org.graalvm.visualvm.host.HostsSupport
3959:             1             16  org.graalvm.visualvm.host.RemoteHostsContainer$1
3960:             1             16  org.graalvm.visualvm.host.impl.HostDescriptorProvider
3961:             1             16  org.graalvm.visualvm.host.impl.HostProvider
3962:             1             16  org.graalvm.visualvm.host.remote.model.RemoteHostModelProvider
3963:             1             16  org.graalvm.visualvm.host.views.HostViewsSupport
3964:             1             16  org.graalvm.visualvm.jfr.JFRSnapshotsContainer$1
3965:             1             16  org.graalvm.visualvm.jfr.JFRSnapshotsSorting$2
3966:             1             16  org.graalvm.visualvm.jfr.JFRSnapshotsSorting$3
3967:             1             16  org.graalvm.visualvm.jfr.impl.JFRArguments
3968:             1             16  org.graalvm.visualvm.jfr.impl.JFRDumpAction$1
3969:             1             16  org.graalvm.visualvm.jfr.impl.JFRRecordingProvider
3970:             1             16  org.graalvm.visualvm.jfr.impl.JFRRecordingProvider$ApplicationListener
3971:             1             16  org.graalvm.visualvm.jfr.impl.JFRRecordingProvider$SnapshotListener
3972:             1             16  org.graalvm.visualvm.jfr.impl.JFRSnapshotDescriptorProvider
3973:             1             16  org.graalvm.visualvm.jfr.impl.JFRStartAction$1
3974:             1             16  org.graalvm.visualvm.jfr.impl.JFRStopAction$1
3975:             1             16  org.graalvm.visualvm.jfr.model.JFRModelFactory$1
3976:             1             16  org.graalvm.visualvm.jfr.model.impl.JfrModelProvider
3977:             1             16  org.graalvm.visualvm.jfr.view.JFRViewProvider
3978:             1             16  org.graalvm.visualvm.jmx.CredentialsProvider$Persistent
3979:             1             16  org.graalvm.visualvm.jmx.JmxApplicationsSupport
3980:             1             16  org.graalvm.visualvm.jmx.JmxConnectionSupport
3981:             1             16  org.graalvm.visualvm.jmx.impl.JmxApplicationDescriptorProvider
3982:             1             16  org.graalvm.visualvm.jmx.impl.JmxModelProvider
3983:             1             16  org.graalvm.visualvm.jmx.impl.OpenJmxApplication
3984:             1             16  org.graalvm.visualvm.jvm.JRockitJvmProvider
3985:             1             16  org.graalvm.visualvm.jvm.JvmProvider
3986:             1             16  org.graalvm.visualvm.jvmstat.JRockitJvmJvmstatModelProvider
3987:             1             16  org.graalvm.visualvm.jvmstat.JvmJvmstatModelProvider
3988:             1             16  org.graalvm.visualvm.jvmstat.JvmstatModelProvider
3989:             1             16  org.graalvm.visualvm.jvmstat.OracleJRockitJvmJvmstatModelProvider
3990:             1             16  org.graalvm.visualvm.lib.jfluid.TargetAppRunner$1
3991:             1             16  org.graalvm.visualvm.lib.jfluid.marker.Marker$1
3992:             1             16  org.graalvm.visualvm.lib.jfluid.results.EventBufferResultsProvider
3993:             1             16  org.graalvm.visualvm.lib.profiler.NetBeansProfiler$1
3994:             1             16  org.graalvm.visualvm.lib.profiler.NetBeansProfiler$IDEAppStatusHandler
3995:             1             16  org.graalvm.visualvm.lib.profiler.ServerStateMonitor$1
3996:             1             16  org.graalvm.visualvm.lib.profiler.actions.ProfilingAwareAction$1
3997:             1             16  org.graalvm.visualvm.lib.profiler.actions.TakeSnapshotAction$Listener
3998:             1             16  org.graalvm.visualvm.lib.profiler.heapwalk.ui.icons.impl.HeapWalkerIconsProviderImpl
3999:             1             16  org.graalvm.visualvm.lib.profiler.impl.CloseButtonProvider
4000:             1             16  org.graalvm.visualvm.lib.profiler.impl.icons.IconsProviderImpl
4001:             1             16  org.graalvm.visualvm.lib.profiler.oql.icons.impl.OQLIconsProviderImpl
4002:             1             16  org.graalvm.visualvm.lib.profiler.snaptracer.impl.icons.TracerIconsProviderImpl
4003:             1             16  org.graalvm.visualvm.lib.ui.components.ProfilerToolbar$SimpleFocusTraversalPolicy
4004:             1             16  org.graalvm.visualvm.lib.ui.swing.FilterUtils$Support$FilterActionProvider
4005:             1             16  org.graalvm.visualvm.lib.ui.swing.ProfilerTable$11
4006:             1             16  org.graalvm.visualvm.lib.ui.swing.ProfilerTable$2
4007:             1             16  org.graalvm.visualvm.lib.ui.swing.ProfilerTable$3
4008:             1             16  org.graalvm.visualvm.lib.ui.swing.ProfilerTable$5
4009:             1             16  org.graalvm.visualvm.lib.ui.swing.ProfilerTable$7
4010:             1             16  org.graalvm.visualvm.lib.ui.swing.ProfilerTable$9
4011:             1             16  org.graalvm.visualvm.lib.ui.swing.ProfilerTableActions
4012:             1             16  org.graalvm.visualvm.lib.ui.swing.ProfilerTableContainer$8$1
4013:             1             16  org.graalvm.visualvm.lib.ui.swing.ProfilerTableHovers$Opener
4014:             1             16  org.graalvm.visualvm.lib.ui.swing.SearchUtils$Support$SearchActionProvider
4015:             1             16  org.graalvm.visualvm.lib.ui.swing.SmallButton$1
4016:             1             16  org.graalvm.visualvm.lib.ui.threads.ThreadsPanel$ThreadsFilter
4017:             1             16  org.graalvm.visualvm.modules.appui.actions.VisualVMActionsSupportProvider
4018:             1             16  org.graalvm.visualvm.modules.appui.proxysettings.ProxySettingsHack$1
4019:             1             16  org.graalvm.visualvm.modules.appui.welcome.WelcomeOptions
4020:             1             16  org.graalvm.visualvm.modules.extensions.DiabloJvmJvmstatModelProvider
4021:             1             16  org.graalvm.visualvm.modules.extensions.SapJvmJvmstatModelProvider
4022:             1             16  org.graalvm.visualvm.modules.jconsole.JConsoleViewProvider
4023:             1             16  org.graalvm.visualvm.modules.jconsole.JConsoleViewsSupport
4024:             1             16  org.graalvm.visualvm.modules.jconsole.options.JConsoleSettings
4025:             1             16  org.graalvm.visualvm.modules.mbeans.MBeansViewProvider
4026:             1             16  org.graalvm.visualvm.modules.mbeans.MBeansViewsSupport
4027:             1             16  org.graalvm.visualvm.modules.mbeans.XDataViewer
4028:             1             16  org.graalvm.visualvm.modules.mbeans.XMBeanAttributes$AttributesMouseListener
4029:             1             16  org.graalvm.visualvm.modules.mbeans.XMBeanNotifications$NotifMouseListener
4030:             1             16  org.graalvm.visualvm.modules.tracer.TracerSupport
4031:             1             16  org.graalvm.visualvm.modules.tracer.impl.TracerSupportImpl
4032:             1             16  org.graalvm.visualvm.modules.tracer.impl.TracerViewProvider$Impl
4033:             1             16  org.graalvm.visualvm.modules.tracer.impl.options.TracerOptions
4034:             1             16  org.graalvm.visualvm.modules.visualgc.VisualGCViewProvider
4035:             1             16  org.graalvm.visualvm.pluginimporter.ClusterUpdateProvider
4036:             1             16  org.graalvm.visualvm.pluginimporter.Installer
4037:             1             16  org.graalvm.visualvm.pluginimporter.Installer$1
4038:             1             16  org.graalvm.visualvm.profiler.ApplicationProfilerView$MasterViewSupport$15
4039:             1             16  org.graalvm.visualvm.profiler.ApplicationProfilerView$MasterViewSupport$16
4040:             1             16  org.graalvm.visualvm.profiler.ApplicationProfilerView$MasterViewSupport$17
4041:             1             16  org.graalvm.visualvm.profiler.ApplicationProfilerView$MasterViewSupport$18
4042:             1             16  org.graalvm.visualvm.profiler.ApplicationProfilerView$MasterViewSupport$19
4043:             1             16  org.graalvm.visualvm.profiler.ApplicationProfilerViewProvider
4044:             1             16  org.graalvm.visualvm.profiler.CPUSettingsSupport$2
4045:             1             16  org.graalvm.visualvm.profiler.JDBCSettingsSupport$2
4046:             1             16  org.graalvm.visualvm.profiler.MemorySettingsSupport$2
4047:             1             16  org.graalvm.visualvm.profiler.ProfileApplicationAction$1
4048:             1             16  org.graalvm.visualvm.profiler.ProfilerSnapshotAction$1
4049:             1             16  org.graalvm.visualvm.profiling.presets.ProfilerCPUPanel$1
4050:             1             16  org.graalvm.visualvm.profiling.presets.ProfilerCPUPanel$4
4051:             1             16  org.graalvm.visualvm.profiling.presets.ProfilerJDBCPanel$1
4052:             1             16  org.graalvm.visualvm.profiling.presets.ProfilerJDBCPanel$3
4053:             1             16  org.graalvm.visualvm.profiling.presets.ProfilerMemoryPanel$1
4054:             1             16  org.graalvm.visualvm.profiling.presets.ProfilerMemoryPanel$5
4055:             1             16  org.graalvm.visualvm.profiling.snapshot.ProfilerSnapshotDescriptorProvider
4056:             1             16  org.graalvm.visualvm.profiling.snapshot.ProfilerSnapshotProvider
4057:             1             16  org.graalvm.visualvm.profiling.snapshot.ProfilerSnapshotProvider$ApplicationListener
4058:             1             16  org.graalvm.visualvm.profiling.snapshot.ProfilerSnapshotProvider$SnapshotListener
4059:             1             16  org.graalvm.visualvm.profiling.snapshot.ProfilerSnapshotViewProvider
4060:             1             16  org.graalvm.visualvm.sa.SaModelProvider
4061:             1             16  org.graalvm.visualvm.sampler.ApplicationSamplerViewProvider
4062:             1             16  org.graalvm.visualvm.sampler.SamplerArguments
4063:             1             16  org.graalvm.visualvm.sampler.SamplerSupport
4064:             1             16  org.graalvm.visualvm.sampler.truffle.ApplicationSamplerViewProvider
4065:             1             16  org.graalvm.visualvm.sampler.truffle.SamplerSupport
4066:             1             16  org.graalvm.visualvm.threaddump.impl.ThreadDumpAction$1
4067:             1             16  org.graalvm.visualvm.threaddump.impl.ThreadDumpArgument
4068:             1             16  org.graalvm.visualvm.threaddump.impl.ThreadDumpDescriptorProvider
4069:             1             16  org.graalvm.visualvm.threaddump.impl.ThreadDumpProvider
4070:             1             16  org.graalvm.visualvm.threaddump.impl.ThreadDumpProvider$ApplicationListener
4071:             1             16  org.graalvm.visualvm.threaddump.impl.ThreadDumpProvider$SnapshotListener
4072:             1             16  org.netbeans.Clusters
4073:             1             16  org.netbeans.JarClassLoader$JarURLStreamHandler$1
4074:             1             16  org.netbeans.ModuleFactory
4075:             1             16  org.netbeans.PackageAttrsCache
4076:             1             16  org.netbeans.Stamps
4077:             1             16  org.netbeans.api.autoupdate.TrampolineAPI
4078:             1             16  org.netbeans.api.autoupdate.UpdateUnitProviderFactory
4079:             1             16  org.netbeans.api.progress.ProgressHandle$Accessor
4080:             1             16  org.netbeans.core.CoreBridgeImpl
4081:             1             16  org.netbeans.core.GuiRunLevel
4082:             1             16  org.netbeans.core.NbKeymap$2
4083:             1             16  org.netbeans.core.NbKeymap$AcceleratorBindingImpl
4084:             1             16  org.netbeans.core.NbLoaderPool$1
4085:             1             16  org.netbeans.core.TimableEventQueue$1
4086:             1             16  org.netbeans.core.impl.InitUI
4087:             1             16  org.netbeans.core.multitabs.Settings
4088:             1             16  org.netbeans.core.multitabs.TabbedComponentFactoryImpl
4089:             1             16  org.netbeans.core.multitabs.impl.ProjectSupport$DummyProjectSupport
4090:             1             16  org.netbeans.core.multitabs.prefs.SettingsImpl
4091:             1             16  org.netbeans.core.nativeaccess.NativeWindowSystemImpl
4092:             1             16  org.netbeans.core.network.proxy.NbProxySelector
4093:             1             16  org.netbeans.core.network.proxy.NbProxySelector$$Lambda/0x00007e0ca8318a18
4094:             1             16  org.netbeans.core.network.proxy.NbProxySelector$ProxySettingsListener
4095:             1             16  org.netbeans.core.network.proxy.fallback.FallbackNetworkProxy
4096:             1             16  org.netbeans.core.network.proxy.kde.KdeNetworkProxy
4097:             1             16  org.netbeans.core.startup.CLICoreBridge
4098:             1             16  org.netbeans.core.startup.CLIOptions
4099:             1             16  org.netbeans.core.startup.CLITestModuleReload
4100:             1             16  org.netbeans.core.startup.InstalledFileLocatorImpl
4101:             1             16  org.netbeans.core.startup.ModuleSystem$1
4102:             1             16  org.netbeans.core.startup.NbInstaller$Convertor
4103:             1             16  org.netbeans.core.startup.NbPlaces
4104:             1             16  org.netbeans.core.startup.NbResourceStreamHandler
4105:             1             16  org.netbeans.core.startup.TopLogging$LookupDel$$Lambda/0x00007e0ca8027220
4106:             1             16  org.netbeans.core.startup.WarmUpSupport
4107:             1             16  org.netbeans.core.startup.layers.ArchiveURLMapper
4108:             1             16  org.netbeans.core.startup.layers.LayerCacheManager$NonCacheManager
4109:             1             16  org.netbeans.core.startup.layers.NbinstURLMapper
4110:             1             16  org.netbeans.core.startup.logging.NbFormatter
4111:             1             16  org.netbeans.core.startup.logging.PrintStreamLogger$1
4112:             1             16  org.netbeans.core.startup.preferences.PreferencesProviderImpl
4113:             1             16  org.netbeans.core.ui.notifications.NotificationDisplayerImpl
4114:             1             16  org.netbeans.core.ui.notifications.StatusLineElement
4115:             1             16  org.netbeans.core.windows.EditorOnlyDisplayer$1
4116:             1             16  org.netbeans.core.windows.FloatingWindowTransparencyManager$1
4117:             1             16  org.netbeans.core.windows.FloatingWindowTransparencyManager$1$1
4118:             1             16  org.netbeans.core.windows.LazyLoader$1
4119:             1             16  org.netbeans.core.windows.WindowSystemImpl
4120:             1             16  org.netbeans.core.windows.actions.MaximizeWindowAction$1
4121:             1             16  org.netbeans.core.windows.actions.ToggleFullScreenAction$1
4122:             1             16  org.netbeans.core.windows.view.EditorView$EditorAreaComponent$1
4123:             1             16  org.netbeans.core.windows.view.SplitView$1
4124:             1             16  org.netbeans.core.windows.view.dnd.TopComponentDragSupport$1
4125:             1             16  org.netbeans.core.windows.view.ui.AutoHideStatusText$1
4126:             1             16  org.netbeans.core.windows.view.ui.AutoHidingMenuBar$1
4127:             1             16  org.netbeans.core.windows.view.ui.DefaultTabbedComponentFactory
4128:             1             16  org.netbeans.core.windows.view.ui.MainWindow$3
4129:             1             16  org.netbeans.core.windows.view.ui.MainWindow$9
4130:             1             16  org.netbeans.core.windows.view.ui.MainWindow$StatusLineElementsListener
4131:             1             16  org.netbeans.core.windows.view.ui.MultiSplitPane$MultiSplitLayout
4132:             1             16  org.netbeans.core.windows.view.ui.TabbedHandler$ActivationManager
4133:             1             16  org.netbeans.core.windows.view.ui.toolbars.ToolbarConfiguration$3
4134:             1             16  org.netbeans.core.windows.view.ui.toolbars.ToolbarConfiguration$4
4135:             1             16  org.netbeans.core.windows.view.ui.toolbars.ToolbarConvertor
4136:             1             16  org.netbeans.core.windows.view.ui.toolbars.ToolbarRow$ToolbarLayout
4137:             1             16  org.netbeans.modules.autoupdate.services.InstallManager
4138:             1             16  org.netbeans.modules.autoupdate.services.UpdateUnitProviderImpl$LookupListenerImpl
4139:             1             16  org.netbeans.modules.autoupdate.services.Utilities$1
4140:             1             16  org.netbeans.modules.autoupdate.ui.actions.AutoupdateCheckScheduler$5
4141:             1             16  org.netbeans.modules.autoupdate.ui.actions.AutoupdateCheckScheduler$6
4142:             1             16  org.netbeans.modules.autoupdate.ui.actions.AutoupdateCheckScheduler$7
4143:             1             16  org.netbeans.modules.autoupdate.updateprovider.AutoupdateCatalogCache
4144:             1             16  org.netbeans.modules.masterfs.Installer
4145:             1             16  org.netbeans.modules.masterfs.MasterURLMapper
4146:             1             16  org.netbeans.modules.masterfs.filebasedfs.FileBasedURLMapper
4147:             1             16  org.netbeans.modules.masterfs.providers.Notifier$1
4148:             1             16  org.netbeans.modules.masterfs.providers.ProvidedExtensions$1
4149:             1             16  org.netbeans.modules.masterfs.watcher.Watcher$1
4150:             1             16  org.netbeans.modules.masterfs.watcher.nio2.NioNotifier
4151:             1             16  org.netbeans.modules.openide.awt.DefaultAWTBridge
4152:             1             16  org.netbeans.modules.openide.filesystems.DefaultURLMapperProxy
4153:             1             16  org.netbeans.modules.openide.filesystems.FileSystemStatus
4154:             1             16  org.netbeans.modules.openide.loaders.AWTTask$EDT
4155:             1             16  org.netbeans.modules.openide.loaders.AWTTask$Processor
4156:             1             16  org.netbeans.modules.openide.loaders.FileEntityResolver
4157:             1             16  org.netbeans.modules.openide.nodes.NodesRegistrationSupport$BeanInfoRegistration
4158:             1             16  org.netbeans.modules.openide.util.NbMutexEventProvider
4159:             1             16  org.netbeans.modules.openide.util.NbMutexEventProvider$Event
4160:             1             16  org.netbeans.modules.progress.spi.Controller$1
4161:             1             16  org.netbeans.modules.progress.spi.SwingController$1
4162:             1             16  org.netbeans.modules.progress.spi.TaskModel$TaskListener
4163:             1             16  org.netbeans.modules.progress.spi.UIInternalHandle$1
4164:             1             16  org.netbeans.modules.progress.ui.ProgressUI
4165:             1             16  org.netbeans.modules.progress.ui.ProgressVisualizerProvider
4166:             1             16  org.netbeans.modules.progress.ui.ProviderImpl
4167:             1             16  org.netbeans.modules.progress.ui.StatusLineComponent$2
4168:             1             16  org.netbeans.modules.progress.ui.StatusLineComponent$HideAWTListener
4169:             1             16  org.netbeans.modules.progress.ui.StatusLineComponent$Listener
4170:             1             16  org.netbeans.modules.progress.ui.StatusLineComponent$MListener
4171:             1             16  org.netbeans.modules.sendopts.Handler
4172:             1             16  org.netbeans.modules.settings.Env
4173:             1             16  org.netbeans.modules.settings.InstanceProvider$NodeConvertor
4174:             1             16  org.netbeans.modules.settings.RecognizeInstanceObjects
4175:             1             16  org.netbeans.modules.settings.RecognizeInstanceObjects$MSL
4176:             1             16  org.netbeans.modules.settings.convertors.ModuleInfoManager$1
4177:             1             16  org.netbeans.modules.settings.convertors.SerialDataConvertor$Provider
4178:             1             16  org.netbeans.progress.module.TrivialProgressUIWorkerProvider
4179:             1             16  org.netbeans.spi.autoupdate.TrampolineSPI
4180:             1             16  org.netbeans.spi.autoupdate.UpdateLicense
4181:             1             16  org.netbeans.spi.sendopts.Option$1
4182:             1             16  org.netbeans.swing.laf.flatlaf.Installer$$Lambda/0x00007e0ca81824a8
4183:             1             16  org.netbeans.swing.plaf.Startup$CLValue
4184:             1             16  org.netbeans.swing.plaf.Startup$LFListener
4185:             1             16  org.netbeans.swing.plaf.metal.EditorToolbarBorder
4186:             1             16  org.netbeans.swing.plaf.metal.MetalScrollPaneBorder
4187:             1             16  org.netbeans.swing.tabcontrol.ComponentConverter$1
4188:             1             16  org.netbeans.swing.tabcontrol.TabData$1
4189:             1             16  org.netbeans.swing.tabcontrol.plaf.BasicScrollingTabDisplayerUI$ScrollingDisplayerComponentListener
4190:             1             16  org.netbeans.swing.tabcontrol.plaf.BasicScrollingTabDisplayerUI$WCLayout
4191:             1             16  org.netbeans.swing.tabcontrol.plaf.BasicTabDisplayerUI$BasicSelectionListener
4192:             1             16  org.netbeans.swing.tabcontrol.plaf.BusyTabsSupport$1
4193:             1             16  org.netbeans.swing.tabcontrol.plaf.MetalEditorTabCellRenderer$MetalLeftClippedTabPainter
4194:             1             16  org.netbeans.swing.tabcontrol.plaf.MetalEditorTabCellRenderer$MetalRightClippedTabPainter
4195:             1             16  org.netbeans.swing.tabcontrol.plaf.MetalEditorTabCellRenderer$MetalTabPainter
4196:             1             16  org.openide.awt.Mnemonics$1
4197:             1             16  org.openide.awt.Toolbar$1
4198:             1             16  org.openide.awt.ToolbarPool$PopupListener
4199:             1             16  org.openide.filesystems.FCLSupport$1
4200:             1             16  org.openide.filesystems.FileSystem$1
4201:             1             16  org.openide.filesystems.FileSystem$2
4202:             1             16  org.openide.filesystems.FileUtil$$Lambda/0x00007e0ca80125f0
4203:             1             16  org.openide.filesystems.FileUtil$$Lambda/0x00007e0ca8124d40
4204:             1             16  org.openide.filesystems.JarArchiveRootProvider
4205:             1             16  org.openide.filesystems.MIMESupport$CachedFileObject$1
4206:             1             16  org.openide.filesystems.MIMESupport$CachedFileObject$2
4207:             1             16  org.openide.filesystems.MemoryFileSystem$Mapper
4208:             1             16  org.openide.filesystems.MultiFileObject$1
4209:             1             16  org.openide.filesystems.Repository$1
4210:             1             16  org.openide.filesystems.Repository$2
4211:             1             16  org.openide.filesystems.Repository$4
4212:             1             16  org.openide.filesystems.URLMapper$1
4213:             1             16  org.openide.filesystems.URLMapper$DefaultURLMapper
4214:             1             16  org.openide.filesystems.XMLFileSystem$Impl
4215:             1             16  org.openide.loaders.DataFilterAll
4216:             1             16  org.openide.loaders.DataLoaderPool$EmptyDataLoaderRecognized
4217:             1             16  org.openide.loaders.DataObject$Registry
4218:             1             16  org.openide.loaders.DataObjectAccessorImpl
4219:             1             16  org.openide.loaders.DataObjectPool$FSListener
4220:             1             16  org.openide.loaders.MultiDataObject$EmptyRecognizer
4221:             1             16  org.openide.loaders.ShadowChangeAdapter
4222:             1             16  org.openide.loaders.XMLDataObject$ErrorPrinter
4223:             1             16  org.openide.loaders.XMLDataObjectInfoParser$EmptyEntityResolver
4224:             1             16  org.openide.modules.InstalledFileLocator$1
4225:             1             16  org.openide.modules.InstalledFileLocator$2
4226:             1             16  org.openide.nodes.CookieSet$C
4227:             1             16  org.openide.util.Lookup$Empty
4228:             1             16  org.openide.util.Lookup$Empty$1
4229:             1             16  org.openide.util.Mutex$1
4230:             1             16  org.openide.util.RequestProcessor$TopLevelThreadGroup
4231:             1             16  org.openide.util.SharedClassObject$1
4232:             1             16  org.openide.util.Union2$Union2First
4233:             1             16  org.openide.util.Union2$Union2Second
4234:             1             16  org.openide.util.lookup.ALPairComparator
4235:             1             16  org.openide.util.lookup.ProxyLookup$EmptyInternalData
4236:             1             16  org.openide.xml.EntityCatalog$Forwarder
4237:             1             16  org.openjdk.btrace.visualvm.impl.BTraceTaskDescriptorProvider
4238:             1             16  org.openjdk.btrace.visualvm.views.BTraceOutputOverview$Provider
4239:             1             16  org.openjdk.btrace.visualvm.views.BTraceTaskViewProvider
4240:             1             16  org.openjdk.nashorn.api.scripting.NashornScriptEngineFactory
4241:             1             16  org.openjdk.nashorn.internal.lookup.MethodHandleFactory$StandardMethodHandleFunctionality
4242:             1             16  org.openjdk.nashorn.internal.objects.annotations.SpecializedFunction$LinkLogic$Empty
4243:             1             16  org.openjdk.nashorn.internal.runtime.AccessControlContextFactory$$Lambda/0x00007e0ca8224900
4244:             1             16  org.openjdk.nashorn.internal.runtime.AccessControlContextFactory$$Lambda/0x00007e0ca8224b38
4245:             1             16  org.openjdk.nashorn.internal.runtime.NashornLoader$$Lambda/0x00007e0ca820e910
4246:             1             16  org.openjdk.nashorn.internal.runtime.Symbol
4247:             1             16  org.openjdk.nashorn.internal.runtime.UserAccessorProperty$$Lambda/0x00007e0ca82617d0
4248:             1             16  org.openjdk.nashorn.internal.runtime.linker.Bootstrap$$Lambda/0x00007e0ca821b9e0
4249:             1             16  org.openjdk.nashorn.internal.runtime.linker.Bootstrap$$Lambda/0x00007e0ca8227960
4250:             1             16  org.openjdk.nashorn.internal.runtime.linker.Bootstrap$$Lambda/0x00007e0ca8227b78
4251:             1             16  org.openjdk.nashorn.internal.runtime.linker.BoundCallableLinker
4252:             1             16  org.openjdk.nashorn.internal.runtime.linker.BrowserJSObjectLinker
4253:             1             16  org.openjdk.nashorn.internal.runtime.linker.JSObjectLinker
4254:             1             16  org.openjdk.nashorn.internal.runtime.linker.JavaSuperAdapterLinker
4255:             1             16  org.openjdk.nashorn.internal.runtime.linker.LinkerCallSite$$Lambda/0x00007e0ca82439f8
4256:             1             16  org.openjdk.nashorn.internal.runtime.linker.NashornBeansLinker
4257:             1             16  org.openjdk.nashorn.internal.runtime.linker.NashornBottomLinker
4258:             1             16  org.openjdk.nashorn.internal.runtime.linker.NashornCallSiteDescriptor$$Lambda/0x00007e0ca824c000
4259:             1             16  org.openjdk.nashorn.internal.runtime.linker.NashornCallSiteDescriptor$$Lambda/0x00007e0ca824c218
4260:             1             16  org.openjdk.nashorn.internal.runtime.linker.NashornLinker
4261:             1             16  org.openjdk.nashorn.internal.runtime.linker.NashornPrimitiveLinker
4262:             1             16  org.openjdk.nashorn.internal.runtime.linker.NashornStaticClassLinker
4263:             1             16  org.openjdk.nashorn.internal.runtime.linker.ReflectionCheckLinker
4264:             1             16  org.openjdk.nashorn.internal.runtime.logging.DebugLogger$1
4265:             1             16  sun.awt.AppContext$6 (java.desktop@21.0.3)
4266:             1             16  sun.awt.AppContext$GetAppContextLock (java.desktop@21.0.3)
4267:             1             16  sun.awt.DebugSettings (java.desktop@21.0.3)
4268:             1             16  sun.awt.NullComponentPeer (java.desktop@21.0.3)
4269:             1             16  sun.awt.PlatformGraphicsInfo$$Lambda/0x00007e0ca806aff8 (java.desktop@21.0.3)
4270:             1             16  sun.awt.PlatformGraphicsInfo$$Lambda/0x00007e0ca806c6f8 (java.desktop@21.0.3)
4271:             1             16  sun.awt.SunToolkit$ModalityListenerList (java.desktop@21.0.3)
4272:             1             16  sun.awt.UNIXToolkit$$Lambda/0x00007e0ca80a9308 (java.desktop@21.0.3)
4273:             1             16  sun.awt.UNIXToolkit$$Lambda/0x00007e0ca81e1728 (java.desktop@21.0.3)
4274:             1             16  sun.awt.UNIXToolkit$$Lambda/0x00007e0ca81e1940 (java.desktop@21.0.3)
4275:             1             16  sun.awt.X11.XClipboard$CheckChangeTimerTask (java.desktop@21.0.3)
4276:             1             16  sun.awt.X11.XClipboard$SelectionNotifyHandler (java.desktop@21.0.3)
4277:             1             16  sun.awt.X11.XDataTransferer (java.desktop@21.0.3)
4278:             1             16  sun.awt.X11.XDropTargetContextPeer$XDropTargetProtocolListenerImpl (java.desktop@21.0.3)
4279:             1             16  sun.awt.X11.XDropTargetEventProcessor (java.desktop@21.0.3)
4280:             1             16  sun.awt.X11.XErrorHandler$IgnoreBadWindowHandler (java.desktop@21.0.3)
4281:             1             16  sun.awt.X11.XErrorHandler$VerifyChangePropertyHandler (java.desktop@21.0.3)
4282:             1             16  sun.awt.X11.XFramePeer$$Lambda/0x00007e0ca83e85c0 (java.desktop@21.0.3)
4283:             1             16  sun.awt.X11.XInputMethodDescriptor (java.desktop@21.0.3)
4284:             1             16  sun.awt.X11.XMSelection$1 (java.desktop@21.0.3)
4285:             1             16  sun.awt.X11.XSelection$IncrementalTransferHandler (java.desktop@21.0.3)
4286:             1             16  sun.awt.X11.XSelection$SelectionEventHandler (java.desktop@21.0.3)
4287:             1             16  sun.awt.X11.XToolkit$$Lambda/0x00007e0ca80ab800 (java.desktop@21.0.3)
4288:             1             16  sun.awt.X11.XToolkit$$Lambda/0x00007e0ca80abe60 (java.desktop@21.0.3)
4289:             1             16  sun.awt.X11.XToolkit$$Lambda/0x00007e0ca80fb210 (java.desktop@21.0.3)
4290:             1             16  sun.awt.X11.XToolkit$1 (java.desktop@21.0.3)
4291:             1             16  sun.awt.X11.XToolkit$2 (java.desktop@21.0.3)
4292:             1             16  sun.awt.X11.XToolkit$3 (java.desktop@21.0.3)
4293:             1             16  sun.awt.X11.XWM$1 (java.desktop@21.0.3)
4294:             1             16  sun.awt.datatransfer.DesktopDatatransferServiceImpl (java.desktop@21.0.3)
4295:             1             16  sun.awt.geom.AreaOp$1 (java.desktop@21.0.3)
4296:             1             16  sun.awt.image.ImageWatched$Link (java.desktop@21.0.3)
4297:             1             16  sun.awt.image.PixelConverter (java.desktop@21.0.3)
4298:             1             16  sun.awt.image.PixelConverter$Argb (java.desktop@21.0.3)
4299:             1             16  sun.awt.image.PixelConverter$ArgbBm (java.desktop@21.0.3)
4300:             1             16  sun.awt.image.PixelConverter$ArgbPre (java.desktop@21.0.3)
4301:             1             16  sun.awt.image.PixelConverter$Bgrx (java.desktop@21.0.3)
4302:             1             16  sun.awt.image.PixelConverter$ByteGray (java.desktop@21.0.3)
4303:             1             16  sun.awt.image.PixelConverter$Rgba (java.desktop@21.0.3)
4304:             1             16  sun.awt.image.PixelConverter$RgbaPre (java.desktop@21.0.3)
4305:             1             16  sun.awt.image.PixelConverter$Rgbx (java.desktop@21.0.3)
4306:             1             16  sun.awt.image.PixelConverter$Ushort4444Argb (java.desktop@21.0.3)
4307:             1             16  sun.awt.image.PixelConverter$Ushort555Rgb (java.desktop@21.0.3)
4308:             1             16  sun.awt.image.PixelConverter$Ushort555Rgbx (java.desktop@21.0.3)
4309:             1             16  sun.awt.image.PixelConverter$Ushort565Rgb (java.desktop@21.0.3)
4310:             1             16  sun.awt.image.PixelConverter$UshortGray (java.desktop@21.0.3)
4311:             1             16  sun.awt.image.PixelConverter$Xbgr (java.desktop@21.0.3)
4312:             1             16  sun.awt.image.PixelConverter$Xrgb (java.desktop@21.0.3)
4313:             1             16  sun.datatransfer.DataFlavorUtil$CharsetComparator (java.datatransfer@21.0.3)
4314:             1             16  sun.datatransfer.DataFlavorUtil$DataFlavorComparator (java.datatransfer@21.0.3)
4315:             1             16  sun.datatransfer.DataFlavorUtil$IndexOrderComparator (java.datatransfer@21.0.3)
4316:             1             16  sun.font.FontConfigManager (java.desktop@21.0.3)
4317:             1             16  sun.font.SunFontManager$T1Filter (java.desktop@21.0.3)
4318:             1             16  sun.font.SunFontManager$TTFilter (java.desktop@21.0.3)
4319:             1             16  sun.java2d.Disposer (java.desktop@21.0.3)
4320:             1             16  sun.java2d.Disposer$$Lambda/0x00007e0ca80a8108 (java.desktop@21.0.3)
4321:             1             16  sun.java2d.StateTracker$1 (java.desktop@21.0.3)
4322:             1             16  sun.java2d.StateTracker$2 (java.desktop@21.0.3)
4323:             1             16  sun.java2d.SurfaceData$PixelToShapeLoopConverter (java.desktop@21.0.3)
4324:             1             16  sun.java2d.UnixSurfaceManagerFactory (java.desktop@21.0.3)
4325:             1             16  sun.java2d.loops.GraphicsPrimitiveMgr$1 (java.desktop@21.0.3)
4326:             1             16  sun.java2d.loops.GraphicsPrimitiveMgr$2 (java.desktop@21.0.3)
4327:             1             16  sun.java2d.loops.ProcessPath$1 (java.desktop@21.0.3)
4328:             1             16  sun.java2d.marlin.DMarlinRenderingEngine (java.desktop@21.0.3)
4329:             1             16  sun.java2d.marlin.RendererContext$PathConsumer2DAdapter (java.desktop@21.0.3)
4330:             1             16  sun.java2d.marlin.TransformingPathConsumer2D$Path2DWrapper (java.desktop@21.0.3)
4331:             1             16  sun.java2d.pipe.AATextRenderer (java.desktop@21.0.3)
4332:             1             16  sun.java2d.pipe.AlphaColorPipe (java.desktop@21.0.3)
4333:             1             16  sun.java2d.pipe.AlphaPaintPipe (java.desktop@21.0.3)
4334:             1             16  sun.java2d.pipe.DrawImage (java.desktop@21.0.3)
4335:             1             16  sun.java2d.pipe.GeneralCompositePipe (java.desktop@21.0.3)
4336:             1             16  sun.java2d.pipe.LCDTextRenderer (java.desktop@21.0.3)
4337:             1             16  sun.java2d.pipe.LoopPipe (java.desktop@21.0.3)
4338:             1             16  sun.java2d.pipe.NullPipe (java.desktop@21.0.3)
4339:             1             16  sun.java2d.pipe.OutlineTextRenderer (java.desktop@21.0.3)
4340:             1             16  sun.java2d.pipe.SolidTextRenderer (java.desktop@21.0.3)
4341:             1             16  sun.java2d.pipe.ValidatePipe (java.desktop@21.0.3)
4342:             1             16  sun.java2d.x11.X11SurfaceData$LazyPipe (java.desktop@21.0.3)
4343:             1             16  sun.java2d.xr.XRBackendNative (java.desktop@21.0.3)
4344:             1             16  sun.java2d.xr.XRPaints$XRGradient (java.desktop@21.0.3)
4345:             1             16  sun.java2d.xr.XRPaints$XRLinearGradient (java.desktop@21.0.3)
4346:             1             16  sun.java2d.xr.XRPaints$XRRadialGradient (java.desktop@21.0.3)
4347:             1             16  sun.java2d.xr.XRPaints$XRTexture (java.desktop@21.0.3)
4348:             1             16  sun.jvmstat.perfdata.monitor.protocol.file.MonitoredHostFileService (jdk.internal.jvmstat@21.0.3)
4349:             1             16  sun.jvmstat.perfdata.monitor.protocol.local.MonitoredHostLocalService (jdk.internal.jvmstat@21.0.3)
4350:             1             16  sun.jvmstat.perfdata.monitor.protocol.rmi.MonitoredHostRmiService (jdk.jstatd@21.0.3)
4351:             1             16  sun.management.ClassLoadingImpl (java.management@21.0.3)
4352:             1             16  sun.management.ManagementFactoryHelper$$Lambda/0x00007e0ca84f01a0 (java.management@21.0.3)
4353:             1             16  sun.management.ThreadImpl$$Lambda/0x00007e0ca874f270 (java.management@21.0.3)
4354:             1             16  sun.management.ThreadInfoCompositeData$ThreadInfoCompositeTypes$$Lambda/0x00007e0ca8755220 (java.management@21.0.3)
4355:             1             16  sun.management.ThreadInfoCompositeData$ThreadInfoCompositeTypes$$Lambda/0x00007e0ca8755458 (java.management@21.0.3)
4356:             1             16  sun.net.spi.DefaultProxySelector (java.base@21.0.3)
4357:             1             16  sun.net.www.protocol.jar.JarFileFactory (java.base@21.0.3)
4358:             1             16  sun.net.www.protocol.jrt.Handler (java.base@21.0.3)
4359:             1             16  sun.net.www.protocol.jrt.JavaRuntimeURLConnection$$Lambda/0x00007e0ca83c5aa8 (java.base@21.0.3)
4360:             1             16  sun.nio.ch.FileChannelImpl$2 (java.base@21.0.3)
4361:             1             16  sun.nio.ch.FileChannelImpl$3 (java.base@21.0.3)
4362:             1             16  sun.nio.ch.FileDispatcherImpl (java.base@21.0.3)
4363:             1             16  sun.nio.ch.Net$1 (java.base@21.0.3)
4364:             1             16  sun.nio.ch.NioSocketImpl$$Lambda/0x00007e0ca8061c40 (java.base@21.0.3)
4365:             1             16  sun.nio.ch.Util$1 (java.base@21.0.3)
4366:             1             16  sun.nio.fs.LinuxFileSystemProvider (java.base@21.0.3)
4367:             1             16  sun.nio.fs.NativeBuffers$1 (java.base@21.0.3)
4368:             1             16  sun.reflect.generics.tree.BottomSignature (java.base@21.0.3)
4369:             1             16  sun.reflect.generics.tree.LongSignature (java.base@21.0.3)
4370:             1             16  sun.reflect.generics.tree.TypeVariableSignature (java.base@21.0.3)
4371:             1             16  sun.reflect.generics.tree.VoidDescriptor (java.base@21.0.3)
4372:             1             16  sun.rmi.runtime.Log$$Lambda/0x00007e0ca8560800 (java.rmi@21.0.3)
4373:             1             16  sun.rmi.runtime.Log$LoggerLogFactory (java.rmi@21.0.3)
4374:             1             16  sun.rmi.runtime.RuntimeUtil (java.rmi@21.0.3)
4375:             1             16  sun.rmi.runtime.RuntimeUtil$$Lambda/0x00007e0ca85692f0 (java.rmi@21.0.3)
4376:             1             16  sun.rmi.runtime.RuntimeUtil$1 (java.rmi@21.0.3)
4377:             1             16  sun.rmi.server.UnicastRef (java.rmi@21.0.3)
4378:             1             16  sun.rmi.server.UnicastRef$$Lambda/0x00007e0ca8561748 (java.rmi@21.0.3)
4379:             1             16  sun.rmi.server.Util$$Lambda/0x00007e0ca8560000 (java.rmi@21.0.3)
4380:             1             16  sun.rmi.server.Util$$Lambda/0x00007e0ca8561530 (java.rmi@21.0.3)
4381:             1             16  sun.rmi.transport.DGCClient$$Lambda/0x00007e0ca8565198 (java.rmi@21.0.3)
4382:             1             16  sun.rmi.transport.DGCClient$$Lambda/0x00007e0ca85653b0 (java.rmi@21.0.3)
4383:             1             16  sun.rmi.transport.DGCClient$$Lambda/0x00007e0ca85655c8 (java.rmi@21.0.3)
4384:             1             16  sun.rmi.transport.DGCClient$EndpointEntry$RenewCleanThread (java.rmi@21.0.3)
4385:             1             16  sun.rmi.transport.DGCImpl_Stub (java.rmi@21.0.3)
4386:             1             16  sun.rmi.transport.GC$LatencyLock (java.rmi@21.0.3)
4387:             1             16  sun.rmi.transport.Transport$$Lambda/0x00007e0ca8562900 (java.rmi@21.0.3)
4388:             1             16  sun.rmi.transport.tcp.TCPChannel$$Lambda/0x00007e0ca8568878 (java.rmi@21.0.3)
4389:             1             16  sun.rmi.transport.tcp.TCPChannel$$Lambda/0x00007e0ca8568a90 (java.rmi@21.0.3)
4390:             1             16  sun.rmi.transport.tcp.TCPChannel$$Lambda/0x00007e0ca8568ca8 (java.rmi@21.0.3)
4391:             1             16  sun.rmi.transport.tcp.TCPDirectSocketFactory (java.rmi@21.0.3)
4392:             1             16  sun.rmi.transport.tcp.TCPEndpoint$$Lambda/0x00007e0ca8562048 (java.rmi@21.0.3)
4393:             1             16  sun.rmi.transport.tcp.TCPTransport$$Lambda/0x00007e0ca8563178 (java.rmi@21.0.3)
4394:             1             16  sun.rmi.transport.tcp.TCPTransport$$Lambda/0x00007e0ca8563390 (java.rmi@21.0.3)
4395:             1             16  sun.rmi.transport.tcp.TCPTransport$$Lambda/0x00007e0ca85635a8 (java.rmi@21.0.3)
4396:             1             16  sun.rmi.transport.tcp.TCPTransport$$Lambda/0x00007e0ca8564058 (java.rmi@21.0.3)
4397:             1             16  sun.rmi.transport.tcp.TCPTransport$1 (java.rmi@21.0.3)
4398:             1             16  sun.security.provider.NativePRNG (java.base@21.0.3)
4399:             1             16  sun.tools.attach.AttachProviderImpl (jdk.attach@21.0.3)
4400:             1             16  sun.tools.attach.HotSpotVirtualMachine$$Lambda/0x00007e0ca84973a0 (jdk.attach@21.0.3)
4401:             1             16  sun.util.calendar.Gregorian (java.base@21.0.3)
4402:             1             16  sun.util.cldr.CLDRBaseLocaleDataMetaInfo (java.base@21.0.3)
4403:             1             16  sun.util.cldr.CLDRLocaleProviderAdapter$$Lambda/0x800000064 (java.base@21.0.3)
4404:             1             16  sun.util.cldr.CLDRLocaleProviderAdapter$$Lambda/0x800000066 (java.base@21.0.3)
4405:             1             16  sun.util.locale.InternalLocaleBuilder$CaseInsensitiveChar (java.base@21.0.3)
4406:             1             16  sun.util.locale.provider.CalendarDataUtility$CalendarWeekParameterGetter (java.base@21.0.3)
4407:             1             16  sun.util.locale.provider.LocaleProviderAdapter$$Lambda/0x80000006d (java.base@21.0.3)
4408:             1             16  sun.util.locale.provider.LocaleProviderAdapter$$Lambda/0x80000006e (java.base@21.0.3)
4409:             1             16  sun.util.locale.provider.TimeZoneNameUtility$TimeZoneNameGetter (java.base@21.0.3)
4410:             1             16  sun.util.logging.internal.LoggingProviderImpl (java.logging@21.0.3)
4411:             1             16  sun.util.resources.LocaleData$LocaleDataStrategy (java.base@21.0.3)
4412:             1             16  sun.util.resources.cldr.provider.CLDRLocaleDataMetaInfo (jdk.localedata@21.0.3)
Total        527538       30965080
